desktop camera
desktop: camera diagnostic requested
nsh> [K
desktop ui audit
UI_LAYOUT_BEGIN
[{"id":1,"parent":0,"type":"container","x":0,"y":0,"w":1024,"h":600,"scroll":false,"text":""},
{"id":2,"parent":1,"type":"button","x":13,"y":11,"w":52,"h":42,"scroll":false,"text":""},
{"id":3,"parent":2,"type":"label","x":32,"y":19,"w":15,"h":27,"scroll":true,"text":""},
{"id":4,"parent":1,"type":"label","x":79,"y":16,"w":56,"h":39,"scroll":true,"text":"相机"},
{"id":5,"parent":1,"type":"container","x":1,"y":63,"w":1022,"h":536,"scroll":false,"text":""},
{"id":6,"parent":5,"type":"label","x":256,"y":379,"w":176,"h":22,"scroll":true,"text":"摄像头启动失败，请重试"},
{"id":7,"parent":5,"type":"button","x":256,"y":413,"w":140,"h":44,"scroll":false,"text":""},
{"id":8,"parent":7,"type":"label","x":276,"y":421,"w":100,"h":28,"scroll":true,"text":"取景 / 重试"},
{"id":9,"parent":5,"type":"button","x":408,"y":413,"w":100,"h":44,"scroll":false,"text":""},
{"id":10,"parent":9,"type":"label","x":428,"y":421,"w":60,"h":28,"scroll":true,"text":"拍照"},
{"id":11,"parent":5,"type":"button","x":516,"y":413,"w":100,"h":44,"scroll":false,"text":""},
{"id":12,"parent":11,"type":"label","x":536,"y":421,"w":60,"h":28,"scroll":true,"text":"退出"},
{"id":13,"parent":5,"type":"button","x":628,"y":413,"w":140,"h":44,"scroll":false,"text":""},
{"id":14,"parent":13,"type":"label","x":648,"y":421,"w":100,"h":28,"scroll":true,"text":"切换摄像头"}
]
UI_LAYOUT_END
nsh> 