desktop ui chat-input
[ime] Google Pinyin dictionary=1068442 loaded=1
desktop: ui chat-input ready
nsh> 
desktop ui audit
UI_LAYOUT_BEGIN
[{"id":1,"parent":0,"type":"container","x":0,"y":0,"w":1024,"h":600,"scroll":false,"text":""},
{"id":2,"parent":1,"type":"container","x":0,"y":0,"w":220,"h":600,"scroll":false,"text":""},
{"id":3,"parent":2,"type":"label","x":24,"y":34,"w":180,"h":39,"scroll":true,"text":"ESPClaw"},
{"id":4,"parent":2,"type":"label","x":24,"y":82,"w":180,"h":22,"scroll":true,"text":"随时聊聊，随手解决"},
{"id":5,"parent":2,"type":"container","x":20,"y":142,"w":180,"h":48,"scroll":false,"text":""},
{"id":6,"parent":5,"type":"label","x":30,"y":155,"w":160,"h":22,"scroll":true,"text":"新对话"},
{"id":7,"parent":2,"type":"label","x":26,"y":232,"w":172,"h":22,"scroll":true,"text":"当前对话"},
{"id":8,"parent":2,"type":"label","x":26,"y":269,"w":172,"h":28,"scroll":true,"text":"0 轮交流"},
{"id":9,"parent":2,"type":"label","x":26,"y":434,"w":170,"h":50,"scroll":true,"text":"最近 6 轮对话\u000a自动保存在设备"},
{"id":10,"parent":2,"type":"container","x":20,"y":528,"w":180,"h":48,"scroll":false,"text":""},
{"id":11,"parent":10,"type":"label","x":30,"y":541,"w":160,"h":22,"scroll":true,"text":"返回桌面"},
{"id":12,"parent":1,"type":"label","x":250,"y":24,"w":150,"h":39,"scroll":true,"text":"对话"},
{"id":13,"parent":1,"type":"label","x":402,"y":34,"w":420,"h":22,"scroll":true,"text":"需要配置 AI 服务"},
{"id":14,"parent":1,"type":"label","x":250,"y":71,"w":706,"h":22,"scroll":true,"text":"选择你的 AI 服务，开始第一段对话"},
{"id":15,"parent":1,"type":"container","x":874,"y":22,"w":124,"h":42,"scroll":false,"text":""},
{"id":16,"parent":15,"type":"label","x":884,"y":32,"w":104,"h":22,"scroll":true,"text":"AI 设置"},
{"id":17,"parent":1,"type":"container","x":246,"y":103,"w":752,"h":1,"scroll":false,"text":""},
{"id":18,"parent":1,"type":"container","x":242,"y":115,"w":764,"h":382,"scroll":true,"text":""},
{"id":19,"parent":18,"type":"container","x":250,"y":133,"w":56,"h":56,"scroll":false,"text":""},
{"id":20,"parent":19,"type":"label","x":266,"y":149,"w":24,"h":27,"scroll":true,"text":""},
{"id":21,"parent":18,"type":"label","x":250,"y":209,"w":700,"h":39,"scroll":true,"text":"有什么想聊的？"},
{"id":22,"parent":18,"type":"label","x":250,"y":259,"w":700,"h":28,"scroll":true,"text":"先连接你的 AI 服务，让灵感从这里开始。"},
{"id":23,"parent":18,"type":"container","x":250,"y":317,"w":178,"h":48,"scroll":false,"text":""},
{"id":24,"parent":23,"type":"label","x":260,"y":330,"w":158,"h":22,"scroll":true,"text":"扫码配置 AI"},
{"id":25,"parent":18,"type":"container","x":250,"y":395,"w":232,"h":70,"scroll":false,"text":""},
{"id":26,"parent":25,"type":"label","x":260,"y":419,"w":212,"h":22,"scroll":true,"text":"安排一天"},
{"id":27,"parent":18,"type":"container","x":496,"y":395,"w":232,"h":70,"scroll":false,"text":""},
{"id":28,"parent":27,"type":"label","x":506,"y":419,"w":212,"h":22,"scroll":true,"text":"解释一个概念"},
{"id":29,"parent":18,"type":"container","x":742,"y":395,"w":232,"h":70,"scroll":false,"text":""},
{"id":30,"parent":29,"type":"label","x":752,"y":419,"w":212,"h":22,"scroll":true,"text":"写一段文字"},
{"id":31,"parent":1,"type":"container","x":250,"y":514,"w":614,"h":58,"scroll":false,"text":""},
{"id":32,"parent":31,"type":"label","x":270,"y":532,"w":574,"h":28,"scroll":true,"text":"聊点什么…"},
{"id":33,"parent":1,"type":"container","x":880,"y":514,"w":118,"h":58,"scroll":false,"text":""},
{"id":34,"parent":33,"type":"label","x":890,"y":532,"w":98,"h":22,"scroll":true,"text":"去配置"},
{"id":35,"parent":1,"type":"label","x":252,"y":580,"w":746,"h":22,"scroll":true,"text":"轻点输入框开始 · 支持中文、英文与换行"},
{"id":36,"parent":1,"type":"container","x":220,"y":0,"w":804,"h":600,"scroll":false,"text":""},
{"id":37,"parent":36,"type":"label","x":246,"y":28,"w":430,"h":39,"scroll":true,"text":"写下你的想法"},
{"id":38,"parent":36,"type":"container","x":792,"y":23,"w":88,"h":46,"scroll":false,"text":""},
{"id":39,"parent":38,"type":"label","x":802,"y":35,"w":68,"h":22,"scroll":true,"text":"收起"},
{"id":40,"parent":36,"type":"container","x":894,"y":23,"w":102,"h":46,"scroll":false,"text":""},
{"id":41,"parent":40,"type":"label","x":904,"y":35,"w":82,"h":22,"scroll":true,"text":"发送"},
{"id":42,"parent":36,"type":"input","x":246,"y":92,"w":752,"h":148,"scroll":true,"text":"输入问题，也可以换行补充细节"},
{"id":43,"parent":36,"type":"label","x":248,"y":254,"w":556,"h":22,"scroll":true,"text":"中文 / English · 连续拼音选词 · 空格确认"},
{"id":44,"parent":36,"type":"label","x":808,"y":254,"w":190,"h":22,"scroll":true,"text":"0 / 512"}
]
UI_LAYOUT_END
nsh> 