
[CASE console]

nsh> [K
[CASE console_after_jtag]
uname -a
NuttX  0.0.0 dd92bcf4-dirty Sep 14 2026 14:25:58 risc-v esp32p4-function-ev-board
nsh> [K
[CASE storage_after_jtag]
ls -l /data/qpk
/data/qpk:
 drwsrwsrwx           0 .data/
nsh> [K
[CASE final_address]
ifconfig
eth0	Link encap:Ethernet HWaddr 10:bd:a3:89:58:74 at RUNNING mtu 1500
	inet addr:192.168.0.105 DRaddr:192.168.0.1 Mask:255.255.255.0

nsh> [K
[CASE final_tasks]
ps
  PID GROUP CPU(AFFINITY)   PRI POLICY   TYPE    NPX STATE    EVENT     SIGMASK            STACK    CPU COMMAND
    0     0 000(0x00000003)   0 FIFO     Kthread   - Assigned           0000000000000000 0002016 20.0% CPU0 IDLE
    1     0 001(0x00000003)   0 FIFO     Kthread   - Running            0000000000000000 0002016 50.0% CPU1 IDLE
    2     0 ---(0x00000003) 224 RR       Kthread   - Waiting  Semaphore 0000000000000000 0001968  0.0% hpwork 0x4ff4b240 0x4ff4b28c
    3     0 ---(0x00000003) 100 RR       Kthread   - Waiting  Semaphore 0000000000000000 0001968  0.0% lpwork 0x4ff4b1c0 0x4ff4b20c
    5     5 ---(0x00000003) 100 RR       Task      - Waiting  Signal    0000000000000000 0032712 10.0% desktop
    6     6 000(0x00000003) 100 RR       Task      - Running            0000000000000000 0004048  0.7% nsh
   10    10 ---(0x00000003) 100 RR       Task      - Waiting  Signal    0000000000000000 0004048 19.3% c6net
nsh> 