
[CASE console]

nsh> [K
[CASE mounts]
mount
  /data type smartfs
  /proc type procfs
  /tmp type tmpfs
nsh> [K
[CASE space]
df -h
  Filesystem      Size      Used  Available Mounted on
  smartfs           4M       26K      4070K /data
  procfs            0B        0B         0B /proc
  tmpfs           512B      512B         0B /tmp
nsh> [K
[CASE data_root]
ls -l /data
/data:
 drwsrwsrwx           0 qpk/
 -rwSrwSrw-          16 glass-settings-0.bin
 -rwSrwSrw-          16 glass-settings-1.bin
nsh> [K
[CASE qpk_root]
ls -l /data/qpk
/data/qpk:
 drwsrwsrwx           0 .data/
nsh> [K
[CASE app_storage]
ls -l /data/qpk/.data
/data/qpk/.data:
 drwsrwsrwx           0 com.example.weather/
 drwsrwsrwx           0 com.example.game2048/
 drwsrwsrwx           0 com.elpatrixf.ouo/
 drwsrwsrwx           0 com.example.hello/
 -rwSrwSrw-           2 6f756f_emotion.txt
nsh> [K
[CASE tasks]
ps
  PID GROUP CPU(AFFINITY)   PRI POLICY   TYPE    NPX STATE    EVENT     SIGMASK            STACK    CPU COMMAND
    0     0 000(0x00000003)   0 FIFO     Kthread   - Assigned           0000000000000000 0002016 39.5% CPU0 IDLE
    1     0 001(0x00000003)   0 FIFO     Kthread   - Running            0000000000000000 0002016 50.2% CPU1 IDLE
    2     0 ---(0x00000003) 224 RR       Kthread   - Waiting  Semaphore 0000000000000000 0001968  0.0% hpwork 0x4ff4b240 0x4ff4b28c
    3     0 ---(0x00000003) 100 RR       Kthread   - Waiting  Semaphore 0000000000000000 0001968  0.0% lpwork 0x4ff4b1c0 0x4ff4b20c
    5     5 ---(0x00000003) 100 RR       Task      - Waiting  Signal    0000000000000000 0032712  9.9% desktop
    6     6 000(0x00000003) 100 RR       Task      - Running            0000000000000000 0004048  0.0% nsh
nsh> 