
[CASE console]

nsh> [K
[CASE build_version]
uname -a
NuttX  0.0.0 dd92bcf4-dirty Sep 14 2026 13:04:19 risc-v esp32p4-function-ev-board
nsh> [K
[CASE startup_tasks]
ps
  PID GROUP CPU(AFFINITY)   PRI POLICY   TYPE    NPX STATE    EVENT     SIGMASK            STACK    CPU COMMAND
    0     0 000(0x00000003)   0 FIFO     Kthread   - Assigned           0000000000000000 0002016 39.6% CPU0 IDLE
    1     0 001(0x00000003)   0 FIFO     Kthread   - Running            0000000000000000 0002016 50.0% CPU1 IDLE
    2     0 ---(0x00000003) 224 RR       Kthread   - Waiting  Semaphore 0000000000000000 0001968  0.0% hpwork 0x4ff4b240 0x4ff4b28c
    3     0 ---(0x00000003) 100 RR       Kthread   - Waiting  Semaphore 0000000000000000 0001968  0.0% lpwork 0x4ff4b1c0 0x4ff4b20c
    5     5 ---(0x00000003) 100 RR       Task      - Waiting  Signal    0000000000000000 0032712  9.8% desktop
    6     6 000(0x00000003) 100 RR       Task      - Running            0000000000000000 0004048  0.3% nsh
    7     5 ---(0x00000003) 100 RR       pthread   - Waiting  Semaphore 0000000000000000 0008152  0.0% desktop 0x4003cdfa 0x4ff54fa4
nsh> 
[CASE startup_heap]
[Kfree
      total       used       free    maxused    maxfree  nused  nfree name
   33554432    3826352   29728080    3831984   29724992   1675     16 Umem
     359688      19936     339752      21328     338752     91      3 Kmem
nsh> [K
[CASE interfaces_before_c6]
ifconfig
nsh> [K
[CASE devices]
ls /dev
/dev:
 audio/
 console
 fb0
 input0
 null
 random
 smart0
 ttyACM0
 zero
nsh> [K
[CASE data_preserved]
ls /data
/data:
 qpk/
nsh> [K
[CASE c6_transport]
c6probe
c6: reset C6 on GPIO54
c6: SDIO enumerated, Function 1 ready, 4-bit/20MHz
c6: ESP-Hosted data path open
c6probe: C6 chip_id=13 capability=0d rx_q=20 tx_q=0
c6probe: C6 supports WLAN over SDIO
c6probe: C6 supports BT (HCI) over SDIO
c6probe: C6 is BLE-only (no BR/EDR)
c6probe: OK ESP-Hosted transport is up
nsh> 
[CASE saved_wifi_connect]
[Kc6probe net
rpc: WifiInit tx pb=50 tlv=62
rpc: WifiInit pb bytes: 08 01 10 96 02 18 01 b2 11 28 0a 26 08 0a 10 20 18 01 28 20 40 01 48 01 58 01 68 06 78 f0 05 80 01 20 98 01 07 a0 01 cf fe bc f9 01 a8 01 01 b0 01 05
rpc: WifiInit resp=0
rpc: SetMode tx pb=12 tlv=24
rpc: SetMode pb bytes: 08 01 10 84 02 18 02 a2 10 02 08 01
rpc: SetMode(1) resp=0
rpc: WifiStart tx pb=10 tlv=22
rpc: WifiStart pb bytes: 08 01 10 98 02 18 03 c2 11 00
rpc: WifiStart resp=0
rpc: GetMacAddress tx pb=10 tlv=22
rpc: GetMacAddress pb bytes: 08 01 10 81 02 18 04 8a 10 00
rpc: EVENT msg_id=773
rpc: EVENT msg_id=773
rpc: skipping SetConfig, using slave's stored config
rpc: WifiConnect tx pb=10 tlv=22
rpc: WifiConnect pb bytes: 08 01 10 9a 02 18 05 d2 11 00
rpc: WifiConnect resp=0
c6probe: network init ret=0
nsh> 
[CASE association_observation]
[Ksleep 10
rpc: EVENT msg_id=773
rpc: EVENT msg_id=775
rpc: EVENT StaConnected
rpc: WifiScanStart tx pb=12 tlv=24
rpc: WifiScanStart pb bytes: 08 01 10 9e 02 18 06 f2 11 02 10 01
rpc: WifiScanStart resp=0
rpc: ScanGetApNum tx pb=10 tlv=22
rpc: ScanGetApNum pb bytes: 08 01 10 a0 02 18 07 82 12 00
rpc: EVENT msg_id=774
rpc: ScanGetApNum resp=0 number=12
rpc: ScanGetApRecords tx pb=12 tlv=24
rpc: ScanGetApRecords pb bytes: 08 01 10 a1 02 18 08 8a 12 02 08 0a
nsh> 
[CASE interfaces_after_c6]
[Kifconfig
eth0	Link encap:Ethernet HWaddr 10:bd:a3:89:58:74 at RUNNING mtu 1500
	inet addr:0.0.0.0 DRaddr:0.0.0.0 Mask:0.0.0.0

nsh> [K
[CASE dhcp]
c6probe dhcp eth0
c6probe: DHCP ret=0
nsh> 
[CASE dhcp_exit]
[Kecho $?
0
nsh> [K
[CASE assigned_address]
ifconfig
eth0	Link encap:Ethernet HWaddr 10:bd:a3:89:58:74 at RUNNING mtu 1500
	inet addr:192.168.0.105 DRaddr:192.168.0.1 Mask:255.255.255.0

nsh> [K
[CASE tasks_after_network]
ps
  PID GROUP CPU(AFFINITY)   PRI POLICY   TYPE    NPX STATE    EVENT     SIGMASK            STACK    CPU COMMAND
    0     0 000(0x00000003)   0 FIFO     Kthread   - Assigned           0000000000000000 0002016 16.3% CPU0 IDLE
    1     0 001(0x00000003)   0 FIFO     Kthread   - Running            0000000000000000 0002016 50.5% CPU1 IDLE
    2     0 ---(0x00000003) 224 RR       Kthread   - Waiting  Semaphore 0000000000000000 0001968  0.0% hpwork 0x4ff4b240 0x4ff4b28c
    3     0 ---(0x00000003) 100 RR       Kthread   - Waiting  Semaphore 0000000000000000 0001968  0.0% lpwork 0x4ff4b1c0 0x4ff4b20c
    5     5 ---(0x00000003) 100 RR       Task      - Waiting  Signal    0000000000000000 0032712 13.6% desktop
    6     6 000(0x00000003) 100 RR       Task      - Running            0000000000000000 0004048  0.3% nsh
    7     5 ---(0x00000003) 100 RR       pthread   - Waiting  Semaphore 0000000000000000 0008152  2.7% desktop 0x4003cdfa 0x4ff54fa4
   10    10 ---(0x00000003) 100 RR       Task      - Waiting  Signal    0000000000000000 0004040 17.1% c6net
nsh> 
[CASE heap_after_network]
[Kfree
      total       used       free    maxused    maxfree  nused  nfree name
   33554432    3837376   29717056    3843344   29714616   1892     22 Umem
     359688      20464     339224      21328     338752     95      3 Kmem
nsh> [K