
[CASE console]

nsh> [K
[CASE commands]
help
help usage:  help [-v] [<cmd>]

    .            cmp          fdinfo       mkdir        rm           umount       
    [            dirname      free         mkrd         rmdir        unset        
    ?            dd           memdump      mksmartfs    set          uptime       
    alias        df           help         mount        sleep        usleep       
    unalias      dmesg        hexdump      mv           source       watch        
    arp          echo         ifconfig     nslookup     test         wget         
    basename     env          ifdown       pidof        top          xd           
    break        exec         ifup         printf       time         wait         
    cat          exit         kill         ps           true         
    cd           expr         pkill        pwd          truncate     
    cp           false        ls           reboot       uname        

Builtin Apps:
    c6ble        desktop      espclaw      nsh          sh           
    c6probe      dumpstack    ha_panel     nxcamera     
nsh> [K
[CASE version]
uname -a
NuttX  0.0.0 dd92bcf4-dirty Sep 14 2026 11:16:46 risc-v esp32p4-function-ev-board
nsh> [K
[CASE uptime]
cat /proc/uptime
    589.79
nsh> [K
[CASE memory]
free
      total       used       free    maxused    maxfree  nused  nfree name
   33554432    3796104   29758328    3803992   29757496   1309      4 Umem
     355912      38416     317496      40048     315784    128     12 Kmem
nsh> [K
[CASE tasks]
ps
  PID GROUP CPU(AFFINITY)   PRI POLICY   TYPE    NPX STATE    EVENT     SIGMASK            STACK    CPU COMMAND
    0     0 000(0x00000003)   0 FIFO     Kthread   - Assigned           0000000000000000 0002016 39.3% CPU0 IDLE
    1     0 001(0x00000003)   0 FIFO     Kthread   - Running            0000000000000000 0002016 50.0% CPU1 IDLE
    2     0 ---(0x00000003) 224 RR       Kthread   - Waiting  Semaphore 0000000000000000 0001968  0.0% hpwork 0x4ff4b840 0x4ff4b88c
    3     0 ---(0x00000003) 100 RR       Kthread   - Waiting  Semaphore 0000000000000000 0001968  0.0% lpwork 0x4ff4b7c0 0x4ff4b80c
    5     0 ---(0x00000003) 252 RR       Kthread   - Waiting  Semaphore 0000000000000000 0004016  0.0% esp_timer 0x4ff6dcc0
    6     0 ---(0x00000003)  15 RR       Kthread   - Waiting  Semaphore 0000000000000000 0004024  0.0% emac_rx 0x4ff6eef0
    7     7 ---(0x00000003) 100 RR       Task      - Waiting  Signal    0000000000000000 0032712  9.8% desktop
    8     8 000(0x00000003) 100 RR       Task      - Running            0000000000000000 0004048  1.1% nsh
nsh> [K
[CASE devices]
ls /dev
/dev:
 audio/
 console
 fb0
 input0
 null
 random
 smart0
 ttyACM0
 zero
nsh> [K
[CASE audio_devices]
ls /dev/audio
/dev/audio:
 pcm_in0
nsh> [K
[CASE mounts]
mount
  /data type smartfs
  /proc type procfs
  /tmp type tmpfs
nsh> [K
[CASE data]
ls /data
/data:
 qpk/
nsh> [K
[CASE packages]
ls /data/qpk
/data/qpk:
 .data/
nsh> [K
[CASE interfaces]
ifconfig
eth0	Link encap:Ethernet HWaddr e8:f6:0a:e3:a9:5f at UP mtu 1500
	inet addr:0.0.0.0 DRaddr:10.0.0.1 Mask:255.255.255.0

nsh> [K