
[CASE console]

nsh> [K
[CASE wifi_init_scan]
c6probe wifi
rpc: WifiInit tx pb=50 tlv=62
rpc: WifiInit pb bytes: 08 01 10 96 02 18 02 b2 11 28 0a 26 08 0a 10 20 18 01 28 20 40 01 48 01 58 01 68 06 78 f0 05 80 01 20 98 01 07 a0 01 cf fe bc f9 01 a8 01 01 b0 01 05
rpc: WifiInit resp=0
rpc: SetMode tx pb=12 tlv=24
rpc: SetMode pb bytes: 08 01 10 84 02 18 03 a2 10 02 08 01
rpc: SetMode(1) resp=0
rpc: WifiStart tx pb=10 tlv=22
rpc: WifiStart pb bytes: 08 01 10 98 02 18 04 c2 11 00
rpc: WifiStart resp=0
rpc: GetMacAddress tx pb=10 tlv=22
rpc: GetMacAddress pb bytes: 08 01 10 81 02 18 05 8a 10 00
rpc: EVENT msg_id=773
rpc: EVENT msg_id=773
c6probe: STA MAC 10:bd:a3:89:58:74
rpc: WifiScanStart tx pb=12 tlv=24
rpc: WifiScanStart pb bytes: 08 01 10 9e 02 18 06 f2 11 02 10 01
rpc: WifiScanStart resp=0
rpc: ScanGetApNum tx pb=10 tlv=22
rpc: ScanGetApNum pb bytes: 08 01 10 a0 02 18 07 82 12 00
rpc: EVENT msg_id=774
rpc: ScanGetApNum resp=0 number=13
rpc: ScanGetApRecords tx pb=12 tlv=24
rpc: ScanGetApRecords pb bytes: 08 01 10 a1 02 18 08 8a 12 02 08 0a
[se[d1 0_1A0eT 09CS001e0[Pi_Au0U10t0t0 0:R[ TSN--0 - 0 02  0 C o 4  0fW _ t0 m  9d   uR  