
[CASE console]

nsh> [K
[CASE memory_before]
free
      total       used       free    maxused    maxfree  nused  nfree name
   33554432    3796464   29757968    3804776   29756704   1340      9 Umem
     265608      27184     238424      28800     237200    124      2 Kmem
nsh> [K
[CASE open1]
desktop camera
desktop: camera diagnostic requested
nsh> [K[qpk] started 相机 (com.openvela.camera.preview 1.0.0) with QuickJS

[CASE start1]
desktop ui camera-start
desktop: ui camera-start ready
nsh> [K[qpk] camera USERPTR stream started, framebuffer zero-copy
[qpk] camera direct preview ready
[uvc] stream start failed: -5
[qpk] camera failure awaiting cleanup: -5

[CASE stats1]
desktop cameras
camera: connected=1 CSI=0 USB=1
camera: usb0 generation=1 HD Web Camera [05a3:9331]
  stream: frames=0 dropped=0 packets=0 errors=0 error=0
  mode=0 MJPEG 1920x1080 default_interval=333333 intervals=333333
  mode=1 MJPEG 1280x960 default_interval=333333 intervals=333333
  mode=2 MJPEG 1280x720 default_interval=333333 intervals=333333
  mode=3 MJPEG 800x600 default_interval=333333 intervals=333333
  mode=4 MJPEG 640x480 default_interval=333333 intervals=333333
  mode=5 MJPEG 640x360 default_interval=333333 intervals=333333
nsh> 
[CASE stop1]
[Kdesktop camera-stop
desktop: camera diagnostic stop requested
nsh> [K
[CASE open2]
desktop camera
desktop: camera diagnostic requested
nsh> [K[qpk] started 相机 (com.openvela.camera.preview 1.0.0) with QuickJS

[CASE start2]
desktop ui camera-start
desktop: ui camera-start ready
nsh> [K[qpk] camera USERPTR stream started, framebuffer zero-copy
[qpk] camera direct preview ready
[uvc] stream start failed: -5
[qpk] camera failure awaiting cleanup: -5

[CASE stop2]
desktop camera-stop
desktop: camera diagnostic stop requested
nsh> [K
[CASE open3]
desktop camera
desktop: camera diagnostic requested
nsh> [K[qpk] started 相机 (com.openvela.camera.preview 1.0.0) with QuickJS

[CASE start3]
desktop ui camera-start
desktop: ui camera-start ready
nsh> [K[qpk] camera USERPTR stream started, framebuffer zero-copy
[qpk] camera direct preview ready
[uvc] stream start failed: -5
[qpk] camera failure awaiting cleanup: -5

[CASE stop3]
desktop camera-stop
desktop: camera diagnostic stop requested
nsh> [K
[CASE memory_after]
free
      total       used       free    maxused    maxfree  nused  nfree name
   33554432    3889976   29664456    7067248   29481680   1622     58 Umem
     265608      27680     237928      28800     237200    126      3 Kmem
nsh> [K