
[CASE console]

nsh> [K
[CASE open_camera]
desktop camera
desktop: camera diagnostic requested
nsh> [K[qpk] started 相机 (com.openvela.camera.preview 1.0.0) with QuickJS

[CASE inventory]
desktop cameras
camera app: busy=0 alive=0 frames=0 error=-5 photo=0 path=
camera: connected=1 CSI=0 USB=1
camera: usb0 generation=1 HD Web Camera [05a3:9331]
  stream: frames=0 dropped=0 packets=0 errors=0 error=0
  mode=0 MJPEG 1920x1080 default_interval=333333 intervals=333333
  mode=1 MJPEG 1280x960 default_interval=333333 intervals=333333
  mode=2 MJPEG 1280x720 default_interval=333333 intervals=333333
  mode=3 MJPEG 800x600 default_interval=333333 intervals=333333
  mode=4 MJPEG 640x480 default_interval=333333 intervals=333333
  mode=5 MJPEG 640x360 default_interval=333333 intervals=333333
nsh> [K
[CASE photos]
ls -l /data/photos
/data/photos:
nsh> [K
[CASE alive]
cat /proc/uptime
    495.44
nsh> [K