
[CASE console]

nsh> [K
[CASE camera_inventory]
desktop cameras
camera: connected=1 CSI=0 USB=1
camera: usb0 generation=1 HD Web Camera [05a3:9331]
  mode=0 MJPEG 1920x1080 default_interval=333333 intervals=333333
  mode=1 MJPEG 1280x960 default_interval=333333 intervals=333333
  mode=2 MJPEG 1280x720 default_interval=333333 intervals=333333
  mode=3 MJPEG 800x600 default_interval=333333 intervals=333333
  mode=4 MJPEG 640x480 default_interval=333333 intervals=333333
  mode=5 MJPEG 640x360 default_interval=333333 intervals=333333
nsh> [K
[CASE device_nodes]
ls -l /dev
/dev:
 dr--r--r--           0 audio/
 crw-rw-rw-           0 console
 crw-rw-rw-           0 fb0
 cr--r--r--           0 input0
 crw-rw-rw-           0 null
 cr--r--r--           0 random
 brw-rw-rw-     4194304 smart0
 crw-rw-rw-           0 ttyACM0
 cr--r--r--           0 uvc0
 cr--r--r--           0 uvc1
 cr--r--r--           0 uvc2
 cr--r--r--           0 uvc3
 c---------           0 uvcctl
 crw-rw-rw-           0 zero
nsh> [K
[CASE mounts]
mount
  /data type smartfs
  /proc type procfs
  /tmp type tmpfs
nsh> [K
[CASE memory]
free
      total       used       free    maxused    maxfree  nused  nfree name
   33554432    3796464   29757968    3832528   29756704   1340      9 Umem
     265608      27184     238424      28800     237200    124      2 Kmem
nsh> [K
[CASE threads]
ps
  PID GROUP CPU(AFFINITY)   PRI POLICY   TYPE    NPX STATE    EVENT     SIGMASK            STACK    CPU COMMAND
    0     0 000(0x00000003)   0 FIFO     Kthread   - Assigned           0000000000000000 0002016 39.4% CPU0 IDLE
    1     0 001(0x00000003)   0 FIFO     Kthread   - Running            0000000000000000 0002016 50.2% CPU1 IDLE
    2     0 ---(0x00000003) 224 RR       Kthread   - Waiting  Semaphore 0000000000000000 0001968  0.0% hpwork 0x4ff4b240 0x4ff4b28c
    3     0 ---(0x00000003) 100 RR       Kthread   - Waiting  Semaphore 0000000000000000 0001968  0.0% lpwork 0x4ff4b1c0 0x4ff4b20c
    5     0 ---(0x00000003) 174 RR       Kthread   - Waiting  MQ empty  0000000000000000 0006064  0.0% usbh_hub0 0x4ff57040
    6     6 ---(0x00000003) 100 RR       Task      - Waiting  Signal    0000000000000000 0032712  9.6% desktop
    7     7 000(0x00000003) 100 RR       Task      - Running            0000000000000000 0004048  1.2% nsh
nsh> 
[CASE camera_app]
[Kdesktop camera
desktop: camera diagnostic requested
nsh> [K[qpk] started 相机 (com.openvela.camera.preview 1.0.0) with QuickJS
