
[CASE console]

nsh> [K
[CASE open_camera]
desktop camera
desktop: camera diagnostic requested
nsh> [K[qpk] started 相机 (com.openvela.camera.preview 1.0.0) with QuickJS

[CASE start_preview]
desktop ui camera-start
desktop: ui camera-start ready
nsh> [K[qpk] camera USERPTR stream started, framebuffer zero-copy
[qpk] camera direct preview ready
[uvc] stream start failed: -5
[qpk] camera failure awaiting cleanup: -5

[CASE preview_inventory]
desktop cameras
camera: connected=1 CSI=0 USB=1
camera: usb0 generation=1 HD Web Camera [05a3:9331]
  stream: frames=0 dropped=0 packets=0 errors=0 error=0
  mode=0 MJPEG 1920x1080 default_interval=333333 intervals=333333
  mode=1 MJPEG 1280x960 default_interval=333333 intervals=333333
  mode=2 MJPEG 1280x720 default_interval=333333 intervals=333333
  mode=3 MJPEG 800x600 default_interval=333333 intervals=333333
  mode=4 MJPEG 640x480 default_interval=333333 intervals=333333
  mode=5 MJPEG 640x360 default_interval=333333 intervals=333333
nsh> 
[CASE capture]
[Kdesktop ui camera-photo
camera capture accepted=0
desktop: ui camera-photo ready
nsh> [K
[CASE stream_stats]
desktop cameras
camera: connected=1 CSI=0 USB=1
camera: usb0 generation=1 HD Web Camera [05a3:9331]
  stream: frames=0 dropped=0 packets=0 errors=0 error=0
  mode=0 MJPEG 1920x1080 default_interval=333333 intervals=333333
  mode=1 MJPEG 1280x960 default_interval=333333 intervals=333333
  mode=2 MJPEG 1280x720 default_interval=333333 intervals=333333
  mode=3 MJPEG 800x600 default_interval=333333 intervals=333333
  mode=4 MJPEG 640x480 default_interval=333333 intervals=333333
  mode=5 MJPEG 640x360 default_interval=333333 intervals=333333
nsh> 
[CASE photos]
[Kls -l /data/photos
/data/photos:
nsh> [K
[CASE stop]
desktop camera-stop
desktop: camera diagnostic stop requested
nsh> [K
[CASE memory_after]
free
      total       used       free    maxused    maxfree  nused  nfree name
   33554432    3849176   29705256    7067248   29606144   1620     61 Umem
     265608      27224     238384      28800     237200    125      3 Kmem
nsh> [K