
[CASE console]

nsh> [K
[CASE open]
desktop camera
desktop: camera diagnostic requested
nsh> [K[qpk] started 相机 (com.openvela.camera.preview 1.0.0) with QuickJS

[CASE start]
desktop ui camera-start
camera start clicked=1
desktop: ui camera-start ready
nsh> [K[qpk] camera USB MJPEG worker starting
[qpk] camera direct preview ready
[uvc] HD Web Camera MJPEG 640x480 interval=333333 payload=1024 alt=1
[qpk] USB MJPEG first frame 640x480

[CASE preview]
dektop cameras
camera app: busy=1 alive=1 frames=46 error=0 photo=0 path=
camera display: frames=1418 underruns=0 pan_errors=0 mode=640x480
camera: connected=1 CSI=0 USB=1
camera: usb0 generation=1 HD Web Camera [05a3:9331]
  stream: frames=236 dropped=188 packets=62461 errors=0 error=0
  mode=0 MJPEG 1920x1080 default_interval=333333 intervals=333333
  mode=1 MJPEG 1280x960 default_interval=333333 intervals=333333
  mode=2 MJPEG 1280x720 default_interval=333333 intervals=333333
  mode=3 MJPEG 800x600 default_interval=333333 intervals=333333
  mode=4 MJPEG 640x480 default_interval=333333 intervals=333333
  mode=5 MJPEG 640x360 default_interval=333333 intervals=333333
nsh> 
[CASE photo]
[Kdesktop ui camer-photo
camera capture accepted=1
desktop: ui camera-photo ready
nsh> [K[qpk] JPEG photo status=2 bytes=29111

[CASE photo_done]
desktop cameras
camera app: busy=1 alive=1 frames=196 error=0 photo=2 path=/data/photos/camera-00000001.jpg
camera display: frames=2940 underruns=0 pan_errors=0 mode=640x480
camera: connected=1 CSI=0 USB=1
camera: usb0 generation=1 HD Web Camera [05a3:9331]
  stream: frames=992 dropped=794 packets=263861 errors=0 error=0
  mode=0 MJPEG 1920x1080 default_interval=333333 intervals=333333
  mode=1 MJPEG 1280x960 default_interval=333333 intervals=333333
  mode=2 MJPEG 1280x720 default_interval=333333 intervals=333333
  mode=3 MJPEG 800x600 default_interval=333333 intervals=333333
  mode=4 MJPEG 640x480 default_interval=333333 intervals=333333
  mode=5 MJPEG 640x360 default_interval=333333 intervals=333333
nsh> 
[CASE photos]
[Kls -l /data/photos
/data/photos:
 -rwSrwSrw-       29111 camera-00000001.jpg
nsh> [K
[CASE stop]
desktop amera-stop
desktop: camera diagnostic stop requested
nsh> [K
[CASE idle]
desktop cameras
camera app: busy=0 alive=0 frames=0 error=0 photo=2 path=/data/photos/camera-00000001.jpg
camera display: frames=3155 underruns=0 pan_errors=0 mode=0x0
camera: connected=1 CSI=0 USB=1
camera: usb0 generation=1 HD Web Camera [05a3:9331]
  stream: frames=1002 dropped=802 packets=266632 errors=0 error=0
  mode=0 MJPEG 1920x1080 default_interval=333333 intervals=333333
  mode=1 MJPEG 1280x960 default_interval=333333 intervals=333333
  mode=2 MJPEG 1280x720 default_interval=333333 intervals=333333
  mode=3 MJPEG 800x600 default_interval=333333 intervals=333333
  mode=4 MJPEG 640x480 default_interval=333333 intervals=333333
  mode=5 MJPEG 640x360 default_interval=333333 intervals=333333
nsh> 
[CASE open_again]
[Kdesktop camera
desktop: camera diagnostic requested
nsh> [K[qpk] started 相机 (com.openvela.camera.preview 1.0.0) with QuickJS

[CASE start_again]
desktop ui camera-start
camera start clicked=1
desktop: ui camera-start ready
nsh> [K[qpk] camera USB MJPEG worker starting
[qpk] camera direct preview ready
[uvc] HD Web Camera MJPEG 640x480 interval=333333 payload=1024 alt=1
[qpk] USB MJPEG first frame 640x480

[CASE preview_again]
desktop cameras
camera app: busy=1 alive=1 frames=46 error=0 photo=2 path=/data/photos/camera-00000001.jpg
camera display: frames=3867 underruns=0 pan_errors=0 mode=640x480
camera: connected=1 CSI=0 USB=1
camera: usb0 generation=1 HD Web Camera [05a3:9331]
  stream: frames=235 dropped=187 packets=62284 errors=0 error=0
  mode=0 MJPEG 1920x1080 default_interval=333333 intervals=333333
  mode=1 MJPEG 1280x960 default_interval=333333 intervals=333333
  mode=2 MJPEG 1280x720 default_interval=333333 intervals=333333
  mode=3 MJPEG 800x600 default_interval=333333 intervals=333333
  mode=4 MJPEG 640x480 default_interval=333333 intervals=333333
  mode=5 MJPEG 640x360 default_interval=333333 intervals=333333
nsh> 