
[CASE console]

nsh> [K
[CASE stop]
desktop camera-stop
desktop: camera diagnostic stop requested
nsh> [K
[CASE idle]
desktop cameras
camera app: busy=0 alive=0 frames=0 error=0 photo=0 path=
camera display: frames=4677 underruns=0 pan_errors=0 mode=0x0
camera: connected=1 CSI=0 USB=1
camera: usb0 generation=1 HD Web Camera [05a3:9331]
  stream: frames=0 dropped=0 packets=0 errors=0 error=0
  mode=0 MJPEG 1920x1080 default_interval=333333 intervals=333333
  mode=1 MJPEG 1280x960 default_interval=333333 intervals=333333
  mode=2 MJPEG 1280x720 default_interval=333333 intervals=333333
  mode=3 MJPEG 800x600 default_interval=333333 intervals=333333
  mode=4 MJPEG 640x480 default_interval=333333 intervals=333333
  mode=5 MJPEG 640x360 default_interval=333333 intervals=333333
nsh> 