
[CASE console]

nsh> [K
[CASE restore_light]
desktop ui light
desktop: ui light ready
nsh> 
[CASE show_bluetooth]
[Kdesktop ui bluetooth
desktop: ui bluetooth ready
nsh> 
[CASE ready_state]
[Kdesktop ui audit
UI_LAYOUT_BEGIN
[{"id":1,"parent":0,"type":"container","x":40,"y":44,"w":944,"h":512,"scroll":false,"text":""},
{"id":2,"parent":1,"type":"label","x":65,"y":63,"w":824,"h":39,"scroll":true,"text":"蓝牙"},
{"id":3,"parent":1,"type":"button","x":909,"y":59,"w":54,"h":42,"scroll":false,"text":""},
{"id":4,"parent":3,"type":"label","x":928,"y":67,"w":17,"h":27,"scroll":true,"text":""},
{"id":5,"parent":1,"type":"label","x":65,"y":121,"w":450,"h":28,"scroll":true,"text":"就绪 · 16 个设备"},
{"id":6,"parent":1,"type":"button","x":521,"y":105,"w":110,"h":48,"scroll":false,"text":""},
{"id":7,"parent":6,"type":"label","x":533,"y":118,"w":86,"h":22,"scroll":true,"text":"扫描"},
{"id":8,"parent":1,"type":"button","x":651,"y":105,"w":110,"h":48,"scroll":false,"text":""},
{"id":9,"parent":8,"type":"label","x":663,"y":118,"w":86,"h":22,"scroll":true,"text":"停止"},
{"id":10,"parent":1,"type":"button","x":781,"y":105,"w":110,"h":48,"scroll":false,"text":""},
{"id":11,"parent":10,"type":"label","x":793,"y":118,"w":86,"h":22,"scroll":true,"text":"断开"},
{"id":12,"parent":1,"type":"container","x":61,"y":165,"w":850,"h":330,"scroll":true,"text":""},
{"id":13,"parent":12,"type":"button","x":65,"y":165,"w":816,"h":68,"scroll":false,"text":""},
{"id":14,"parent":13,"type":"label","x":78,"y":171,"w":788,"h":28,"scroll":true,"text":"EDIFIER BLE"},
{"id":15,"parent":13,"type":"label","x":78,"y":204,"w":788,"h":22,"scroll":true,"text":"C8:24:70:8D:A2:CC  -90 dBm"},
{"id":16,"parent":12,"type":"button","x":65,"y":237,"w":816,"h":68,"scroll":false,"text":""},
{"id":17,"parent":16,"type":"label","x":78,"y":243,"w":788,"h":28,"scroll":true,"text":"未命名设备"},
{"id":18,"parent":16,"type":"label","x":78,"y":276,"w":788,"h":22,"scroll":true,"text":"15:C4:1B:61:AA:2B  -53 dBm"},
{"id":19,"parent":12,"type":"button","x":65,"y":309,"w":816,"h":68,"scroll":false,"text":""},
{"id":20,"parent":19,"type":"label","x":78,"y":315,"w":788,"h":28,"scroll":true,"text":"未命名设备"},
{"id":21,"parent":19,"type":"label","x":78,"y":348,"w":788,"h":22,"scroll":true,"text":"EE:23:4B:3C:DA:E3  -86 dBm"},
{"id":22,"parent":12,"type":"button","x":65,"y":381,"w":816,"h":68,"scroll":false,"text":""},
{"id":23,"parent":22,"type":"label","x":78,"y":387,"w":788,"h":28,"scroll":true,"text":"未命名设备"},
{"id":24,"parent":22,"type":"label","x":78,"y":420,"w":788,"h":22,"scroll":true,"text":"2F:09:59:4B:33:7B  -87 dBm"},
{"id":25,"parent":12,"type":"button","x":65,"y":453,"w":816,"h":68,"scroll":false,"text":""},
{"id":26,"parent":25,"type":"label","x":78,"y":459,"w":788,"h":28,"scroll":true,"text":"未命名设备"},
{"id":27,"parent":25,"type":"label","x":78,"y":492,"w":788,"h":22,"scroll":true,"text":"65:E8:79:47:D6:83  -87 dBm"}
]
UI_LAYOUT_END
nsh> 
[CASE storage_mounted]
[Kmount
  /data type smartfs
  /proc type procfs
  /tmp type tmpfs
nsh> [K
[CASE storage_cleanup]
ls -l /data/qpk
/data/qpk:
 drwsrwsrwx           0 .data/
nsh> [K
[CASE network]
ifconfig
eth0	Link encap:Ethernet HWaddr 10:bd:a3:89:58:74 at UP mtu 1500
	inet addr:0.0.0.0 DRaddr:0.0.0.0 Mask:0.0.0.0

bnep0	Link encap:UNSPEC at RUNNING mtu -9
	inet addr:0.0.0.0 DRaddr:0.0.0.0 Mask:0.0.0.0

nsh> [K
[CASE tasks]
ps
  PID GROUP CPU(AFFINITY)   PRI POLICY   TYPE    NPX STATE    EVENT     SIGMASK            STACK    CPU COMMAND
    0     0 000(0x00000003)   0 FIFO     Kthread   - Assigned           0000000000000000 0002016 12.1% CPU0 IDLE
    1     0 001(0x00000003)   0 FIFO     Kthread   - Running            0000000000000000 0002016 50.3% CPU1 IDLE
    2     0 ---(0x00000003) 224 RR       Kthread   - Waiting  Semaphore 0000000000000000 0001968  0.0% hpwork 0x4ff4b240 0x4ff4b28c
    3     0 ---(0x00000003) 100 RR       Kthread   - Waiting  Semaphore 0000000000000000 0001968  0.0% lpwork 0x4ff4b1c0 0x4ff4b20c
    5     5 ---(0x00000003) 100 RR       Task      - Waiting  Signal    0000000000000000 0032712 25.0% desktop
    6     6 000(0x00000003) 100 RR       Task      - Running            0000000000000000 0004048  1.0% nsh
    9     5 ---(0x00000003) 100 RR       pthread   - Waiting  MQ empty  0000000000000000 0032736  0.0% desktop 0x4007a3e2 0
   10    10 ---(0x00000003) 100 RR       Task      - Waiting  Signal    0000000000000000 0004040  9.6% c6net
   11     0 ---(0x00000003) 100 RR       Kthread   - Waiting  MQ empty  0000000000000000 0001984  0.0% BT_HCI_Tx
   12     5 ---(0x00000003) 100 RR       pthread   - Waiting  Signal    0000000000000000 0008152  2.0% desktop 0x400c56a8 0x4839f670
   13     5 ---(0x00000003) 100 RR       pthread   - Waiting  Semaphore 0000000000000000 0008160  0.0% ble_npl_callout 0x400bd50c 0
   14     5 ---(0x00000003) 100 RR       pthread   - Waiting  Semaphore 0000000000000000 0032728  0.0% desktop 0x40079dee 0
nsh> 
[CASE memory]
[Kfree
      total       used       free    maxused    maxfree  nused  nfree name
   33554432    3920032   29634400    6441344   29598800   2070     34 Umem
     321736      24808     296928      25264     296488    119      3 Kmem
nsh> [K
[CASE uptime]
cat /proc/uptime
    142.89
nsh> [K