
[CASE console]

nsh> [K
[CASE scan_again]
desktop ui ble-scan
desktop: ui ble-scan ready
nsh> 
[CASE wait_active]
[Ksleep 2
nsh> [K
[CASE active_scan]
desktop ui audit
UI_LAYOUT_BEGIN
[{"id":1,"parent":0,"type":"container","x":40,"y":44,"w":944,"h":512,"scroll":false,"text":""},
{"id":2,"parent":1,"type":"label","x":65,"y":63,"w":824,"h":39,"scroll":true,"text":"蓝牙"},
{"id":3,"parent":1,"type":"button","x":909,"y":59,"w":54,"h":42,"scroll":false,"text":""},
{"id":4,"parent":3,"type":"label","x":928,"y":67,"w":17,"h":27,"scroll":true,"text":""},
{"id":5,"parent":1,"type":"label","x":65,"y":121,"w":450,"h":28,"scroll":true,"text":"扫描中 · 12 个设备"},
{"id":6,"parent":1,"type":"button","x":521,"y":105,"w":110,"h":48,"scroll":false,"text":""},
{"id":7,"parent":6,"type":"label","x":533,"y":118,"w":86,"h":22,"scroll":true,"text":"扫描"},
{"id":8,"parent":1,"type":"button","x":651,"y":105,"w":110,"h":48,"scroll":false,"text":""},
{"id":9,"parent":8,"type":"label","x":663,"y":118,"w":86,"h":22,"scroll":true,"text":"停止"},
{"id":10,"parent":1,"type":"button","x":781,"y":105,"w":110,"h":48,"scroll":false,"text":""},
{"id":11,"parent":10,"type":"label","x":793,"y":118,"w":86,"h":22,"scroll":true,"text":"断开"},
{"id":12,"parent":1,"type":"container","x":61,"y":165,"w":850,"h":330,"scroll":true,"text":""},
{"id":13,"parent":12,"type":"button","x":65,"y":165,"w":816,"h":68,"scroll":false,"text":""},
{"id":14,"parent":13,"type":"label","x":78,"y":171,"w":788,"h":28,"scroll":true,"text":"未命名设备"},
{"id":15,"parent":13,"type":"label","x":78,"y":204,"w":788,"h":22,"scroll":true,"text":"15:C4:1B:61:AA:2B  -54 dBm"},
{"id":16,"parent":12,"type":"button","x":65,"y":237,"w":816,"h":68,"scroll":false,"text":""},
{"id":17,"parent":16,"type":"label","x":78,"y":243,"w":788,"h":28,"scroll":true,"text":"未命名设备"},
{"id":18,"parent":16,"type":"label","x":78,"y":276,"w":788,"h":22,"scroll":true,"text":"C5:2A:C3:B8:D0:7C  -87 dBm"},
{"id":19,"parent":12,"type":"button","x":65,"y":309,"w":816,"h":68,"scroll":false,"text":""},
{"id":20,"parent":19,"type":"label","x":78,"y":315,"w":788,"h":28,"scroll":true,"text":"未命名设备"},
{"id":21,"parent":19,"type":"label","x":78,"y":348,"w":788,"h":22,"scroll":true,"text":"2F:09:59:4B:33:7B  -92 dBm"},
{"id":22,"parent":12,"type":"button","x":65,"y":381,"w":816,"h":68,"scroll":false,"text":""},
{"id":23,"parent":22,"type":"label","x":78,"y:387,"w":788,"h":28,"scroll":true,"text":"未命名设备"},
{"id":24,"parent":22,"type":"label","x":78,"y":420,"w":788,"h":22,"scroll":true,"text":"4A:3D:0D:96:1E:F6  -92 dBm"},
{"id":25,"parent":12,"type":"button","x":65,"y":453,"w":816,"h":68,"scroll":false,"text":""},
{"id":26,"parent":25,"type":"label","x":78,"y":459,"w":788,"h":28,"scroll":true,"text":"未命名设备"},
{"id":27,"parent":25,"type":"label","x":78,"y":492,"w":788,"h":22,"scroll":true,"text":"70:76:A3:8C:31:42  -89 dBm"}
]
UI_LAYOUT_END
nsh> 
[CASE network_during_scan]
[Kifconfig
eth0	Link encap:Ethernet HWaddr 10:bd:a3:89:58:74 at UP mtu 1500
	inet addr:0.0.0.0 DRaddr:0.0.0.0 Mask:0.0.0.0

bnep0	Link encap:UNSPEC at RUNNING mtu -9
	inet addr:0.0.0.0 DRaddr:0.0.0.0 Mask:0.0.0.0

nsh> [K
[CASE storage_during_scan]
esktop storage-test
desktop: storage selftest PASS (ret=0, 3 namespaces, overwrite/read/delete)
nsh> 
[CASE close_scan_page]
[Kdesktop ui home
desktop: ui home ready
nsh> 
[CASE cancel_wait]
[Ksleep 1
nsh> 
[CASE reopen_page]
[Kdesktop ui bluetooth
desktop: ui bluetooth ready
nsh> [K
[CASE cancelled_state]
desktop ui audit
UI_LAYOUT_BEGIN
[{"id":1,"parent":0,"type":"container","x":40,"y":44,"w":944,"h":512,"scroll":false,"text":""},
{"id":2,"parent":1,"type":"label","x":65,"y":63,"w":824,"h":39,"scroll":true,"text":"蓝牙"},
{"id":3,"parent":1,"type":"button","x":909,"y":59,"w":54,"h":42,"scroll":false,"text":""},
{"id":4,"parent":3,"type":"label","x":928,"y":67,"w":17,"h":27,"scroll":true,"text":""},
{"id":5,"parent":1,"type":"label","x":65,"y":121,"w":450,"h":28,"scroll":true,"text":"就绪 · 13 个设备"},
{"id":6,"parent":1,"type":"button","x":521,"y":105,"w":110,"h":48,"scroll":false,"text":""},
{"id":7,"parent":6,"type":"label","x":533,"y":118,"w":86,"h":22,"scroll":true,"text":"扫描"},
{"id":8,"parent":1,"type":"button","x":651,"y":105,"w":110,"h":48,"scroll":false,"text":""},
{"id":9,"parent":8,"type":"label","x":663,"y":118,"w":86,"h":22,"scroll":true,"text":"停止"},
{"id":10,"parent":1,"type":"button","x":781,"y":105,"w":110,"h":48,"scroll":false,"text":""},
{"id":11,"parent":10,"type":"label","x":793,"y":118,"w":86,"h":22,"scroll":true,"text":"断开"},
{"id":12,"parent":1,"type":"container","x":61,"y":165,"w":850,"h":330,"scroll":true,"text":""},
{"id":13,"parent":12,"type":"button","x":65,"y":165,"w":816,"h":68,"scroll":false,"text":""},
{"id":14,"parent":13,"type":"label","x":78,"y":171,"w":788,"h":28,"scroll":true,"text":"未命名设备"},
{"id":15,"parent":13,"type":"label","x":78,"y":204,"w":788,"h":22,"scroll":true,"text":"15:C4:1B:61:AA:2B  -54 dBm"},
{"id":16,"parent":12,"type":"button","x":65,"y":237,"w":816,"h":68,"scroll":false,"text":""},
{"id":17,"parent":16,"type":"label","x":78,"y":243,"w":788,"h":28,"scroll":true,"text":"未命名设备"},
{"id":18,"parent":16,"type":"label","x":78,"y":276,"w":788,"h":22,"scroll":true,"text":"C5:2A:C3:B8:D0:7C  -87 dBm"},
{"id":19,"parent":12,"type":"button","x":65,"y":309,"w":816,"h":68,"scroll":false,"text":""},
{"id":20,"parent":19,"type":"label","x":78,"y":315,"w":788,"h":28,"scroll":true,"text":"未命名设备"},
{"id":21,"parent":19,"type":"label","x":78,"y":348,"w":788,"h":22,"scroll":true,"text":"2F:09:59:4B:33:7B  -92 dBm"},
{"id":22,"parent":12,"type":"button","x":65,"y":381,"w":816,"h":68,"scroll":false,"text":""},
{"id":23,"parent":22,"type":"label","x":78,"y":387,"w":788,"h":28,"scroll":true,"text":"未命名设备"},
{"id":24,"parent":22,"type":"label","x":78,"y":420,"w":788,"h":22,"scroll":true,"text":"4A:3D:0D:96:1E:F6  -85 dBm"},
{"id":25,"parent":12,"type":"button","x":65,"y":453,"w":816,"h":68,"scroll":false,"text":""},
{"id":26,"parent":25,"type":"label","x":78,"y":459,"w":788,"h":28,"scroll":true,"text":"未命名设备"},
{"id":27,"parent":25,"type":"label","x":78,"y":492,"w":788,"h":22,"scroll":true,"text":"70:76:A3:8C:31:42  -89 dBm"}
]
UI_LAYOUT_END
nsh> 
[CASE scan_after_cancel]
[Kdesktop ui ble-scan
desktop: ui ble-scan ready
nsh> 
[CASE deadline_wait]
[Ksleep 11
nsh> 
[CASE repeat_scan_finished]
[Kdesktop ui audit
UI_LAYOUT_BEGIN
[{"id":1,"parent":0,"type":"container","x":40,"y":44,"w":944,"h":512,"scroll":false,"text":""},
{"id":2,"parent":1,"type":"label","x":65,"y":63,"w":824,"h":39,"scroll":true,"text":"蓝牙"},
{"id":3,"parent":1,"type":"button","x":909,"y":59,"w":54,"h":42,"scroll":false,"text":""},
{"id":4,"parent":3,"type":"label","x":928,"y":67,"w":17,"h":27,"scroll":true,"text":""},
{"id":5,"parent":1,"type":"label","x":65,"y":121,"w":450,"h":28,"scroll":true,"text":"就绪 · 16 个设备"},
{"id":6,"parent":1,"type":"button","x":521,"y":105,"w":110,"h":48,"scroll":false,"text":""},
{"id":7,"parent":6,"type":"label","x":533,"y":118,"w":86,"h":22,"scroll":true,"text":"扫描"},
{"id":8,"parent":1,"type":"button","x":651,"y":105,"w":110,"h":48,"scroll":false,"text":""},
{"id":9,"parent":8,"type":"label","x":663,"y":118,"w":86,"h":22,"scroll":true,"text":"停止"},
{"id":10,"parent":1,"type":"button","x":781,"y":105,"w":110,"h":48,"scroll":false,"text":""},
{"id":11,"parent":10,"type":"label","x":793,"y":118,"w":86,"h":22,"scroll":true,"text":"断开"},
{"id":12,"parent":1,"type":"container","x":61,"y":165,"w":850,"h":330,"scroll":true,"text":""},
{"id":13,"parent":12,"type":"button","x":65,"y":165,"w":816,"h":68,"scroll":false,"text":""},
{"id":14,"parent":13,"type":"label","x":78,"y":171,"w":788,"h":28,"scroll":true,"text":"EDIFIER BLE"},
{"id":15,"parent":13,"type":"label","x":78,"y":204,"w":788,"h":22,"scroll":true,"text":"C8:24:70:8D:A2:CC  -90 dBm"},
{"id":16,"parent":12,"type":"button","x":65,"y":237,"w":816,"h":68,"scroll":false,"text":""},
{"id":17,"parent":16,"type":"label","x":78,"y":243,"w":788,"h":28,"scroll":true,"text":"未命名设备"},
{"id":18,"parent":16,"type":"label","x":78,"y":276,"w":788,"h":22,"scroll":true,"text":"15:C4:1B:61:AA:2B  -53 dBm"},
{"id":19,"parent":12,"type":"button","x":65,"y":309,"w":816,"h":68,"scroll":false,"text":""},
{"id":20,"parent":19,"type":"label","x":78,"y":315,"w":788,"h":28,"scroll":true,"text":"未命名设备"},
{"id":21,"parent":19,"type":"label","x":78,"y":348,"w":788,"h":22,"scroll":true,"text":"EE:23:4B:3C:DA:E3  -86 dBm"},
{"id":22,"parent":12,"type":"button","x":65,"y":381,"w":816,"h":68,"scroll":false,"text":""},
{"id":23,"parent":22,"type":"label","x":78,"y":387,"w":788,"h":28,"scroll":true,"text":"未命名设备"},
{"id":24,"parent":22,"type":"label","x":78,"y":420,"w":788,"h":22,"scroll":true,"text":"2F:09:59:4B:33:7B  -87 dBm"},
{"id":25,"parent":12,"type":"button","x":65,"y":453,"w":816,"h":68,"scroll":false,"text":""},
{"id":26,"parent":25,"type":"label","x":78,"y":459,"w":788,"h":28,"scroll":true,"text":"未命名设备"},
{"id":27,"parent":25,"type":"label","x":78,"y":492,"w":788,"h":22,"scroll":true,"text":"65:E8:79:47:D6:83  -87 dBm"}
]
UI_LAYOUT_END
nsh> 
[CASE network_after_repeat]
[Kifconfig
eth0	Link encap:Ethernet HWaddr 10:bd:a3:89:58:74 at UP mtu 1500
	inet addr:0.0.0.0 DRaddr:0.0.0.0 Mask:0.0.0.0

bnep0	Link encap:UNSPEC at RUNNING mtu -9
	inet addr:0.0.0.0 DRaddr:0.0.0.0 Mask:0.0.0.0

nsh> [K
[CASE free_after_repeat]
free
      total       used       free    maxused    maxfree  nused  nfree name
   33554432    3920200   29634232    3986344   29633704   2076      5 Umem
     321736      24680     297056      25264     297056    116      1 Kmem
nsh> [K