
[CASE console]

nsh> [K
[CASE transport]
c6probe
c6: reset C6 on GPIO54
c6: SDIO enumerated, Function 1 ready, 4-bit/20MHz
c6: ESP-Hosted data path open
c6probe: C6 chip_id=13 capability=0d rx_q=20 tx_q=0
c6probe: C6 supports WLAN over SDIO
c6probe: C6 supports BT (HCI) over SDIO
c6probe: C6 is BLE-only (no BR/EDR)
c6probe: OK ESP-Hosted transport is up
nsh> 
[CASE open_ble]
[Kdesktop ui bluetooth
rpc: WifiInit tx pb=50 tlv=62
rpc: WifiInit pb bytes: 08 01 10 96 02 18 01 b2 11 28 0a 26 08 0a 10 20 18 01 28 20 40 01 48 01 58 01 68 06 78 f0 05 80 01 20 98desktop: ui bluetooth ready
 01 07 a0 01 cf fe bc f9 01 a8 01 01 b0 01 05
nsh> 
[CASE startup_wait]
[Ksleep 4
rpc: WifiInit resp=0
rpc: SetMode tx pb=12 tlv=24
rpc: SetMode pb bytes: 08 01 10 84 02 18 02 a2 10 02 08 01
rpc: SetMode(1) resp=0
rpc: WifiStart tx pb=10 tlv=22
rpc: WifiStart pb bytes: 08 01 10 98 02 18 03 c2 11 00
rpc: WifiStart resp=0
rpc: GetMacAddress tx pb=10 tlv=22
rpc: GetMacAddress pb bytes: 08 01 10 81 02 18 04 8a 10 00
rpc: EVENT msg_id=773
rpc: EVENT msg_id=773
nsh> 
[CASE ready]
[Kdesktop ui audit
UI_LAYOUT_BEGIN
[{"id":1,"parent":0,"type":"container","x":40,"y":44,"w":944,"h":512,"scroll":false,"text":""},
{"id":2,"parent":1,"type":"label","x":65,"y":63,"w":824,"h":39,"scroll":true,"text":"蓝牙"},
{"id":3,"parent":1,"type":"button","x":909,"y":59,"w":54,"h":42,"scroll":false,"text":""},
{"id":4,"parent":3,"type":"label","x":928,"y":67,"w":17,"h":27,"scroll":true,"text":""},
{"id":5,"parent":1,"type":"label","x":65,"y":121,"w":450,"h":28,"scroll":true,"text":"就绪 · 0 个设备"},
{"id":6,"parent":1,"type":"button","x":521,"y":105,"w":110,"h":48,"scroll":false,"text":""},
{"id":7,"parent":6,"type":"label","x":533,"y":118,"w":86,"h":22,"scroll":true,"text":"扫描"},
{"id":8,"parent":1,"type":"button","x":651,"y":105,"w":110,"h":48,"scroll":false,"text":""},
{"id":9,"parent":8,"type":"label","x":663,"y":118,"w":86,"h":22,"scroll":true,"text":"停止"},
{"id":10,"parent":1,"type":"button","x":781,"y":105,"w":110,"h":48,"scroll":false,"text":""},
{"id":11,"parent":10,"type":"label","x":793,"y":118,"w":86,"h":22,"scroll":true,"text":"断开"},
{"id":12,"parent":1,"type":"container","x":61,"y":165,"w":850,"h":330,"scroll":true,"text":""}
]
UI_LAYOUT_END
nsh> [K
[CASE scan]
desktop ui ble-scan
desktop: ui ble-scan ready
nsh> 
[CASE scan_wait]
[Ksleep 11
nsh> 
[CASE devices]
[Kdesktop ui audit
UI_LAYOUT_BEGIN
[{"id":1,"parent":0,"type":"container","x":40,"y":44,"w":944,"h":512,"scroll":false,"text":""},
{"id":2,"parent":1,"type":"label","x":65,"y":63,"w":824,"h":39,"scroll":true,"text":"蓝牙"},
{"id":3,"parent":1,"type":"button","x":909,"y":59,"w":54,"h":42,"scroll":false,"text":""},
{"id":4,"parent":3,"type":"label","x":928,"y":67,"w":17,"h":27,"scroll":true,"text":""},
{"id":5,"parent":1,"type":"label","x":65,"y":121,"w":450,"h":28,"scroll":true,"text":"就绪 · 16 个设备"},
{"id":6,"parent":1,"type":"button","x":521,"y":105,"w":110,"h":48,"scroll":false,"text":""},
{"id":7,"parent":6,"type":"label","x":533,"y":118,"w":86,"h":22,"scroll":true,"text":"扫描"},
{"id":8,"parent":1,"type":"button","x":651,"y":105,"w":110,"h":48,"scroll":false,"text":""},
{"id":9,"parent":8,"type":"label","x":663,"y":118,"w":86,"h":22,"scroll":true,"text":"停止"},
{"id":10,"parent":1,"type":"button","x":781,"y":105,"w":110,"h":48,"scroll":false,"text":""},
{"id":11,"parent":10,"type":"label","x":793,"y":118,"w":86,"h":22,"scroll":true,"text":"断开"},
{"id":12,"parent":1,"type":"container","x":61,"y":165,"w":850,"h":330,"scroll":true,"text":""},
{"id":13,"parent":12,"type":"button","x":65,"y":165,"w":816,"h":68,"scroll":false,"text":""},
{"id":14,"parent":13,"type":"label","x":78,"y":171,"w":788,"h":28,"scroll":true,"text":"EDIFIER BLE"},
{"id":15,"parent":13,"type":"label","x":78,"y":204,"w":788,"h":22,"scroll":true,"text":"C8:24:70:8D:A2:CC  -88 dBm"},
{"id":16,"parent":12,"type":"button","x":65,"y":237,"w":816,"h":68,"scroll":false,"text":""},
{"id":17,"parent":16,"type":"label","x":78,"y":243,"w":788,"h":28,"scroll":true,"text":"未命名设备"},
{"id":18,"parent":16,"type":"label","x":78,"y":276,"w":788,"h":22,"scroll":true,"text":"15:C4:1B:61:AA:2B  -53 dBm"},
{"id":19,"parent":12,"type":"button","x":65,"y":309,"w":816,"h":68,"scroll":false,"text":""},
{"id":20,"parent":19,"type":"label","x":78,"y":315,"w":788,"h":28,"scroll":true,"text":"未命名设备"},
{"id":21,"parent":19,"type":"label","x":78,"y":348,"w":788,"h":22,"scroll":true,"text":"2F:09:59:4B:33:7B  -80 dBm"},
{"id":22,"parent":12,"type":"button","x":65,"y":381,"w":816,"h":68,"scroll":false,"text":""},
{"id":23,"parent":22,"type":"label","x":78,"y":387,"w":788,"h":28,"scroll":true,"text":"未命名设备"},
{"id":24,"parent":22,"type":"label","x":78,"y":420,"w":788,"h":22,"scroll":true,"text":"4A:3D:0D:96:1E:F6  -85 dBm"},
{"id":25,"parent":12,"type":"button","x":65,"y":453,"w":816,"h":68,"scroll":false,"text":""},
{"id":26,"parent":25,"type":"label","x":78,"y":459,"w":788,"h":28,"scroll":true,"text":"未命名设备"},
{"id":27,"parent":25,"type":"label","x":78,"y":492,"w":788,"h":22,"scroll":true,"text":"DA:51:68:4C:21:02  -85 dBm"}
]
UI_LAYOUT_END
nsh> 
[CASE storage]
[Kdesktop storage-test
desktop: storage selftest PASS (ret=0, 3 namespaces, overwrite/read/delete)
nsh> 
[CASE interfaces]
[Kifconfig
eth0	Link encap:Ethernet HWaddr 10:bd:a3:89:58:74 at UP mtu 1500
	inet addr:0.0.0.0 DRaddr:0.0.0.0 Mask:0.0.0.0

bnep0	Link encap:UNSPEC at RUNNING mtu -9
	inet addr:0.0.0.0 DRaddr:0.0.0.0 Mask:0.0.0.0

nsh> [K
[CASE memory]
free
      total       used       free    maxused    maxfree  nused  nfree name
   33554432    3919480   29634952    3960976   29634240   2071      7 Umem
     321736      24680     297056      25264     297056    116      1 Kmem
nsh> [K