Open On-Chip Debugger v0.12.0-esp32-20250707 (2025-07-06-17:44)
Licensed under GNU GPL v2
For bug reports, read
	http://openocd.org/doc/doxygen/bugs.html
Info : esp_usb_jtag: VID set to 0x303a and PID to 0x1001
Info : esp_usb_jtag: capabilities descriptor set to 0x2000
DEPRECATED! use 'gdb memory_map', not 'gdb_memory_map'
DEPRECATED! use 'gdb flash_program', not 'gdb_flash_program'
Info : esp_usb_jtag: serial (E8:F6:0A:E3:A9:5F)
Info : esp_usb_jtag: Device found. Base speed 24000KHz, div range 1 to 255
Info : clock speed 4000 kHz
Info : JTAG tap: esp32p4.tap0 tap/device found: 0x00012c25 (mfg: 0x612 (Espressif Systems), part: 0x0012, ver: 0x0)
Info : JTAG tap: esp32p4.tap1 tap/device found: 0x00012c25 (mfg: 0x612 (Espressif Systems), part: 0x0012, ver: 0x0)
Info : [esp32p4.hp.cpu0] datacount=1 progbufsize=2
Info : [esp32p4.hp.cpu0] Core 0 made part of halt group 1.
Info : [esp32p4.hp.cpu0] Examined RISC-V core; found 2 harts
Info : [esp32p4.hp.cpu0]  XLEN=32, misa=0x40903127
Info : [esp32p4.hp.cpu0] Examination succeed
Info : [esp32p4.hp.cpu1] datacount=1 progbufsize=2
Info : [esp32p4.hp.cpu1] Core 1 made part of halt group 1.
Info : [esp32p4.hp.cpu1] Examined RISC-V core; found 2 harts
Info : [esp32p4.hp.cpu1]  XLEN=32, misa=0x40903127
Info : [esp32p4.hp.cpu1] Examination succeed
Info : [esp32p4.hp.cpu0] starting gdb server on 3333
Info : Listening on port 3333 for gdb connections
Info : Listening on port 6666 for tcl connections
Info : telnet server disabled
Info : accepting 'tcl' connection on tcp/6666
Info : dropped 'tcl' connection
Info : accepting 'gdb' connection on tcp/3333
Info : [esp32p4.hp.cpu0] Target halted, PC=0x4FF42570, debug_reason=00000000
Info : [esp32p4.hp.cpu1] Target halted, PC=0x4FF42570, debug_reason=00000000
Info : [esp32p4.hp.cpu1] Halt cause (11) - (ECALL from M mode)
Warn : No symbols for FreeRTOS!
Info : New GDB Connection: 1, Target esp32p4.hp.cpu0, state: halted
Error: get register list failed
Info : Failed detecting Target Description Support, disabling
Warn : Prefer GDB command "target extended-remote :3333" instead of "target remote :3333"
Warn : RTOS FreeRTOS not detected. (GDB could not find symbol 'pxReadyTasksLists')
Info : accepting 'tcl' connection on tcp/6666
Open On-Chip Debugger v0.12.0-esp32-20250707 (2025-07-06-17:44)
Error: Don't have the number of threads in FreeRTOS!
Info : [esp32p4.hp.cpu0] Target halted, PC=0x40020AF4, debug_reason=00000000
Info : [esp32p4.hp.cpu0] Halt cause (5) - (PMP Load access fault)
Info : [esp32p4.hp.cpu1] Target halted, PC=0x4000C5B0, debug_reason=00000000
    TargetName         Type       Endian TapName            State       
--  ------------------ ---------- ------ ------------------ ------------
 0* esp32p4.hp.cpu0    esp32p4    little esp32p4.tap1       halted
 1  esp32p4.hp.cpu1    esp32p4    little esp32p4.tap1       halted
===== RISC-V Registers
(0) zero (/32): 0x00000000
(1) ra (/32): 0x40020b2c
(2) sp (/32): 0x4ff516f8
(3) gp (/32): 0x4ff4eaf4
(4) tp (/32): 0x00000000
(5) t0 (/32): 0x00000000
(6) t1 (/32): 0x20000000
(7) t2 (/32): 0x00000000
(8) fp (/32): 0x00000001
(9) s1 (/32): 0x0000000b
(10) a0 (/32): 0x00000001
(11) a1 (/32): 0x40212158
(12) a2 (/32): 0x4ff51720
(13) a3 (/32): 0x80007881
(14) a4 (/32): 0x4ff5177c
(15) a5 (/32): 0x00000001
(16) a6 (/32): 0x00000000
(17) a7 (/32): 0x00000010
(18) s2 (/32): 0x0000000b
(19) s3 (/32): 0x00000000
(20) s4 (/32): 0x00000000
(21) s5 (/32): 0x4ff5173c
(22) s6 (/32): 0x4ff5177c
(23) s7 (/32): 0x00000010
(24) s8 (/32): 0x00000059
(25) s9 (/32): 0x40231000
(26) s10 (/32): 0x40212000
(27) s11 (/32): 0x00000000
(28) t3 (/32): 0x00000000
(29) t4 (/32): 0x4ff51170
(30) t5 (/32): 0x00000000
(31) t6 (/32): 0x00000000
(32) pc (/32)
(33) ft0 (/32)
(34) ft1 (/32)
(35) ft2 (/32)
(36) ft3 (/32)
(37) ft4 (/32)
(38) ft5 (/32)
(39) ft6 (/32)
(40) ft7 (/32)
(41) fs0 (/32)
(42) fs1 (/32)
(43) fa0 (/32)
(44) fa1 (/32)
(45) fa2 (/32)
(46) fa3 (/32)
(47) fa4 (/32)
(48) fa5 (/32)
(49) fa6 (/32)
(50) fa7 (/32)
(51) fs2 (/32)
(52) fs3 (/32)
(53) fs4 (/32)
(54) fs5 (/32)
(55) fs6 (/32)
(56) fs7 (/32)
(57) fs8 (/32)
(58) fs9 (/32)
(59) fs10 (/32)
(60) fs11 (/32)
(61) ft8 (/32)
(62) ft9 (/32)
(63) ft10 (/32)
(64) ft11 (/32)
(833) mstatus (/32)
(834) misa (/32)
(837) mie (/32)
(838) mtvec (/32)
(839) mcounteren (/32)
(840) mtvt (/32)
(865) mcountinhibit (/32)
(873) mhpmevent8 (/32)
(874) mhpmevent9 (/32)
(878) mhpmevent13 (/32)
(897) mscratch (/32)
(898) mepc (/32)
(899) mcause (/32): 0x30000005
(900) mtval (/32)
(901) mip (/32)
(902) mnxti (/32)
(903) mintstatus (/32)
(905) mscratchcsw (/32)
(906) mscratchcswl (/32)
(913) csr_mclicbase (/32)
(993) pmpcfg0 (/32)
(994) pmpcfg1 (/32)
(995) pmpcfg2 (/32)
(996) pmpcfg3 (/32)
(1009) pmpaddr0 (/32)
(1010) pmpaddr1 (/32)
(1011) pmpaddr2 (/32)
(1012) pmpaddr3 (/32)
(1013) pmpaddr4 (/32)
(1014) pmpaddr5 (/32)
(1015) pmpaddr6 (/32)
(1016) pmpaddr7 (/32)
(1017) pmpaddr8 (/32)
(1018) pmpaddr9 (/32)
(1019) pmpaddr10 (/32)
(1020) pmpaddr11 (/32)
(1021) pmpaddr12 (/32)
(1022) pmpaddr13 (/32)
(1023) pmpaddr14 (/32)
(1024) pmpaddr15 (/32)
(2017) tselect (/32)
(2018) tdata1 (/32)
(2019) tdata2 (/32)
(2020) tdata3 (/32)
(2021) tinfo (/32)
(2022) tcontrol (/32)
(2025) mcontext (/32)
(2033) dcsr (/32)
(2034) dpc (/32): 0x40020af4
(2035) dscratch0 (/32)
(2036) dscratch1 (/32)
(2049) csr_mxstatus (/32)
(2050) csr_mhcr (/32)
(2054) csr_mhint (/32)
(2081) csr_mraddr (/32)
(2082) csr_mexstatus (/32)
(2083) csr_mnmicause (/32)
(2084) csr_mnmipc (/32)
(2085) csr_cpu_testbus_ctrl (/32)
(2116) csr_gpio_oen_user (/32)
(2117) csr_gpio_in_user (/32)
(2118) csr_gpio_out_user (/32)
(2129) csr_pm_user (/32)
(2881) mcycle (/32)
(2883) minstret (/32)
(2889) mhpmcounter8 (/32)
(2890) mhpmcounter9 (/32)
(2894) mhpmcounter13 (/32)
(3009) mcycleh (/32)
(3011) minstreth (/32)
(3017) mhpmcounter8h (/32)
(3018) mhpmcounter9h (/32)
(3022) mhpmcounter13h (/32)
(3073) csr_pma_cfg0 (/32)
(3074) csr_pma_cfg1 (/32)
(3075) csr_pma_cfg2 (/32)
(3076) csr_pma_cfg3 (/32)
(3077) csr_pma_cfg4 (/32)
(3078) csr_pma_cfg5 (/32)
(3079) csr_pma_cfg6 (/32)
(3080) csr_pma_cfg7 (/32)
(3081) csr_pma_cfg8 (/32)
(3082) csr_pma_cfg9 (/32)
(3083) csr_pma_cfg10 (/32)
(3084) csr_pma_cfg11 (/32)
(3085) csr_pma_cfg12 (/32)
(3086) csr_pma_cfg13 (/32)
(3087) csr_pma_cfg14 (/32)
(3088) csr_pma_cfg15 (/32)
(3089) csr_pma_addr0 (/32)
(3090) csr_pma_addr1 (/32)
(3091) csr_pma_addr2 (/32)
(3092) csr_pma_addr3 (/32)
(3093) csr_pma_addr4 (/32)
(3094) csr_pma_addr5 (/32)
(3095) csr_pma_addr6 (/32)
(3096) csr_pma_addr7 (/32)
(3097) csr_pma_addr8 (/32)
(3098) csr_pma_addr9 (/32)
(3099) csr_pma_addr10 (/32)
(3100) csr_pma_addr11 (/32)
(3101) csr_pma_addr12 (/32)
(3102) csr_pma_addr13 (/32)
(3103) csr_pma_addr14 (/32)
(3104) csr_pma_addr15 (/32)
(3922) mvendorid (/32)
(3923) marchid (/32)
(3924) mimpid (/32)
(3925) mhartid (/32)
(4161) priv (/8)
Error: Invalid command argument
D:\.espressif\tools\openocd-esp32\v0.12.0-esp32-20250707\openocd-esp32\share\openocd\scripts/target/esp_common.cfg:9: Error: Target: esp32p4.tap1 is unknown, try one of:

    TargetName         Type       Endian TapName            State       
--  ------------------ ---------- ------ ------------------ ------------
 0* esp32p4.hp.cpu0    esp32p4    little esp32p4.tap1       halted
 1  esp32p4.hp.cpu1    esp32p4    little esp32p4.tap1       halted
Traceback (most recent call last):
  File "D:\.espressif\tools\openocd-esp32\v0.12.0-esp32-20250707\openocd-esp32\share\openocd\scripts/target/esp_common.cfg", line 9, in script
===== RISC-V Registers
(0) zero (/32): 0x00000000
(1) ra (/32): 0x40020b2c
(2) sp (/32): 0x4ff516f8
(3) gp (/32): 0x4ff4eaf4
(4) tp (/32): 0x00000000
(5) t0 (/32): 0x00000000
(6) t1 (/32): 0x20000000
(7) t2 (/32): 0x00000000
(8) fp (/32): 0x00000001
(9) s1 (/32): 0x0000000b
(10) a0 (/32): 0x00000001
(11) a1 (/32): 0x40212158
(12) a2 (/32): 0x4ff51720
(13) a3 (/32): 0x80007881
(14) a4 (/32): 0x4ff5177c
(15) a5 (/32): 0x00000001
(16) a6 (/32): 0x00000000
(17) a7 (/32): 0x00000010
(18) s2 (/32): 0x0000000b
(19) s3 (/32): 0x00000000
(20) s4 (/32): 0x00000000
(21) s5 (/32): 0x4ff5173c
(22) s6 (/32): 0x4ff5177c
(23) s7 (/32): 0x00000010
(24) s8 (/32): 0x00000059
(25) s9 (/32): 0x40231000
(26) s10 (/32): 0x40212000
(27) s11 (/32): 0x00000000
(28) t3 (/32): 0x00000000
(29) t4 (/32): 0x4ff51170
(30) t5 (/32): 0x00000000
(31) t6 (/32): 0x00000000
(32) pc (/32)
(33) ft0 (/32)
(34) ft1 (/32)
(35) ft2 (/32)
(36) ft3 (/32)
(37) ft4 (/32)
(38) ft5 (/32)
(39) ft6 (/32)
(40) ft7 (/32)
(41) fs0 (/32)
(42) fs1 (/32)
(43) fa0 (/32)
(44) fa1 (/32)
(45) fa2 (/32)
(46) fa3 (/32)
(47) fa4 (/32)
(48) fa5 (/32)
(49) fa6 (/32)
(50) fa7 (/32)
(51) fs2 (/32)
(52) fs3 (/32)
(53) fs4 (/32)
(54) fs5 (/32)
(55) fs6 (/32)
(56) fs7 (/32)
(57) fs8 (/32)
(58) fs9 (/32)
(59) fs10 (/32)
(60) fs11 (/32)
(61) ft8 (/32)
(62) ft9 (/32)
(63) ft10 (/32)
(64) ft11 (/32)
(833) mstatus (/32)
(834) misa (/32)
(837) mie (/32)
(838) mtvec (/32)
(839) mcounteren (/32)
(840) mtvt (/32)
(865) mcountinhibit (/32)
(873) mhpmevent8 (/32)
(874) mhpmevent9 (/32)
(878) mhpmevent13 (/32)
(897) mscratch (/32)
(898) mepc (/32)
(899) mcause (/32): 0x30000005
(900) mtval (/32)
(901) mip (/32)
(902) mnxti (/32)
(903) mintstatus (/32)
(905) mscratchcsw (/32)
(906) mscratchcswl (/32)
(913) csr_mclicbase (/32)
(993) pmpcfg0 (/32)
(994) pmpcfg1 (/32)
(995) pmpcfg2 (/32)
(996) pmpcfg3 (/32)
(1009) pmpaddr0 (/32)
(1010) pmpaddr1 (/32)
(1011) pmpaddr2 (/32)
(1012) pmpaddr3 (/32)
(1013) pmpaddr4 (/32)
(1014) pmpaddr5 (/32)
(1015) pmpaddr6 (/32)
(1016) pmpaddr7 (/32)
(1017) pmpaddr8 (/32)
(1018) pmpaddr9 (/32)
(1019) pmpaddr10 (/32)
(1020) pmpaddr11 (/32)
(1021) pmpaddr12 (/32)
(1022) pmpaddr13 (/32)
(1023) pmpaddr14 (/32)
(1024) pmpaddr15 (/32)
(2017) tselect (/32)
(2018) tdata1 (/32)
(2019) tdata2 (/32)
(2020) tdata3 (/32)
(2021) tinfo (/32)
(2022) tcontrol (/32)
(2025) mcontext (/32)
(2033) dcsr (/32)
(2034) dpc (/32): 0x40020af4
(2035) dscratch0 (/32)
(2036) dscratch1 (/32)
(2049) csr_mxstatus (/32)
(2050) csr_mhcr (/32)
(2054) csr_mhint (/32)
(2081) csr_mraddr (/32)
(2082) csr_mexstatus (/32)
(2083) csr_mnmicause (/32)
(2084) csr_mnmipc (/32)
(2085) csr_cpu_testbus_ctrl (/32)
(2116) csr_gpio_oen_user (/32)
(2117) csr_gpio_in_user (/32)
(2118) csr_gpio_out_user (/32)
(2129) csr_pm_user (/32)
(2881) mcycle (/32)
(2883) minstret (/32)
(2889) mhpmcounter8 (/32)
(2890) mhpmcounter9 (/32)
(2894) mhpmcounter13 (/32)
(3009) mcycleh (/32)
(3011) minstreth (/32)
(3017) mhpmcounter8h (/32)
(3018) mhpmcounter9h (/32)
(3022) mhpmcounter13h (/32)
(3073) csr_pma_cfg0 (/32)
(3074) csr_pma_cfg1 (/32)
(3075) csr_pma_cfg2 (/32)
(3076) csr_pma_cfg3 (/32)
(3077) csr_pma_cfg4 (/32)
(3078) csr_pma_cfg5 (/32)
(3079) csr_pma_cfg6 (/32)
(3080) csr_pma_cfg7 (/32)
(3081) csr_pma_cfg8 (/32)
(3082) csr_pma_cfg9 (/32)
(3083) csr_pma_cfg10 (/32)
(3084) csr_pma_cfg11 (/32)
(3085) csr_pma_cfg12 (/32)
(3086) csr_pma_cfg13 (/32)
(3087) csr_pma_cfg14 (/32)
(3088) csr_pma_cfg15 (/32)
(3089) csr_pma_addr0 (/32)
(3090) csr_pma_addr1 (/32)
(3091) csr_pma_addr2 (/32)
(3092) csr_pma_addr3 (/32)
(3093) csr_pma_addr4 (/32)
(3094) csr_pma_addr5 (/32)
(3095) csr_pma_addr6 (/32)
(3096) csr_pma_addr7 (/32)
(3097) csr_pma_addr8 (/32)
(3098) csr_pma_addr9 (/32)
(3099) csr_pma_addr10 (/32)
(3100) csr_pma_addr11 (/32)
(3101) csr_pma_addr12 (/32)
(3102) csr_pma_addr13 (/32)
(3103) csr_pma_addr14 (/32)
(3104) csr_pma_addr15 (/32)
(3922) mvendorid (/32)
(3923) marchid (/32)
(3924) mimpid (/32)
(3925) mhartid (/32)
(4161) priv (/8)
===== RISC-V Registers
(0) zero (/32)
(1) ra (/32)
(2) sp (/32)
(3) gp (/32)
(4) tp (/32)
(5) t0 (/32)
(6) t1 (/32)
(7) t2 (/32)
(8) fp (/32)
(9) s1 (/32)
(10) a0 (/32)
(11) a1 (/32)
(12) a2 (/32)
(13) a3 (/32)
(14) a4 (/32)
(15) a5 (/32)
(16) a6 (/32)
(17) a7 (/32)
(18) s2 (/32)
(19) s3 (/32)
(20) s4 (/32)
(21) s5 (/32)
(22) s6 (/32)
(23) s7 (/32)
(24) s8 (/32)
(25) s9 (/32)
(26) s10 (/32)
(27) s11 (/32)
(28) t3 (/32)
(29) t4 (/32)
(30) t5 (/32)
(31) t6 (/32)
(32) pc (/32)
(33) ft0 (/32)
(34) ft1 (/32)
(35) ft2 (/32)
(36) ft3 (/32)
(37) ft4 (/32)
(38) ft5 (/32)
(39) ft6 (/32)
(40) ft7 (/32)
(41) fs0 (/32)
(42) fs1 (/32)
(43) fa0 (/32)
(44) fa1 (/32)
(45) fa2 (/32)
(46) fa3 (/32)
(47) fa4 (/32)
(48) fa5 (/32)
(49) fa6 (/32)
(50) fa7 (/32)
(51) fs2 (/32)
(52) fs3 (/32)
(53) fs4 (/32)
(54) fs5 (/32)
(55) fs6 (/32)
(56) fs7 (/32)
(57) fs8 (/32)
(58) fs9 (/32)
(59) fs10 (/32)
(60) fs11 (/32)
(61) ft8 (/32)
(62) ft9 (/32)
(63) ft10 (/32)
(64) ft11 (/32)
(833) mstatus (/32)
(834) misa (/32)
(837) mie (/32)
(838) mtvec (/32)
(839) mcounteren (/32)
(840) mtvt (/32)
(865) mcountinhibit (/32)
(873) mhpmevent8 (/32)
(874) mhpmevent9 (/32)
(878) mhpmevent13 (/32)
(897) mscratch (/32)
(898) mepc (/32)
(899) mcause (/32): 0xb8000010
(900) mtval (/32)
(901) mip (/32)
(902) mnxti (/32)
(903) mintstatus (/32)
(905) mscratchcsw (/32)
(906) mscratchcswl (/32)
(913) csr_mclicbase (/32)
(993) pmpcfg0 (/32)
(994) pmpcfg1 (/32)
(995) pmpcfg2 (/32)
(996) pmpcfg3 (/32)
(1009) pmpaddr0 (/32)
(1010) pmpaddr1 (/32)
(1011) pmpaddr2 (/32)
(1012) pmpaddr3 (/32)
(1013) pmpaddr4 (/32)
(1014) pmpaddr5 (/32)
(1015) pmpaddr6 (/32)
(1016) pmpaddr7 (/32)
(1017) pmpaddr8 (/32)
(1018) pmpaddr9 (/32)
(1019) pmpaddr10 (/32)
(1020) pmpaddr11 (/32)
(1021) pmpaddr12 (/32)
(1022) pmpaddr13 (/32)
(1023) pmpaddr14 (/32)
(1024) pmpaddr15 (/32)
(2017) tselect (/32)
(2018) tdata1 (/32)
(2019) tdata2 (/32)
(2020) tdata3 (/32)
(2021) tinfo (/32)
(2022) tcontrol (/32)
(2025) mcontext (/32)
(2033) dcsr (/32)
(2034) dpc (/32): 0x4000c5b0
(2035) dscratch0 (/32)
(2036) dscratch1 (/32)
(2049) csr_mxstatus (/32)
(2050) csr_mhcr (/32)
(2054) csr_mhint (/32)
(2081) csr_mraddr (/32)
(2082) csr_mexstatus (/32)
(2083) csr_mnmicause (/32)
(2084) csr_mnmipc (/32)
(2085) csr_cpu_testbus_ctrl (/32)
(2116) csr_gpio_oen_user (/32)
(2117) csr_gpio_in_user (/32)
(2118) csr_gpio_out_user (/32)
(2129) csr_pm_user (/32)
(2881) mcycle (/32)
(2883) minstret (/32)
(2889) mhpmcounter8 (/32)
(2890) mhpmcounter9 (/32)
(2894) mhpmcounter13 (/32)
(3009) mcycleh (/32)
(3011) minstreth (/32)
(3017) mhpmcounter8h (/32)
(3018) mhpmcounter9h (/32)
(3022) mhpmcounter13h (/32)
(3073) csr_pma_cfg0 (/32)
(3074) csr_pma_cfg1 (/32)
(3075) csr_pma_cfg2 (/32)
(3076) csr_pma_cfg3 (/32)
(3077) csr_pma_cfg4 (/32)
(3078) csr_pma_cfg5 (/32)
(3079) csr_pma_cfg6 (/32)
(3080) csr_pma_cfg7 (/32)
(3081) csr_pma_cfg8 (/32)
(3082) csr_pma_cfg9 (/32)
(3083) csr_pma_cfg10 (/32)
(3084) csr_pma_cfg11 (/32)
(3085) csr_pma_cfg12 (/32)
(3086) csr_pma_cfg13 (/32)
(3087) csr_pma_cfg14 (/32)
(3088) csr_pma_cfg15 (/32)
(3089) csr_pma_addr0 (/32)
(3090) csr_pma_addr1 (/32)
(3091) csr_pma_addr2 (/32)
(3092) csr_pma_addr3 (/32)
(3093) csr_pma_addr4 (/32)
(3094) csr_pma_addr5 (/32)
(3095) csr_pma_addr6 (/32)
(3096) csr_pma_addr7 (/32)
(3097) csr_pma_addr8 (/32)
(3098) csr_pma_addr9 (/32)
(3099) csr_pma_addr10 (/32)
(3100) csr_pma_addr11 (/32)
(3101) csr_pma_addr12 (/32)
(3102) csr_pma_addr13 (/32)
(3103) csr_pma_addr14 (/32)
(3104) csr_pma_addr15 (/32)
(3922) mvendorid (/32)
(3923) marchid (/32)
(3924) mimpid (/32)
(3925) mhartid (/32)
(4161) priv (/8)
Info : [esp32p4.hp.cpu0] Found 3 triggers
Info : [esp32p4.hp.cpu0] Target halted, PC=0x40020AF8, debug_reason=00000004
Info : [esp32p4.hp.cpu0] Halt cause (5) - (PMP Load access fault)
Info : [esp32p4.hp.cpu1] Found 3 triggers
Info : [esp32p4.hp.cpu1] Target halted, PC=0x4000C5B0, debug_reason=00000004
Info : dropped 'tcl' connection
Info : accepting 'tcl' connection on tcp/6666
shutdown command invoked
