Open On-Chip Debugger v0.12.0-esp32-20250707 (2025-07-06-17:44)
Licensed under GNU GPL v2
For bug reports, read
	http://openocd.org/doc/doxygen/bugs.html
Info : esp_usb_jtag: VID set to 0x303a and PID to 0x1001
Info : esp_usb_jtag: capabilities descriptor set to 0x2000
Info : esp_usb_jtag: serial (E8:F6:0A:E3:A9:5F)
Info : esp_usb_jtag: Device found. Base speed 24000KHz, div range 1 to 255
Info : clock speed 4000 kHz
Info : JTAG tap: esp32p4.tap0 tap/device found: 0x00012c25 (mfg: 0x612 (Espressif Systems), part: 0x0012, ver: 0x0)
Info : JTAG tap: esp32p4.tap1 tap/device found: 0x00012c25 (mfg: 0x612 (Espressif Systems), part: 0x0012, ver: 0x0)
Info : [esp32p4.hp.cpu0] datacount=1 progbufsize=2
Info : [esp32p4.hp.cpu0] Core 0 made part of halt group 1.
Info : [esp32p4.hp.cpu0] Examined RISC-V core; found 2 harts
Info : [esp32p4.hp.cpu0]  XLEN=32, misa=0x40903127
Info : [esp32p4.hp.cpu0] Examination succeed
Info : [esp32p4.hp.cpu1] datacount=1 progbufsize=2
Info : [esp32p4.hp.cpu1] Core 1 made part of halt group 1.
Info : [esp32p4.hp.cpu1] Examined RISC-V core; found 2 harts
Info : [esp32p4.hp.cpu1]  XLEN=32, misa=0x40903127
Info : [esp32p4.hp.cpu1] Examination succeed
Info : [esp32p4.hp.cpu0] gdb port disabled
Info : [esp32p4.hp.cpu1] gdb port disabled
Info : Listening on port 6679 for tcl connections
Info : telnet server disabled
Info : accepting 'tcl' connection on tcp/6679
Info : [esp32p4.hp.cpu0] Target halted, PC=0x40028040, debug_reason=00000000
Info : [esp32p4.hp.cpu1] Target halted, PC=0x4FF429AE, debug_reason=00000000
Info : [esp32p4.hp.cpu1] Halt cause (11) - (ECALL from M mode)
dpc (/32): 0x40028040
ra (/32): 0x4002801e
sp (/32): 0x4ff633f0
mepc (/32): 0x400240a0
mcause (/32): 0x88000015
mtval (/32): 0x00000000
dpc (/32): 0x4ff429ae
ra (/32): 0x4ff4299c
sp (/32): 0x4ffa62f0
mepc (/32): 0x4ff429ae
mcause (/32): 0x0800000b
mtval (/32): 0x00000000
0x0 0x0 0x0 0x0 0x0 0x0 0x0 0x0 0x0 0x0 0x0 0x0 0x0 0x0 0x0 0x0
0x0
0x0
0x80006081 0x80006081
0x4ffa6f80 0x4ff61704
0x0 0x0 0x4ff63480 0x4ffa707c 0x0 0x0 0x0 0x0 0x0 0x0 0x0 0x0 0x0 0x2 0xe0 0xe0 0x4001130e 0x400124ea 0x4 0x0 0x3 0x200a 0x0 0x14 0x0 0x0 0x0 0x0 0x0 0x790 0x4ff62c80 0x4ff62cf0 0x0 0x0 0x0 0x0 0x0 0x0 0x0 0x0 0x0 0x0 0x0 0x0 0x0 0x0 0x6f777068 0x6b72 0x0 0x0 0x0 0x0 0x0 0x0 0x1 0x0 0x0 0x0 0x0
0x0 0x0 0x4ff63480 0x4ffa6f8c 0x0 0x0 0x0 0x0 0x0 0x0 0x0 0x0 0x0 0x1 0x0 0x0 0x4000d37a 0x4000d37a 0x4 0x1 0x3 0x22 0x0 0x0 0x0 0x0 0x0 0x0 0x0 0x7c0 0x4ffa5b28 0x4ffa5b68 0x0 0x0 0x0 0x0 0x0 0x0 0x0 0x0 0x0 0x0 0x0 0xa6 0x0 0x0 0x31555043 0x4c444920 0x45 0x0 0x0 0x0 0x0 0x0 0x1 0x0 0x0 0x0 0x0
0x402a2d20 0x2c 0x5 0x0 0x0 0x0 0x1 0x4ff4c9dc 0x5dc000 0x180 0x2 0x3e80 0x10 0x4ffacd18 0x4fface40 0x0 0x0 0x0 0x0 0x0 0x0 0x0 0x0 0x2f75 0x0 0x4ff4c87c 0x0 0x0 0x0 0x0 0x0 0x0 0x0 0x0 0x0 0x0 0x0 0x30b7 0x0 0x4ff4c87c 0x0 0x0 0x1000000 0x3 0x0 0x0 0x0 0x4ff4c98c 0x0 0x0 0x0 0x0 0x0 0x0 0x0 0x0 0x0 0x0 0x4ff4c93c 0x0 0x0 0x0 0x0 0x0 0x0 0x0 0x0 0x0 0x4ff4c964 0x0 0x0 0x40015c7a 0x1a 0x4ffacec8 0x0 0x0 0x0 0xffffff83 0x0 0x0 0x0 0x40015c7a 0x1a 0x4ffacec8 0x0 0x0 0x0 0xffffff83
0x0 0x0 0x10 0x3e80 0x2 0xd0101 0x0 0x0 0xb090a0c 0x0 0x4ff5f410 0x4ff64a4c
0x500c6000
0x0 0x0 0x0 0xf 0x0 0x0 0x0 0x0 0x1683408 0x41687200 0x787bc00f 0x787bc00f 0x0 0x0 0x0 0x0 0x4aa004 0x3f783c0 0xf8200000 0x0 0x10003 0x10003 0x0 0x0 0x810 0xfc0 0x0 0x1 0x10040 0x2cf4 0x331d6f 0x0 0x2303240
0x0
0x0
0x0
0x0
0x74617453 0x3a65 0x3a555043 0x0 0x756f7247 0x3a70 0x65707954 0x3a 0x4011259c 0x40112584 0x40112584 0x40112584 0x40112584 0x40112584 0x40112584 0x40112584 0x4011257e 0x40112584 0x40112584 0x40112584 0x4011256a 0x40112558 0x40112552 0x40112570 0x40112584 0x4011255e 0x40112552 0x40112584 0x40112584 0x40112564 0x40112642 0x40112648 0x401125e0 0x4011260c 0x40112612 0x40112618 0x40112622 0x4028c860 0x4028d2b4 0x40270d98 0x4028d2bc 0x4028d2c8 0x4028d2d4 0x4028d2dc 0x0 0x6e6b6e75 0x6e776f 0x756f7247 0x3a70 0x40113986 0x0 0x0 0x0 0x0 0x0 0x0 0x0 0x0 0x0 0x0 0x0 0x40113994 0x0 0x0 0x0 0x401139ac 0x40113998 0x0 0x40113ce0 0x40113aec 0x40113ce0 0x40113aec 0x40113cf8 0x40113cf8 0x40113c8e 0x40113aec 0x40113aec 0x40113cf8 0x401142f6 0x40113ed8 0x4011439c 0x40114364 0x401142ae 0x4011429a 0x40114242 0x401141ae 0x40114146 0x40114114 0x401143c8 0x401140dc 0x40113ee4 0x401140b4 0x40113f78 0x40113f64 0x40113f50 0x40113f3e 0x0 0x40116602 0x401164b4 0x401164b8 0x40116636 0x401165b4 0x4011655a 0x0 0x40116500 0x0 0x0 0x40116b5a 0x40116d0c 0x401164c6 0x0 0x0 0x0 0x0 0x0 0x0 0x401175f0 0x40117722 0x4011764c 0x40117650 0x40117656 0x40117764 0x4011766c 0x40117670 0x40117676 0x4011776a 0x4011776a 0x4011776a 0x4011776a 0x4011776a 0x4011776a 0x4011776a 0x4011776a 0x40117676 0x4011776a 0x401176dc 0x40117706 0x40117738 0x4011776a 0x4011776a 0x4011776a 0x40117692 0x401176d8 0x4011776a 0x4011776a 0x4011776a 0x4011776a 0x4011776a 0x4011776a 0x4011776a 0x4011776a 0x40117748 0x40117748 0x40117748 0x4011776a 0x4011776a 0x4011776a 0x4011776a 0x4011775e 0x4011776a 0x4011776a 0x4011776a 0x4011776a 0x4011776a 0x4011776a 0x4011776a 0x40117684 0x0 0x0 0x0 0x0 0x4011f756 0x4011f802 0x4011f8e0 0x4011f964 0x4011f9c0 0x4011f9e2 0x4011f9ca 0x4011f1d2 0x4011f956 0x75727466 0x7461636e 0x65 0x656c6966 0x7572745f 0x7461636e 0x65 0x6e65706f 0x6f6c625f 0x72646b63 0x72657669 0x0 0x736f6c63 0x6c625f65 0x646b636f 0x65766972 0x72 0x71696e75 0x625f6575 0x65646b6c 0x76 0x5f64746d 0x786f7270 0x79 0x70616d6d 0x0 0x656c6966 0x616d6d5f 0x5f70 0x616d6e75 0x6e615f70 0x6d796e6f 0x73756f 0x5f70616d 0x6e6f6e61 0x756f6d79 0x73 0x6d5f786e 0x746e756f 0x0 0x402717a4 0x4065cc48 0x40271768 0x4065ce40 0x0 0x0 0x40271b68 0x4065ccec 0x0 0x0 0x66706d74 0x6e755f73 0x70616d 0x401231b0 0x401216de 0x401222e8 0x4012216c 0x4012110c 0x40123a3e 0x40121e8a 0x40121a26 0x0 0x0 0x0 0x40121130 0x40121804 0x40123d3c 0x0 0x40122d06 0x401216fa 0x40121d4e 0x40121134 0x40121ce0 0x401225dc 0x401226f6 0x40122f60 0x40123a8c 0x40122a80 0x4012369c 0x40122878 0x0 0x0 0x72616d73 0x5f736674 0x64616572 0x0 0x72616d73 0x5f736674 0x74697277 0x65 0x72616d73 0x5f736674 0x616e6572 0x656d 0x4012533c 0x40124a8e 0x4012517c 0x40124e1c 0x40124d28 0x40124cb6 0x0 0x40124bbe 0x0 0x0 0x0 0x401249b2 0x40123e8a 0x401256be 0x0 0x4012454e 0x40123eae 0x40124802 0x40123e9c 0x401246b8 0x4012579e 0x40123ec4 0x40124444 0x40123fee 0x4012431a 0x40124112 0x401255b6 0x0 0x0 0x72616d73 0x5f736674 0x65747865 0x6966646e 0x656c 0x72616d73 0x5f736674 0x69726873 0x69666b6e 0x656c 0x72616d73 0x5f736674 0x6b656573 0x746e695f 0x616e7265 0x6c 0x72616d73 0x5f736674 0x636e7973 0x746e695f 0x616e7265 0x6c 0x72616d73 0x5f736674 0x6e756f63 0x72696474 0x72746e65 0x736569 0x72616d73 0x5f736674 0x656c6564 0x6e656574 0x797274 0x72616d73 0x5f736674 0x61657263 0x6e656574 0x797274 0x72616d73 0x5f736674 0x646e6966 0x65726964 0x7972746e 0x0 0x72616d73 0x5f736674 0x6e756f6d 0x74 0x636f7270 0x6f5f7366 0x646e6570 0x7269 0x636f7270 0x725f7366 0x64646165 0x7269 0x401269cc 0x40126e48 0x40126922 0x4012692c 0x0 0x4012694e 0x0 0x0 0x4012693c 0x0 0x0 0x0 0x40126952 0x40126a94 0x0 0x40126e76 0x40126e26 0x40126bbe 0x40126988 0x401269a0 0x401269a4 0x401269a8 0x0 0x0 0x0 0x0 0x40126ad2 0x0 0x0 0x4028dd10 0x4065d294 0x0 0x0 0x0 0x4028dd1c 0x4065d294 0x2 0x124 0x0 0x4028dd24 0x4065d040 0x1 0x124 0x0 0x4028dd2c 0x4065d078 0x1 0x124 0x0 0x4028dd34 0x4065d3b4 0x1 0x124 0x0 0x4028dd40 0x4065d3b4 0x1 0x124 0x0 0x4028dd4c 0x4065d3fc 0x0 0x0 0x0 0x4028dd5c 0x4065d3b4 0x1 0x124 0x0 0x4028dd68 0x4065d0b0 0x1 0x124 0x0 0x4028c5b0 0x4065d0e8 0x1 0x1b6 0x0 0x4028dd70 0x4065d110 0x1 0x124 0x0 0x4028dd78 0x40672f54 0x2 0x124 0x0 0x4028dd7c 0x40672f54 0x0 0x0 0x0 0x4028dd84 0x40671df4 0x1 0x124 0x0 0x4028dd90 0x4065d294 0x2 0x124 0x0 0x4028dd98 0x4065d294 0x0 0x0 0x0 0x4028dda0 0x4065d2dc 0x1 0x124 0x0 0x4028c95c 0x4065d310 0x1 0x124 0x0 0x4027f7d4 0x4065d348 0x1 0x124 0x0 0x69757063 0x5f6f666e 0x6e65706f 0x0 0x40127022 0x40127002 0x40126fd6 0x0 0x0 0x0 0x0 0x0 0x0 0x0 0x6c757063 0x5f64616f 0x6e65706f 0x0 0x40127128 0x40127108 0x40127060 0x0 0x0 0x0 0x0 0x0 0x0 0x0 0x69626f69 0x5f6f666e 0x6e65706f 0x0 0x40127260 0x40127240 0x4012718c 0x0 0x0 0x0 0x0 0x0 0x0 0x0 0x696d656d 0x5f6f666e 0x6e65706f 0x0 0x40127330 0x40127310 0x401272c6 0x40127538 0x0 0x0 0x0 0x0 0x0 0x0 0x40127330 0x40127310 0x401273b0 0x0 0x0 0x0 0x0 0x0 0x0 0x0 0x40127e0c 0x40128084 0x4012812a 0x40128188 0x401281c0 0x40128566 0x40128296 0x40128408 0x4012853c 0x636f7270 0x65706f5f 0x6e 0x636f7270 0x6165725f 0x64 0x636f7270 0x6165685f 0x65686370 0x775f6b63 0x65746972 0x0 0x636f7270 0x6972775f 0x6574 0x636f7270 0x65706f5f 0x7269646e 0x0 0x636f7270 0x6165725f 0x72696464 0x0 0x636f7270 0x6174735f 0x74 0x40271fa8 0x40271fb0 0x40271fb8 0x402837bc 0x4065d234 0x4065d228 0x4065d21c 0x4065d27c 0x4065d270 0x4065d264 0x4065d258 0x4065d24c 0x4065d240 0x4065d27c 0x4065d270 0x4065d264 0x4065d258 0x4065d24c 0x4065d240 0x4065d234 0x4065d228 0x4065d21c 0x4028e290 0x4028c550 0x809 0x4028e29c 0x4028cc8c 0x808 0x4028e2a8 0x40278aec 0x807 0x40289f10 0x40289f10 0x406 0x4029e4dc 0x4029e4dc 0x805 0x4028e2b8 0x4028e2b8 0x804 0x4028d070 0x4028d070 0x803 0x4028d078 0x4028d078 0x802 0x40278aec 0x40278aec 0x801 0x4029be98 0x4029be98 0x400 0x40127adc 0x4012790e 0x40127d7a 0x40127cb8 0x0 0x4012792e 0x401278fa 0x40127856
Info : [esp32p4.hp.cpu0] Found 3 triggers
Info : [esp32p4.hp.cpu0] Target halted, PC=0x4002803A, debug_reason=00000004
Info : [esp32p4.hp.cpu1] Found 3 triggers
Info : [esp32p4.hp.cpu1] Target halted, PC=0x4FF429B0, debug_reason=00000004
Info : [esp32p4.hp.cpu1] Halt cause (11) - (ECALL from M mode)
shutdown command invoked
