/tmp/v3-desktop-espdl-20260915/espdl-source/dl/tool/src/dl_tool.cpp
/tmp/v3-desktop-espdl-20260915/espdl-source/dl/tool/src/dl_tool_cache.cpp
/tmp/v3-desktop-espdl-20260915/espdl-source/dl/tensor/src/dl_tensor_base.cpp
/tmp/v3-desktop-espdl-20260915/espdl-source/dl/base/dl_base_add.cpp
/tmp/v3-desktop-espdl-20260915/espdl-source/dl/base/dl_base_add2d.cpp
/tmp/v3-desktop-espdl-20260915/espdl-source/dl/base/dl_base_and.cpp
/tmp/v3-desktop-espdl-20260915/espdl-source/dl/base/dl_base_avg_pool2d.cpp
/tmp/v3-desktop-espdl-20260915/espdl-source/dl/base/dl_base_conv2d.cpp
/tmp/v3-desktop-espdl-20260915/espdl-source/dl/base/dl_base_depthwise_conv2d.cpp
/tmp/v3-desktop-espdl-20260915/espdl-source/dl/base/dl_base_div.cpp
/tmp/v3-desktop-espdl-20260915/espdl-source/dl/base/dl_base_dotprod.cpp
/tmp/v3-desktop-espdl-20260915/espdl-source/dl/base/dl_base_elemwise.cpp
/tmp/v3-desktop-espdl-20260915/espdl-source/dl/base/dl_base_equal.cpp
/tmp/v3-desktop-espdl-20260915/espdl-source/dl/base/dl_base_greater.cpp
/tmp/v3-desktop-espdl-20260915/espdl-source/dl/base/dl_base_greaterorequal.cpp
/tmp/v3-desktop-espdl-20260915/espdl-source/dl/base/dl_base_leakyrelu.cpp
/tmp/v3-desktop-espdl-20260915/espdl-source/dl/base/dl_base_less.cpp
/tmp/v3-desktop-espdl-20260915/espdl-source/dl/base/dl_base_lessorequal.cpp
/tmp/v3-desktop-espdl-20260915/espdl-source/dl/base/dl_base_max.cpp
/tmp/v3-desktop-espdl-20260915/espdl-source/dl/base/dl_base_max2d.cpp
/tmp/v3-desktop-espdl-20260915/espdl-source/dl/base/dl_base_max_pool2d.cpp
/tmp/v3-desktop-espdl-20260915/espdl-source/dl/base/dl_base_min.cpp
/tmp/v3-desktop-espdl-20260915/espdl-source/dl/base/dl_base_min2d.cpp
/tmp/v3-desktop-espdl-20260915/espdl-source/dl/base/dl_base_mul.cpp
/tmp/v3-desktop-espdl-20260915/espdl-source/dl/base/dl_base_mul2d.cpp
/tmp/v3-desktop-espdl-20260915/espdl-source/dl/base/dl_base_or.cpp
/tmp/v3-desktop-espdl-20260915/espdl-source/dl/base/dl_base_pad.cpp
/tmp/v3-desktop-espdl-20260915/espdl-source/dl/base/dl_base_pow.cpp
/tmp/v3-desktop-espdl-20260915/espdl-source/dl/base/dl_base_prelu.cpp
/tmp/v3-desktop-espdl-20260915/espdl-source/dl/base/dl_base_relu.cpp
/tmp/v3-desktop-espdl-20260915/espdl-source/dl/base/dl_base_requantize_linear.cpp
/tmp/v3-desktop-espdl-20260915/espdl-source/dl/base/dl_base_resize.cpp
/tmp/v3-desktop-espdl-20260915/espdl-source/dl/base/dl_base_shape.cpp
/tmp/v3-desktop-espdl-20260915/espdl-source/dl/base/dl_base_sub.cpp
/tmp/v3-desktop-espdl-20260915/espdl-source/dl/base/dl_base_sub2d.cpp
/tmp/v3-desktop-espdl-20260915/espdl-source/dl/base/dl_base_xor.cpp
/tmp/v3-desktop-espdl-20260915/espdl-source/dl/math/src/dl_math.cpp
/tmp/v3-desktop-espdl-20260915/espdl-source/dl/math/src/dl_math_matrix.cpp
/tmp/v3-desktop-espdl-20260915/espdl-source/dl/model/src/dl_memory_manager.cpp
/tmp/v3-desktop-espdl-20260915/espdl-source/dl/model/src/dl_memory_manager_greedy.cpp
/tmp/v3-desktop-espdl-20260915/espdl-source/dl/model/src/dl_model_base.cpp
/tmp/v3-desktop-espdl-20260915/espdl-source/dl/model/src/dl_model_context.cpp
/tmp/v3-desktop-espdl-20260915/espdl-source/dl/module/src/dl_module_base.cpp
/tmp/v3-desktop-espdl-20260915/espdl-source/vision/image/dl_image_draw.cpp
/tmp/v3-desktop-espdl-20260915/espdl-source/vision/image/dl_image_pixel_cvt_dispatch_gray.cpp
/tmp/v3-desktop-espdl-20260915/espdl-source/vision/image/dl_image_pixel_cvt_dispatch_rgb565.cpp
/tmp/v3-desktop-espdl-20260915/espdl-source/vision/image/dl_image_pixel_cvt_dispatch_rgb888.cpp
/tmp/v3-desktop-espdl-20260915/espdl-source/vision/image/dl_image_preprocessor.cpp
/tmp/v3-desktop-espdl-20260915/espdl-source/vision/image/dl_image_process.cpp
/tmp/v3-desktop-espdl-20260915/espdl-source/vision/detect/dl_detect_base.cpp
/tmp/v3-desktop-espdl-20260915/espdl-source/vision/detect/dl_detect_espdet_postprocessor.cpp
/tmp/v3-desktop-espdl-20260915/espdl-source/vision/detect/dl_detect_mnp_postprocessor.cpp
/tmp/v3-desktop-espdl-20260915/espdl-source/vision/detect/dl_detect_msr_postprocessor.cpp
/tmp/v3-desktop-espdl-20260915/espdl-source/vision/detect/dl_detect_pico_postprocessor.cpp
/tmp/v3-desktop-espdl-20260915/espdl-source/vision/detect/dl_detect_postprocessor.cpp
/tmp/v3-desktop-espdl-20260915/espdl-source/vision/detect/dl_detect_yolo11_postprocessor.cpp
/tmp/v3-desktop-espdl-20260915/espdl-source/vision/detect/dl_pose_yolo11_postprocessor.cpp
/tmp/v3-desktop-espdl-20260915/espdl-source/vision/classification/dl_cls_base.cpp
/tmp/v3-desktop-espdl-20260915/espdl-source/vision/classification/dl_cls_postprocessor.cpp
/tmp/v3-desktop-espdl-20260915/espdl-source/vision/classification/imagenet_cls_postprocessor.cpp
/mnt/c/Users/wenji/Desktop/新建文件夹 (2)/v3-sources-20260914/v3-sources-20260914/04-v3-20260913/espdl-quickapp/overlay/apps/system/desktop/espdl_port/inference_backend.cpp
/mnt/c/Users/wenji/Desktop/新建文件夹 (2)/v3-sources-20260914/v3-sources-20260914/04-v3-20260913/espdl-quickapp/overlay/apps/system/desktop/espdl_port/kernel_verify.cpp
/mnt/c/Users/wenji/Desktop/新建文件夹 (2)/v3-sources-20260914/v3-sources-20260914/04-v3-20260913/espdl-quickapp/overlay/apps/system/desktop/espdl_port/model_verify.cpp
/mnt/c/Users/wenji/Desktop/新建文件夹 (2)/v3-sources-20260914/v3-sources-20260914/04-v3-20260913/espdl-quickapp/overlay/apps/system/desktop/espdl_port/nuttx_port.cpp
/mnt/c/Users/wenji/Desktop/新建文件夹 (2)/v3-sources-20260914/v3-sources-20260914/04-v3-20260913/espdl-quickapp/overlay/apps/system/desktop/espdl_port/context_verify.S
/mnt/c/Users/wenji/Desktop/新建文件夹 (2)/v3-sources-20260914/v3-sources-20260914/04-v3-20260913/espdl-quickapp/overlay/apps/system/desktop/espdl_port/fpu_verify.S
/tmp/v3-desktop-espdl-20260915/espdl-source/dl/tool/isa/esp32p4/dl_esp32p4_cfg.S
/tmp/v3-desktop-espdl-20260915/espdl-source/dl/tool/isa/esp32p4/dl_esp32p4_memcpy.S
/tmp/v3-desktop-espdl-20260915/espdl-source/dl/base/isa/esp32p4/dl_esp32p4_common.S
/tmp/v3-desktop-espdl-20260915/espdl-source/dl/base/isa/esp32p4/dl_esp32p4_dotprod.S
/tmp/v3-desktop-espdl-20260915/espdl-source/dl/base/isa/esp32p4/dl_esp32p4_prelu.S
/tmp/v3-desktop-espdl-20260915/espdl-source/dl/base/isa/esp32p4/dl_esp32p4_s16.S
/tmp/v3-desktop-espdl-20260915/espdl-source/dl/base/isa/esp32p4/dl_esp32p4_s16_add.S
/tmp/v3-desktop-espdl-20260915/espdl-source/dl/base/isa/esp32p4/dl_esp32p4_s16_add2d.S
/tmp/v3-desktop-espdl-20260915/espdl-source/dl/base/isa/esp32p4/dl_esp32p4_s16_and4d.S
/tmp/v3-desktop-espdl-20260915/espdl-source/dl/base/isa/esp32p4/dl_esp32p4_s16_conv2d.S
/tmp/v3-desktop-espdl-20260915/espdl-source/dl/base/isa/esp32p4/dl_esp32p4_s16_depthwise_conv2d.S
/tmp/v3-desktop-espdl-20260915/espdl-source/dl/base/isa/esp32p4/dl_esp32p4_s16_equal.S
/tmp/v3-desktop-espdl-20260915/espdl-source/dl/base/isa/esp32p4/dl_esp32p4_s16_greater.S
/tmp/v3-desktop-espdl-20260915/espdl-source/dl/base/isa/esp32p4/dl_esp32p4_s16_greaterorequal.S
/tmp/v3-desktop-espdl-20260915/espdl-source/dl/base/isa/esp32p4/dl_esp32p4_s16_less.S
/tmp/v3-desktop-espdl-20260915/espdl-source/dl/base/isa/esp32p4/dl_esp32p4_s16_lessorequal.S
/tmp/v3-desktop-espdl-20260915/espdl-source/dl/base/isa/esp32p4/dl_esp32p4_s16_max4d.S
/tmp/v3-desktop-espdl-20260915/espdl-source/dl/base/isa/esp32p4/dl_esp32p4_s16_min4d.S
/tmp/v3-desktop-espdl-20260915/espdl-source/dl/base/isa/esp32p4/dl_esp32p4_s16_mul.S
/tmp/v3-desktop-espdl-20260915/espdl-source/dl/base/isa/esp32p4/dl_esp32p4_s16_mul2d.S
/tmp/v3-desktop-espdl-20260915/espdl-source/dl/base/isa/esp32p4/dl_esp32p4_s16_not4d.S
/tmp/v3-desktop-espdl-20260915/espdl-source/dl/base/isa/esp32p4/dl_esp32p4_s16_or4d.S
/tmp/v3-desktop-espdl-20260915/espdl-source/dl/base/isa/esp32p4/dl_esp32p4_s16_requantize_linear.S
/tmp/v3-desktop-espdl-20260915/espdl-source/dl/base/isa/esp32p4/dl_esp32p4_s16_sub.S
/tmp/v3-desktop-espdl-20260915/espdl-source/dl/base/isa/esp32p4/dl_esp32p4_s16_unaligned_conv2d.S
/tmp/v3-desktop-espdl-20260915/espdl-source/dl/base/isa/esp32p4/dl_esp32p4_s16_unaligned_depthwise_conv2d.S
/tmp/v3-desktop-espdl-20260915/espdl-source/dl/base/isa/esp32p4/dl_esp32p4_s16_xor4d.S
/tmp/v3-desktop-espdl-20260915/espdl-source/dl/base/isa/esp32p4/dl_esp32p4_s8.S
/tmp/v3-desktop-espdl-20260915/espdl-source/dl/base/isa/esp32p4/dl_esp32p4_s8_add.S
/tmp/v3-desktop-espdl-20260915/espdl-source/dl/base/isa/esp32p4/dl_esp32p4_s8_add2d.S
/tmp/v3-desktop-espdl-20260915/espdl-source/dl/base/isa/esp32p4/dl_esp32p4_s8_and4d.S
/tmp/v3-desktop-espdl-20260915/espdl-source/dl/base/isa/esp32p4/dl_esp32p4_s8_avg_pool2d.S
/tmp/v3-desktop-espdl-20260915/espdl-source/dl/base/isa/esp32p4/dl_esp32p4_s8_conv2d.S
/tmp/v3-desktop-espdl-20260915/espdl-source/dl/base/isa/esp32p4/dl_esp32p4_s8_depthwise_conv2d.S
/tmp/v3-desktop-espdl-20260915/espdl-source/dl/base/isa/esp32p4/dl_esp32p4_s8_equal.S
/tmp/v3-desktop-espdl-20260915/espdl-source/dl/base/isa/esp32p4/dl_esp32p4_s8_greater.S
/tmp/v3-desktop-espdl-20260915/espdl-source/dl/base/isa/esp32p4/dl_esp32p4_s8_greaterorequal.S
/tmp/v3-desktop-espdl-20260915/espdl-source/dl/base/isa/esp32p4/dl_esp32p4_s8_less.S
/tmp/v3-desktop-espdl-20260915/espdl-source/dl/base/isa/esp32p4/dl_esp32p4_s8_lessorequal.S
/tmp/v3-desktop-espdl-20260915/espdl-source/dl/base/isa/esp32p4/dl_esp32p4_s8_max4d.S
/tmp/v3-desktop-espdl-20260915/espdl-source/dl/base/isa/esp32p4/dl_esp32p4_s8_max_pool2d.S
/tmp/v3-desktop-espdl-20260915/espdl-source/dl/base/isa/esp32p4/dl_esp32p4_s8_min4d.S
/tmp/v3-desktop-espdl-20260915/espdl-source/dl/base/isa/esp32p4/dl_esp32p4_s8_mul.S
/tmp/v3-desktop-espdl-20260915/espdl-source/dl/base/isa/esp32p4/dl_esp32p4_s8_mul2d.S
/tmp/v3-desktop-espdl-20260915/espdl-source/dl/base/isa/esp32p4/dl_esp32p4_s8_not4d.S
/tmp/v3-desktop-espdl-20260915/espdl-source/dl/base/isa/esp32p4/dl_esp32p4_s8_or4d.S
/tmp/v3-desktop-espdl-20260915/espdl-source/dl/base/isa/esp32p4/dl_esp32p4_s8_requantize_linear.S
/tmp/v3-desktop-espdl-20260915/espdl-source/dl/base/isa/esp32p4/dl_esp32p4_s8_resize.S
/tmp/v3-desktop-espdl-20260915/espdl-source/dl/base/isa/esp32p4/dl_esp32p4_s8_sub.S
/tmp/v3-desktop-espdl-20260915/espdl-source/dl/base/isa/esp32p4/dl_esp32p4_s8_unaligned_conv2d.S
/tmp/v3-desktop-espdl-20260915/espdl-source/dl/base/isa/esp32p4/dl_esp32p4_s8_unaligned_depthwise_conv2d.S
/tmp/v3-desktop-espdl-20260915/espdl-source/dl/base/isa/esp32p4/dl_esp32p4_s8_xor4d.S
/tmp/v3-desktop-espdl-20260915/espdl-source/vision/image/isa/esp32p4/dl_esp32p4_color_common.S
/tmp/v3-desktop-espdl-20260915/espdl-source/vision/image/isa/esp32p4/dl_esp32p4_color_const.S
/tmp/v3-desktop-espdl-20260915/espdl-source/vision/image/isa/esp32p4/dl_esp32p4_cvt_color_helper.S
/tmp/v3-desktop-espdl-20260915/espdl-source/vision/image/isa/esp32p4/dl_esp32p4_resize_nn_helper.S
