Open On-Chip Debugger v0.12.0-esp32-20250707 (2025-07-06-17:44)
Licensed under GNU GPL v2
For bug reports, read
	http://openocd.org/doc/doxygen/bugs.html
Info : esp_usb_jtag: VID set to 0x303a and PID to 0x1001
Info : esp_usb_jtag: capabilities descriptor set to 0x2000
DEPRECATED! use 'gdb memory_map', not 'gdb_memory_map'
DEPRECATED! use 'gdb flash_program', not 'gdb_flash_program'
Info : esp_usb_jtag: serial (E8:F6:0A:E3:A9:5F)
Info : esp_usb_jtag: Device found. Base speed 24000KHz, div range 1 to 255
Info : clock speed 4000 kHz
Info : JTAG tap: esp32p4.tap0 tap/device found: 0x00012c25 (mfg: 0x612 (Espressif Systems), part: 0x0012, ver: 0x0)
Info : JTAG tap: esp32p4.tap1 tap/device found: 0x00012c25 (mfg: 0x612 (Espressif Systems), part: 0x0012, ver: 0x0)
Info : [esp32p4.hp.cpu0] datacount=1 progbufsize=2
Info : [esp32p4.hp.cpu0] Core 0 made part of halt group 1.
Info : [esp32p4.hp.cpu0] Examined RISC-V core; found 2 harts
Info : [esp32p4.hp.cpu0]  XLEN=32, misa=0x40903127
Info : [esp32p4.hp.cpu0] Examination succeed
Info : [esp32p4.hp.cpu1] datacount=1 progbufsize=2
Info : [esp32p4.hp.cpu1] Core 1 made part of halt group 1.
Info : [esp32p4.hp.cpu1] Examined RISC-V core; found 2 harts
Info : [esp32p4.hp.cpu1]  XLEN=32, misa=0x40903127
Info : [esp32p4.hp.cpu1] Examination succeed
Info : [esp32p4.hp.cpu0] gdb port disabled
Info : [esp32p4.hp.cpu1] gdb port disabled
Info : Listening on port 6671 for tcl connections
Info : telnet server disabled
Info : accepting 'tcl' connection on tcp/6671
Open On-Chip Debugger v0.12.0-esp32-20250707 (2025-07-06-17:44)
Info : [esp32p4.hp.cpu0] Target halted, PC=0x4002EFF4, debug_reason=00000000
Info : [esp32p4.hp.cpu0] Halt cause (5) - (PMP Load access fault)
Info : [esp32p4.hp.cpu1] Target halted, PC=0x4000C5B0, debug_reason=00000000
    TargetName         Type       Endian TapName            State       
--  ------------------ ---------- ------ ------------------ ------------
 0* esp32p4.hp.cpu0    esp32p4    little esp32p4.tap1       halted
 1  esp32p4.hp.cpu1    esp32p4    little esp32p4.tap1       halted
sp (/32): 0x4ff51288
ra (/32): 0x4000c7f4
dpc (/32): 0x4002eff4
mepc (/32): 0x4001f9e4
mcause (/32): 0x30000005
mtval (/32): 0x0000000a
0x4ff51288: 4ff504c0 0000008c 000000d2 000009e8 00000000 00000281 4ff512d0 0a000026 
0x4ff512a8: 00000000 00000000 4ff51330 4001fa10 40212000 40231000 00000059 30303020 
sp (/32): 0x4ff510b8
ra (/32): 0x4000c59c
dpc (/32): 0x4000c5b0
mepc (/32): 0x4ff42570
mcause (/32): 0xb8000010
mtval (/32): 0x00000000
0x4ff510b8: 00000000 00000000 00000000 4000e79e 0000006e 00000000 00000000 00000000 
0x4ff510d8: 00000061 4ff504ac 00000000 4ff81270 00000000 00000001 4ff40460 400037b0 
0x4ff82878 0x4ff524f4
0x10 0x4ff816b8
0x4ff52408 0x4ff524f4 0x4ff82098 0x4ff82188 0x0 0x4ff82de8 0x4ff88188 0x0 0x4ff823c8 0x4ff825b8 0x0 0x4ff82878 0x0 0x0 0x0 0x0
0x0 0x0 0x4ff54270 0x4ff52500 0x0 0x0 0x0 0x0 0x0 0x0 0x0 0x0 0x0 0x0 0x0 0x0 0x4000c0d0 0x4000c0d0 0x3 0x0 0x3 0x22 0x0 0x0 0x0 0x0 0x0 0x0 0x0 0x7c0 0x4ff804e0 0x4ff80520 0x0 0x0 0x0 0x0 0x0 0x0 0x0 0x0 0x0 0x0 0x0 0x28 0x0 0x4ff809d0 0x30555043 0x4c444920 0x45 0x0 0x0 0x0 0x0 0x0
0x0 0x0 0x4ff54270 0x4ff820a4 0x0 0x0 0x0 0x0 0x0 0x0 0x0 0x0 0x0 0x1 0x0 0x0 0x4000c434 0x4000c434 0x4 0x1 0x3 0x22 0x0 0x0 0x0 0x0 0x0 0x0 0x0 0x7c0 0x4ff80ce0 0x4ff80d20 0x0 0x0 0x0 0x0 0x0 0x0 0x0 0x0 0x0 0x0 0x0 0x65 0x0 0x4ff81270 0x31555043 0x4c444920 0x45 0x0 0x0 0x0 0x0 0x0
0x4ff524f4: 00000000 00000000 4ff54270 4ff820a4 00000000 00000000 00000000 00000000 
0x4ff52514: 00000000 00000000 00000000 00000000 00000000 00000001 00000000 00000000 
0x4ff52534: 4000c434 4000c434 00000004 00000001 00000003 00000022 00000000 00000000 
0x4ff52554: 00000000 00000000 00000000 00000000 00000000 000007c0 4ff80ce0 4ff80d20 
0x4ff52574: 00000000 00000000 00000000 00000000 00000000 00000000 00000000 00000000 
0x4ff52594: 00000000 00000000 00000000 00000065 00000000 4ff81270 31555043 4c444920 
0x4ff525b4: 00000045 00000000 00000000 00000000 00000000 00000000 00000001 00000000 
0x4ff525d4: 00000000 00000000 00000000 4000361c 
0x4ff81270: 4ff42570 4ff4255e 4ff814b0 4ffbef70 00000000 4fc00d66 4ff41d70 4ffbef70 
0x4ff81290: 00000001 00000000 00000000 00000001 4ff504c0 00000000 00000001 3ff06000 
0x4ff812b0: 00000000 4ff504b0 00000000 00000000 00000000 00000000 00000000 00000000 
0x4ff812d0: 00000000 00000000 00000000 00000000 00000000 00000000 00000000 00000000 
0x4ff812f0: 80007881 00000000 00000000 00000000 80007881 4ff81390 4ff81390 40000fa2 
0x4ff80d20: dcd7438d bf6e0ebf 13f482c5 52e7ff9f 1d26eb01 8aa049b1 2380e9f3 21a44736 
0x4ff80d40: 2eca72cf f8a1aa2f d904ff7d a38effa8 15d5294e 419d07f7 6aa60b6b ecdc4f26 
0x4ff80d60: 3d09fba2 cfb4cf56 0d5f633d 20358260 f2fbbed5 2b589188 0ac970a7 679cfbe9 
0x4ff80d80: 41b62eff 593d71c6 e8d4dfbe 6cb75869 2e438644 d29bd01d 7f934ac3 ef30f2f4 
0x4ff80da0: 417de5f8 ee3a46cb 252f3dba c252cef7 05fde692 1df240f8 2d9eb6a4 5d29024f 
0x4ff80dc0: 91d51449 0c6d04ed be9c9f41 ebdc7dc0 f635212f e56a7025 fdf16458 db05dcdd 
0x4ff80de0: e6a4bbde 37e40289 5dc97493 0a28d72f fac05799 a4b552f4 2a8a9cbb 6f434248 
0x4ff80e00: 36304226 801bc99f c7b256c0 b539c24d 6cc01fbf 5ded5800 426e8048 17c2f605 
0x4ff80e20: 67ca6ef2 88a9089f 826cd35d 1488566d 9f9f6208 cf3460f1 e9f6b759 1d415fe8 
0x4ff80e40: a7d4b6ec 55002f37 c27251d3 9ba9d506 90fcddba 4ece777a de63aca1 e282b3a6 
0x4ff80e60: 042da524 7daed36b d6dfbbbd 0e710f1a 80b4c380 5489ab68 2c227d07 eeedf15c 
0x4ff80e80: af60c25a 9baa2a3b a5ea363c b6112e79 79dabb2b 87de3653 9d6feef4 034d903b 
0x4ff80ea0: 34b6f3d0 2722583f 859a3e7e 6a7efbea ea01718e 20e4d020 f932f54b cba5bd88 
0x4ff80ec0: 2ee2cb1c 74759924 fc3702e6 87db635a 8d21732e 09d72a9b a4e25523 e89d4685 
0x4ff80ee0: 25c67e96 089dd301 a52eb613 e4d110c8 afa74423 92b31ce2 49834e55 4f72383f 
0x4ff80f00: ba6359af fb3426cd 4b2457a0 2f2ac302 7fdb1907 b833d30e 17bcef04 4c6a9359 
0x4ff80f20: 6ab10ab6 926af873 03be8626 d67e8ef4 c6075840 23eb0f74 420daeb8 caa2770d 
0x4ff80f40: 946e64eb 4bac1457 7f447ee1 ffc8f981 55ea196c 43995ef1 ed86eacf 404e403e 
0x4ff80f60: 37afc948 c25f6ddc 2badc7cb 42d7c155 138eebca a47c13f7 849444ac cd5ff05b 
0x4ff80f80: 110546a0 ad2577b5 121a7db9 9e802e3d 2d1209cc fa55a9b4 0da68bc6 c3706b74 
0x4ff80fa0: 01b9ef50 3fcf719e 906de170 385f8ceb b643654d 6634b597 3abedd8e 7a9a0bf4 
0x4ff80fc0: 27c304ed 3c171461 37e19cbe 33a0f6e3 fe7a3416 b3da0fbe d4e5c76c 4af1d2f0 
0x4ff80fe0: 23d067bb c7ca52e0 8be12b53 038f96f3 2e89479b 6011b293 beecb95f 8575a260 
0x4ff81000: 3ddc3223 35a6fa18 10352faf 21c992de 1602998f 2b28cb56 a2306c79 aff83d81 
0x4ff81020: cdf37f51 2d35e53b e69c82ea 7aba9ce1 02b0c4a7 c05523f7 82ce2beb 95f437f3 
0x4ff81040: e44212b1 d55d7f58 473c411e 9cedacb9 04f6802b a407f239 2570c547 b593486f 
0x4ff81060: 55b73feb 1a548d8b 5acb9d70 c98e03ae 6c6a71d3 82d471ed e1b92702 e5bcabfb 
0x4ff81080: 6c3832d9 0e1d95b5 e57b1005 bc0f3484 80c09812 bc6bf709 943023ef 8e762553 
0x4ff810a0: ca14263d 85436874 54113394 7d3ec6b1 320c9a73 8df2dd35 22394319 9887ea4f 
0x4ff810c0: dd64ea79 7336a7f8 9f7ecfad 653704b4 92ed9335 c304fad8 16c496bd 7d414563 
0x4ff810e0: 4c9546e6 8e043c82 9b74d9cc d5d581c1 15e9219f 55f0cff7 a1e45af3 0b3e2727 
0x4ff81100: a55df082 3af587b4 e382508a f7601f2f 975ec846 d8c9832f c40edfc2 69f7bbe2 
0x4ff81120: 947cc964 6f1a7ade d13e29f1 efcafcc3 a2e6e7a9 01b10a3e 2c82e402 0fc9f1f1 
0x4ff81140: 99435864 1ea999df 27f01ecd 9de90c00 cee88a4b fd61ab27 87998a05 b20fa5e5 
0x4ff81160: 4215e2d5 119f63ff 8111c446 32ce10ce 46608084 57fe4fdf 2ce8abe8 7afe2c9c 
0x4ff81180: f8984c98 61e0e3b3 33c451be 32989eb8 1f446c27 2bad9679 e6a88523 6b111aea 
0x4ff811a0: 941e378c e396304f ae17052d aa4d7336 c5f3531a 25c5e97b e6ef4aeb 98bb14ed 
0x4ff811c0: c6e13c82 db343129 79d3ad6e 81e42c30 1957477c e30bfd6a c0bc49b2 6a8f785c 
0x4ff811e0: 9002667a 98a67762 e50273c3 46ee7b07 2b75db1c dc97bf7b e027364e 6254a6ce 
0x4ff81200: 99389d9f d9954a6f 4cba1b4e cc8b2146 abcfc414 db198c05 38165494 742a9fbe 
0x4ff81220: 2214c028 332d8f32 7451ef74 530b30ae 4002ee36 4ff42310 4ff81470 11b19be9 
0x4ff81240: 00000000 4fc00d66 00000004 4ffbef70 00000001 4ff50000 00000002 4ff524f4 
0x4ff81260: 40027d28 40022b0a 4ff814a0 00000000 4ff42570 4ff4255e 4ff814b0 4ffbef70 
0x4ff81280: 00000000 4fc00d66 4ff41d70 4ffbef70 00000001 00000000 00000000 00000001 
0x4ff812a0: 4ff504c0 00000000 00000001 3ff06000 00000000 4ff504b0 00000000 00000000 
0x4ff812c0: 00000000 00000000 00000000 00000000 00000000 00000000 00000000 00000000 
0x4ff812e0: 00000000 00000000 00000000 00000000 80007881 00000000 00000000 00000000 
0x4ff81300: 80007881 4ff81390 4ff81390 40000fa2 00000000 00000000 00000000 20000000 
0x4ff81320: 00000000 00000000 00010002 00000000 00003881 00000000 00000000 00000001 
0x4ff81340: 402310f0 4ff813d0 4ff813d0 40000fa2 00000000 00000000 00000000 0af8143c 
0x4ff81360: 00000000 4ff8143c 4ff813d0 4001d642 fffffffc 00000020 4ff81458 0000000a 
0x4ff81380: 00000000 00000000 4ff813b8 401e2766 00000000 00000000 4ff81458 4ff814b0 
0x4ff813a0: 00000000 4ff814b0 22000000 0000001d fffffffc 0000000a 4ff81458 40020600 
0x4ff813c0: 00000000 00000000 4ff813f8 0a000013 00000000 00000000 22000000 00000000 
0x4ff813e0: 00000000 00000000 22000000 00000000 00000000 00000000 22000000 00000000 
0x4ff81400: 00000000 00000000 00000000 00000000 00000000 00000000 00000000 00000000 
0x4ff81420: 00000000 00000000 00000000 00000000 00000000 00000000 00000000 00000000 
0x4ff81440: 00000000 00000000 00000000 00000000 00000000 00000000 00000000 00000000 
0x4ff81460: 00000000 00000000 00000000 00000000 00000000 00000000 00000000 00000000 
0x4ff81480: 00000000 00000000 00000000 00000000 00000000 00000000 00000000 00000000 
0x4ff814a0: 4fc00d66 00000000 00000001 40022b0a 4fc00d66 00000000 00000001 4000c478 
0x4ff814c0: 00000000 00000000 00000001 4ff4153a 00000000 00000000 00000000 4fc02940 
0x0 0x0 0x4ff54270 0x4ff82194 0x0 0x0 0x0 0x0 0x0 0x0 0x0 0x0 0x0 0x2 0xe0 0xe0 0x40010304 0x400114e0 0x6 0x1 0x3 0x200a 0x0 0x14 0x0 0x0 0x0 0x0 0x0 0x790 0x4ff53a70 0x4ff53ae0 0x4ff4b4d4 0x0 0x0 0x0 0x0 0x0 0x0 0x0 0x0 0x0 0x0 0x0 0x0 0x4ff53fb0 0x6f777068 0x6b72 0x0 0x0 0x0 0x0 0x0 0x0
0x0 0x0 0x4ff54270 0x4ff82df4 0x0 0x0 0x0 0x0 0x0 0x0 0x0 0x0 0x0 0x3 0x64 0x64 0x40010304 0x400114e0 0x6 0x1 0x3 0x200a 0x0 0x14 0x0 0x0 0x0 0x0 0x0 0x790 0x4ff53270 0x4ff532e0 0x4ff4b454 0x0 0x0 0x0 0x0 0x0 0x0 0x0 0x0 0x0 0x0 0x0 0x0 0x4ff537b0 0x6f77706c 0x6b72 0x0 0x0 0x0 0x0 0x0 0x0
0x0 0x0 0x4ff54270 0x0 0x0 0x0 0x0 0x0 0x0 0x0 0x0 0x0 0x0 0x5 0xae 0xae 0x40010304 0x40031884 0x8 0x1 0x3 0x220a 0x0 0x14 0x0 0x0 0x4ff82de8 0x0 0x127 0x1788 0x4ff82ed8 0x4ff82f48 0x4ff82c90 0x0 0x0 0x0 0x0 0x0 0x0 0x0 0x0 0x0 0x0 0x0 0x0 0x4ff84390 0x68627375 0x6275685f 0x30 0x0 0x0 0x0 0x0 0x0
0x4ff825b8 0x0 0x4ff88274 0x0 0x0 0x0 0x0 0x0 0x0 0x0 0x0 0x0 0x0 0x6 0x64 0x64 0x40010304 0x4003bfd8 0x7 0x0 0x3 0x2208 0x0 0xf 0x4ff82618 0x4ff50530 0x4ff88188 0x401dfdcc 0x1f1e 0x7fa8 0x483845c8 0x48384618 0x0 0x0 0x0 0x0 0x0 0x0 0x0 0x0 0x0 0x0 0x0 0x14 0x0 0x4838c170 0x6b736564 0x706f74 0x0 0x0 0x0 0x0 0x0 0x0
0x0 0x0 0x4ff824b4 0x0 0x0 0x0 0x0 0x0 0x0 0x0 0x0 0x0 0x0 0x8 0x64 0x64 0x40010304 0x400b2948 0x6 0x0 0x3 0x2208 0x0 0x14 0x0 0x0 0x0 0x0 0x0 0xfb0 0x4839fe20 0x4839fe70 0x4ff4b100 0x0 0x0 0x0 0x0 0x0 0x0 0x0 0x0 0x0 0x0 0x0 0x0 0x483a0950 0x68736e 0x0 0x0 0x0 0x0 0x0 0x0 0x0
0x0 0x4ff88188 0x4ff826a4 0x0 0x0 0x0 0x0 0x0 0x0 0x0 0x0 0x0 0x0 0x9 0x64 0x64 0x40010304 0x400aca56 0x7 0x0 0x3 0x2208 0x0 0x14 0x4ff52f10 0x4ff881e8 0x4ff825b8 0x401dfdcc 0x1f1e 0xfb0 0x483a14a0 0x483a14f0 0x0 0x0 0x0 0x0 0x0 0x0 0x0 0x0 0x0 0x0 0x0 0x28 0x0 0x483a2170 0x656e3663 0x74 0x0 0x0 0x0 0x0 0x0 0x0
0x0 0x0 0x4ff82964 0x0 0x0 0x0 0x0 0x0 0x0 0x0 0x0 0x0 0x0 0xb 0x64 0x64 0x40010304 0x400ab848 0x4 0x0 0x3 0x2208 0x2 0x14 0x0 0x0 0x4ff82878 0x0 0x1f1d 0x768 0x483a4818 0x483a48a8 0x0 0x0 0x0 0x0 0x0 0x0 0x0 0x0 0x0 0x0 0x0 0x1 0x0 0x483a4b20 0x5f50544e 0x6d656164 0x6e6f 0x0 0x0 0x0 0x0 0x0
0x4ff82878: 00000000 00000000 4ff82964 00000000 00000000 00000000 00000000 00000000 
0x4ff82898: 00000000 00000000 00000000 00000000 00000000 0000000b 00000064 00000064 
0x4ff828b8: 40010304 400ab848 00000004 00000000 00000003 00002208 00000002 00000014 
0x4ff828d8: 00000000 00000000 4ff82878 00000000 00001f1d 00000768 483a4818 483a48a8 
0x4ff828f8: 00000000 00000000 00000000 00000000 00000000 00000000 00000000 00000000 
0x4ff82918: 00000000 00000000 00000000 00000001 00000000 483a4b20 5f50544e 6d656164 
0x4ff82938: 00006e6f 00000000 00000000 00000000 00000000 00000000 00000001 00000000 
0x4ff82958: 00000000 00000000 00000000 0000000b 
0x483a4b20: 4fc1b71c 401e6a42 483a4d60 4ff78c58 00000000 4fc1a588 0000000f 00000000 
0x483a4b40: 483a5320 00000000 2921cef8 ffffffff 00000000 7f7f7f7f 00000000 2921cefc 
0x483a4b60: 4ff82618 4ff504ac 483a5020 00000000 4ff4c000 483a55c0 4021b000 00000002 
0x483a4b80: 00000000 00000005 00000003 ffffffff 00000000 00000000 00000000 00000000 
0x483a4ba0: 80007881 00000000 483a4ca0 ffffffb9 00000041 4ff78c50 4ff82a40 400ee086 
0x483a48a8: 00000013 1a39de00 4ff504c0 00000000 4ff504c0 745889a3 80007801 00000101 
0x483a48c8: 00000013 1ad27480 4ff504c0 00000000 22000000 745889a3 400efa82 400e8422 
0x483a48e8: 483a4b20 ffffffff 00000000 4fc114ec 00000004 2921cef8 400e7fc2 400e7e7a 
0x483a4908: 483a4b40 00000001 00000000 400e7e60 0000000f 2921cef8 00000000 4ff78c50 
0x483a4928: 00000000 00000000 00000004 00000000 7fffffff 00000041 80006089 00000001 
0x483a4948: 00000000 00000000 483a4b58 7fffffff 4ff78c50 00000008 00000004 00000101 
0x483a4968: 00000013 1a39de00 4ff504c0 00000000 4ff504c0 745889a3 80007881 00000101 
0x483a4988: 00000013 1a39de00 4ff504c0 00000000 4ff504c0 745889a3 80007881 00000000 
0x483a49a8: 00000000 00000000 00000000 00000000 22000000 00000000 00000000 00000000 
0x483a49c8: 00000000 00000000 00000000 00000000 00000000 00000000 4fc114ec 00000000 
0x483a49e8: 4ff4e100 00000000 00000000 00000000 00000000 00000000 00000000 00000000 
0x483a4a08: 00000000 00000000 00000000 00000000 00000000 00000000 00000000 00000000 
0x483a4a28: 00000000 00000000 00000000 00000000 00000000 00000000 00000000 00000000 
0x483a4a48: 00000000 00000000 00000000 00000000 00000000 00000000 00000000 00000000 
0x483a4a68: 00000000 00000000 4fc1a588 00000000 22000000 00001032 80006089 00000000 
0x483a4a88: 00010002 00000000 00000000 483a4b64 4ff82878 4000ec88 00000000 00000000 
0x483a4aa8: 00000000 00010001 00000000 00000000 00000000 4ff828d8 80006089 483a4b64 
0x483a4ac8: 00010002 00000000 4ff78c58 80006089 00010001 00000000 00000000 00000000 
0x483a4ae8: 483a4b84 4001f812 00000000 00000000 483a4b28 3000000c 00000000 00000000 
0x483a4b08: 483a4b84 40020458 4ff78c58 00000101 00000004 00000008 4fc1b71c 401e6a42 
0x483a4b28: 483a4d60 4ff78c58 00000000 4fc1a588 0000000f 00000000 483a5320 00000000 
0x483a4b48: 2921cef8 ffffffff 00000000 7f7f7f7f 00000000 2921cefc 4ff82618 4ff504ac 
0x483a4b68: 483a5020 00000000 4ff4c000 483a55c0 4021b000 00000002 00000000 00000005 
0x483a4b88: 00000003 ffffffff 00000000 00000000 00000000 00000000 80007881 00000000 
0x483a4ba8: 483a4ca0 ffffffb9 00000041 4ff78c50 4ff82a40 400ee086 000000dd 000000fd 
0x483a4bc8: 00000064 400e611e 00000200 00000000 483a4ca0 ffffffb9 4ff4b330 4ff82a50 
0x483a4be8: 4ff82a50 40008bea 2e333831 00000000 483a4ca0 ffffffb9 00000000 00000000 
0x483a4c08: 4ff82a50 4000908e 00000000 00000005 4839dab0 40007112 00000000 00000005 
0x483a4c28: 4839dab0 401e81ea 00000002 00000005 4839daca 4839495c 4ff78a38 00001391 
0x483a4c48: 00000013 1a39de00 4ff78a28 4ff78a34 483a4ca8 ffffffff 00000003 00000005 
0x483a4c68: 00000028 00000001 00000002 00000000 4839dab0 401e807e 00000000 4ff4dfb0 
0x483a4c88: 00000000 401e34f2 00000004 4ff78e74 22000000 00000001 4002ee36 4ff42310 
0x483a4ca8: 483a4ee0 00000000 00000000 00000000 00000004 00000000 401e010e 401e00ea 
0x483a4cc8: 483a4f00 00000000 00000000 00000000 00000000 00000000 00000000 00000000 
0x483a4ce8: 00000000 00000000 00000000 00000000 00000000 00000000 00000000 00000000 
0x483a4d08: 00000000 00000000 00000000 00000000 00000000 00000000 00000000 00000000 
0x483a4d28: 00000000 00000000 00000000 00000000 00000000 00000000 00000000 00000000 
0x483a4d48: 00000000 00000000 4fc1a588 4ff504ac 4839d340 4ff504ac 00000008 00000004 
0x483a4d68: 00000001 2921cef8 483a4858 4ff4c000 483a5320 400ab340 00000000 00000000 
0x483a4d88: 00000000 00000000 80007881 aaaaaaaa 00000010 00000000 00000000 00000000 
0x483a4da8: 0000000f 00000008 0000007e 00000002 00000101 00000000 00000000 00000000 
0x483a4dc8: 00000023 00000000 00000000 00000000 00000000 00000000 00000000 00000000 
0x483a4de8: 00000000 00000000 937eaa83 8fc2f528 00000000 05000000 cf040000 c4247a64 
0x483a4e08: 62a853ee 2e5d382e 937eaa83 8fc2f528 22000000 4f18525c f7a853ee 5b3d545c 
0x483a4e28: 00000000 00000000 00000000 00000000 00000000 00000000 00000000 00000000 
0x483a4e48: 00000000 00000000 00000000 00000000 00000000 00000000 00000000 00000000 
0x483a4e68: 00000000 00000000 00000000 00000000 00000000 00000000 00000000 00000000 
0x483a4e88: 00000000 00000000 00000000 00000000 00000000 00000000 00000000 00000000 
0x483a4ea8: 00000000 00000000 00000000 00000000 00000000 00000000 00000000 00000000 
0x483a4ec8: 00000000 00000000 00000000 00000000 00000000 00000000 00000000 00000000 
0x483a4ee8: 00000000 00000000 00000000 00000000 00000000 00000000 00000000 00000000 
0x483a4f08: 00000000 00000000 00000000 00000000 00000000 00000000 00000000 00000000 
0x483a4f28: 00000000 00000000 00000000 00000000 00000000 ffffffff 00000003 4ff4c000 
0x483a4f48: 483a4858 00000000 00000001 4ff504ac 4ff4be38 00000000 483a5320 483a5020 
0x483a4f68: 00000005 400ab956 00000000 00000000 00000000 00000000 00000000 00000000 
0x483a4f88: 6aa92ab3 30ea08c0 0000004f 26be3680 6aa92a77 30517240 00000013 2625a000 
0x483a4fa8: 00000013 2625a000 00000000 00000000 00000000 00000000 00000000 00000000 
0x483a4fc8: 00000000 00000000 00000000 00000000 00000000 00000000 00000000 400ab848 
0x483a4fe8: 00000000 4001ed92 00000000 00000000 00000000 40010362 00000000 00000000 
0x483a5008: 00000000 00000000 
0x483a4808: 00000000 4ff74000 fffffff4 0000004c 00000001 00000000 4ff504c0 00000000 
0x483a4828: 4ff504c0 745889a3 80007801 00000000 4ff504c0 4ff504c0 4002ee36 4ff42310 
0x483a4848: 483a4a80 4ff4e078 00000000 4fc1a588 00000000 2921cef8 00000002 4ff50000 
0x483a4868: 00000002 4ff82878 00000000 4ff50404 80006081 00000000 4ff881e8 4ff504ac 
0x483a4888: 4ff504ac 4ff50000 80006081 fffffffe 00000001 00000000 00000001 00000101 
0x483a5320: 00000000 00000000 00000000 00000000 00000000 00000000 00000000 00000000 
0x483a5340: 00000000 00000000 00000000 00000000 00000000 00000000 00000000 00000000 
0x483a5360: 00000000 00000000 00000000 00000000 00000000 00000000 00000000 00000000 
0x483a5380: 00000000 00000000 00000000 00000000 00000000 00000000 00000000 00000000 
0x483a53a0: 00000000 00000000 00000000 00000000 00000000 00000000 00000000 00000000 
0x483a53c0: 00000000 00000000 00000000 00000000 00000000 00000000 00000000 00000000 
0x483a53e0: 00000000 00000000 00000000 00000000 00000000 00000000 00000000 00000000 
0x483a5400: 00000000 00000000 00000000 00000000 00000000 00000000 00000000 00000000 
0x483a5420: 00000000 00000000 00000000 00000000 00000000 00000000 00000000 00000000 
0x483a5440: 00000000 00000000 00000000 00000000 00000000 00000000 00000000 00000000 
0x483a5460: 00000000 00000000 00000000 00000000 00000000 00000000 00000000 00000000 
0x483a5480: 00000000 00000000 00000000 00000000 00000000 00000000 00000000 00000000 
0x483a54a0: 00000000 00000000 00000000 00000000 00000000 00000000 00000000 00000000 
0x483a54c0: 00000000 00000000 00000000 00000000 00000000 00000000 00000000 00000000 
0x483a54e0: 00000000 00000000 00000000 00000000 00000000 00000000 00000000 00000000 
0x483a5500: 00000000 00000000 00000000 00000000 00000000 00000000 00000000 00000000 
0x483a5520: 00000000 00000000 00000000 00000000 00000000 00000000 00000000 00000000 
0x483a5540: 00000000 00000000 00000000 00000000 00000000 00000000 00000000 00000000 
0x483a5560: 00000000 00000000 00000000 00000000 00000000 00000000 00000000 00000000 
0x483a5580: 00000000 00000000 00000000 00000000 00000000 00000000 00000000 00000000 
0x483a55a0: 00000000 00000000 00000000 00000000 00000000 00000000 00000000 00000000 
0x483a55c0: 00000000 00000000 2921cef8 01c5aa30 
Info : [esp32p4.hp.cpu0] Found 3 triggers
Info : [esp32p4.hp.cpu0] Target halted, PC=0x4002F000, debug_reason=00000004
Info : [esp32p4.hp.cpu0] Halt cause (5) - (PMP Load access fault)
Info : [esp32p4.hp.cpu1] Found 3 triggers
Info : [esp32p4.hp.cpu1] Target halted, PC=0x4000C5B0, debug_reason=00000004
Info : dropped 'tcl' connection
Info : accepting 'tcl' connection on tcp/6671
shutdown command invoked
