Open On-Chip Debugger v0.12.0-esp32-20250707 (2025-07-06-17:44)
Licensed under GNU GPL v2
For bug reports, read
	http://openocd.org/doc/doxygen/bugs.html
Info : esp_usb_jtag: VID set to 0x303a and PID to 0x1001
Info : esp_usb_jtag: capabilities descriptor set to 0x2000
DEPRECATED! use 'gdb memory_map', not 'gdb_memory_map'
DEPRECATED! use 'gdb flash_program', not 'gdb_flash_program'
Info : esp_usb_jtag: serial (E8:F6:0A:E3:A9:5F)
Info : esp_usb_jtag: Device found. Base speed 24000KHz, div range 1 to 255
Info : clock speed 4000 kHz
Info : JTAG tap: esp32p4.tap0 tap/device found: 0x00012c25 (mfg: 0x612 (Espressif Systems), part: 0x0012, ver: 0x0)
Info : JTAG tap: esp32p4.tap1 tap/device found: 0x00012c25 (mfg: 0x612 (Espressif Systems), part: 0x0012, ver: 0x0)
Info : [esp32p4.hp.cpu0] datacount=1 progbufsize=2
Info : [esp32p4.hp.cpu0] Core 0 made part of halt group 1.
Info : [esp32p4.hp.cpu0] Examined RISC-V core; found 2 harts
Info : [esp32p4.hp.cpu0]  XLEN=32, misa=0x40903127
Info : [esp32p4.hp.cpu0] Examination succeed
Info : [esp32p4.hp.cpu1] datacount=1 progbufsize=2
Info : [esp32p4.hp.cpu1] Core 1 made part of halt group 1.
Info : [esp32p4.hp.cpu1] Examined RISC-V core; found 2 harts
Info : [esp32p4.hp.cpu1]  XLEN=32, misa=0x40903127
Info : [esp32p4.hp.cpu1] Examination succeed
Info : [esp32p4.hp.cpu0] gdb port disabled
Info : [esp32p4.hp.cpu1] gdb port disabled
Info : Listening on port 6671 for tcl connections
Info : telnet server disabled
Info : accepting 'tcl' connection on tcp/6671
Open On-Chip Debugger v0.12.0-esp32-20250707 (2025-07-06-17:44)
Info : [esp32p4.hp.cpu0] Target halted, PC=0x4002F004, debug_reason=00000000
Info : [esp32p4.hp.cpu0] Halt cause (5) - (PMP Load access fault)
Info : [esp32p4.hp.cpu1] Target halted, PC=0x4000C5B0, debug_reason=00000000
    TargetName         Type       Endian TapName            State       
--  ------------------ ---------- ------ ------------------ ------------
 0* esp32p4.hp.cpu0    esp32p4    little esp32p4.tap1       halted
 1  esp32p4.hp.cpu1    esp32p4    little esp32p4.tap1       halted
sp (/32): 0x4ff51288
ra (/32): 0x4000c7f4
dpc (/32): 0x4002f004
mepc (/32): 0x4001f9e4
mcause (/32): 0x30000005
mtval (/32): 0x0000000a
sp (/32): 0x4ff510b8
ra (/32): 0x4000c59c
dpc (/32): 0x4000c5b0
mepc (/32): 0x4ff42570
mcause (/32): 0xb8000010
mtval (/32): 0x00000000
0x4ff82878 0x4ff524f4
0x10 0x4ff816b8
0x4ff52408 0x4ff524f4 0x4ff82098 0x4ff82188 0x0 0x4ff82de8 0x4ff88188 0x0 0x4ff823c8 0x4ff825b8 0x0 0x4ff82878 0x0 0x0 0x0 0x0
0x0 0x0 0x4ff54270 0x4ff52500 0x0 0x0 0x0 0x0 0x0 0x0 0x0 0x0 0x0 0x0 0x0 0x0 0x4000c0d0 0x4000c0d0 0x3 0x0 0x3 0x22 0x0 0x0 0x0 0x0 0x0 0x0 0x0 0x7c0 0x4ff804e0 0x4ff80520 0x0 0x0 0x0 0x0 0x0 0x0 0x0 0x0 0x0 0x0 0x0 0x28 0x0 0x4ff809d0 0x30555043 0x4c444920 0x45 0x0 0x0 0x0 0x0 0x0
0x0 0x0 0x4ff54270 0x4ff820a4 0x0 0x0 0x0 0x0 0x0 0x0 0x0 0x0 0x0 0x1 0x0 0x0 0x4000c434 0x4000c434 0x4 0x1 0x3 0x22 0x0 0x0 0x0 0x0 0x0 0x0 0x0 0x7c0 0x4ff80ce0 0x4ff80d20 0x0 0x0 0x0 0x0 0x0 0x0 0x0 0x0 0x0 0x0 0x0 0x65 0x0 0x4ff81270 0x31555043 0x4c444920 0x45 0x0 0x0 0x0 0x0 0x0
0x4ff524f4: 00000000 00000000 4ff54270 4ff820a4 00000000 00000000 00000000 00000000 
0x4ff52514: 00000000 00000000 00000000 00000000 00000000 00000001 00000000 00000000 
0x4ff52534: 4000c434 4000c434 00000004 00000001 00000003 00000022 00000000 00000000 
0x4ff52554: 00000000 00000000 00000000 00000000 00000000 000007c0 4ff80ce0 4ff80d20 
0x4ff52574: 00000000 00000000 00000000 00000000 00000000 00000000 00000000 00000000 
0x4ff52594: 00000000 00000000 00000000 00000065 00000000 4ff81270 31555043 4c444920 
0x4ff525b4: 00000045 00000000 00000000 00000000 00000000 00000000 00000001 00000000 
0x4ff525d4: 00000000 00000000 00000000 4000361c 
0x4ff81270: 4ff42570 4ff4255e 4ff814b0 4ffbef70 00000000 4fc00d66 4ff41d70 4ffbef70 
0x4ff81290: 00000001 00000000 00000000 00000001 4ff504c0 00000000 00000001 3ff06000 
0x4ff812b0: 00000000 4ff504b0 00000000 00000000 00000000 00000000 00000000 00000000 
0x4ff812d0: 00000000 00000000 00000000 00000000 00000000 00000000 00000000 00000000 
0x4ff812f0: 80007881 00000000 00000000 00000000 80007881 4ff81390 4ff81390 40000fa2 
0x4ff80d20: dcd7438d bf6e0ebf 13f482c5 52e7ff9f 1d26eb01 8aa049b1 2380e9f3 21a44736 
0x4ff80d40: 2eca72cf f8a1aa2f d904ff7d a38effa8 15d5294e 419d07f7 6aa60b6b ecdc4f26 
0x4ff80d60: 3d09fba2 cfb4cf56 0d5f633d 20358260 f2fbbed5 2b589188 0ac970a7 679cfbe9 
0x4ff80d80: 41b62eff 593d71c6 e8d4dfbe 6cb75869 2e438644 d29bd01d 7f934ac3 ef30f2f4 
0x0 0x0 0x4ff54270 0x4ff82194 0x0 0x0 0x0 0x0 0x0 0x0 0x0 0x0 0x0 0x2 0xe0 0xe0 0x40010304 0x400114e0 0x6 0x1 0x3 0x200a 0x0 0x14 0x0 0x0 0x0 0x0 0x0 0x790 0x4ff53a70 0x4ff53ae0 0x4ff4b4d4 0x0 0x0 0x0 0x0 0x0 0x0 0x0 0x0 0x0 0x0 0x0 0x0 0x4ff53fb0 0x6f777068 0x6b72 0x0 0x0 0x0 0x0 0x0 0x0
0x0 0x0 0x4ff54270 0x4ff82df4 0x0 0x0 0x0 0x0 0x0 0x0 0x0 0x0 0x0 0x3 0x64 0x64 0x40010304 0x400114e0 0x6 0x1 0x3 0x200a 0x0 0x14 0x0 0x0 0x0 0x0 0x0 0x790 0x4ff53270 0x4ff532e0 0x4ff4b454 0x0 0x0 0x0 0x0 0x0 0x0 0x0 0x0 0x0 0x0 0x0 0x0 0x4ff537b0 0x6f77706c 0x6b72 0x0 0x0 0x0 0x0 0x0 0x0
0x0 0x0 0x4ff54270 0x0 0x0 0x0 0x0 0x0 0x0 0x0 0x0 0x0 0x0 0x5 0xae 0xae 0x40010304 0x40031884 0x8 0x1 0x3 0x220a 0x0 0x14 0x0 0x0 0x4ff82de8 0x0 0x127 0x1788 0x4ff82ed8 0x4ff82f48 0x4ff82c90 0x0 0x0 0x0 0x0 0x0 0x0 0x0 0x0 0x0 0x0 0x0 0x0 0x4ff84390 0x68627375 0x6275685f 0x30 0x0 0x0 0x0 0x0 0x0
0x4ff825b8 0x0 0x4ff88274 0x0 0x0 0x0 0x0 0x0 0x0 0x0 0x0 0x0 0x0 0x6 0x64 0x64 0x40010304 0x4003bfd8 0x7 0x0 0x3 0x2208 0x0 0xf 0x4ff82618 0x4ff50530 0x4ff88188 0x401dfdcc 0x1f1e 0x7fa8 0x483845c8 0x48384618 0x0 0x0 0x0 0x0 0x0 0x0 0x0 0x0 0x0 0x0 0x0 0x14 0x0 0x4838c170 0x6b736564 0x706f74 0x0 0x0 0x0 0x0 0x0 0x0
0x0 0x0 0x4ff824b4 0x0 0x0 0x0 0x0 0x0 0x0 0x0 0x0 0x0 0x0 0x8 0x64 0x64 0x40010304 0x400b2948 0x6 0x0 0x3 0x2208 0x0 0x14 0x0 0x0 0x0 0x0 0x0 0xfb0 0x4839fe20 0x4839fe70 0x4ff4b100 0x0 0x0 0x0 0x0 0x0 0x0 0x0 0x0 0x0 0x0 0x0 0x0 0x483a0950 0x68736e 0x0 0x0 0x0 0x0 0x0 0x0 0x0
0x0 0x4ff88188 0x4ff826a4 0x0 0x0 0x0 0x0 0x0 0x0 0x0 0x0 0x0 0x0 0x9 0x64 0x64 0x40010304 0x400aca56 0x7 0x0 0x3 0x2208 0x0 0x14 0x4ff52f10 0x4ff881e8 0x4ff825b8 0x401dfdcc 0x1f1e 0xfb0 0x483a14a0 0x483a14f0 0x0 0x0 0x0 0x0 0x0 0x0 0x0 0x0 0x0 0x0 0x0 0x28 0x0 0x483a2170 0x656e3663 0x74 0x0 0x0 0x0 0x0 0x0 0x0
0x0 0x0 0x4ff82964 0x0 0x0 0x0 0x0 0x0 0x0 0x0 0x0 0x0 0x0 0xb 0x64 0x64 0x40010304 0x400ab848 0x4 0x0 0x3 0x2208 0x2 0x14 0x0 0x0 0x4ff82878 0x0 0x1f1d 0x768 0x483a4818 0x483a48a8 0x0 0x0 0x0 0x0 0x0 0x0 0x0 0x0 0x0 0x0 0x0 0x1 0x0 0x483a4b20 0x5f50544e 0x6d656164 0x6e6f 0x0 0x0 0x0 0x0 0x0
0x4ff82878: 00000000 00000000 4ff82964 00000000 00000000 00000000 00000000 00000000 
0x4ff82898: 00000000 00000000 00000000 00000000 00000000 0000000b 00000064 00000064 
0x4ff828b8: 40010304 400ab848 00000004 00000000 00000003 00002208 00000002 00000014 
0x4ff828d8: 00000000 00000000 4ff82878 00000000 00001f1d 00000768 483a4818 483a48a8 
0x4ff828f8: 00000000 00000000 00000000 00000000 00000000 00000000 00000000 00000000 
0x4ff82918: 00000000 00000000 00000000 00000001 00000000 483a4b20 5f50544e 6d656164 
0x4ff82938: 00006e6f 00000000 00000000 00000000 00000000 00000000 00000001 00000000 
0x4ff82958: 00000000 00000000 00000000 0000000b 
0x483a4b20: 4fc1b71c 401e6a42 483a4d60 4ff78c58 00000000 4fc1a588 0000000f 00000000 
0x483a4b40: 483a5320 00000000 2921cef8 ffffffff 00000000 7f7f7f7f 00000000 2921cefc 
0x483a4b60: 4ff82618 4ff504ac 483a5020 00000000 4ff4c000 483a55c0 4021b000 00000002 
0x483a4b80: 00000000 00000005 00000003 ffffffff 00000000 00000000 00000000 00000000 
0x483a4ba0: 80007881 00000000 483a4ca0 ffffffb9 00000041 4ff78c50 4ff82a40 400ee086 
0x483a48a8: 00000013 1a39de00 4ff504c0 00000000 4ff504c0 745889a3 80007801 00000101 
0x483a48c8: 00000013 1ad27480 4ff504c0 00000000 22000000 745889a3 400efa82 400e8422 
0x483a48e8: 483a4b20 ffffffff 00000000 4fc114ec 00000004 2921cef8 400e7fc2 400e7e7a 
0x483a4908: 483a4b40 00000001 00000000 400e7e60 0000000f 2921cef8 00000000 4ff78c50 
Info : [esp32p4.hp.cpu0] Found 3 triggers
Info : [esp32p4.hp.cpu0] Target halted, PC=0x4002F006, debug_reason=00000004
Info : [esp32p4.hp.cpu0] Halt cause (5) - (PMP Load access fault)
Info : [esp32p4.hp.cpu1] Found 3 triggers
Info : [esp32p4.hp.cpu1] Target halted, PC=0x4000C5B0, debug_reason=00000004
Info : dropped 'tcl' connection
Info : accepting 'tcl' connection on tcp/6671
shutdown command invoked
