CP: arch/dummy/Kconfig to /tmp/v3-desktop-espdl-20260915/nuttx/arch/dummy/dummy_kconfig
CP: boards/dummy/Kconfig to /tmp/v3-desktop-espdl-20260915/nuttx/boards/dummy/dummy_kconfig
LN: platform/board to /tmp/v3-desktop-espdl-20260915/apps/platform/dummy
LN: include/arch to arch/risc-v/include
LN: include/arch/board to /tmp/v3-desktop-espdl-20260915/nuttx/boards/risc-v/esp32p4/esp32p4-function-ev-board/include
LN: drivers/platform to /tmp/v3-desktop-espdl-20260915/nuttx/drivers/dummy
LN: include/arch/chip to /tmp/v3-desktop-espdl-20260915/nuttx/arch/risc-v/include/esp32p4
LN: arch/risc-v/src/chip to /tmp/v3-desktop-espdl-20260915/nuttx/arch/risc-v/src/esp32p4
LN: arch/risc-v/src/board to /tmp/v3-desktop-espdl-20260915/nuttx/boards/risc-v/esp32p4/esp32p4-function-ev-board/../common
LN: arch/risc-v/src/board/board to /tmp/v3-desktop-espdl-20260915/nuttx/boards/risc-v/esp32p4/esp32p4-function-ev-board/src
#
# configuration written to .config
#
Create version.h
LN: platform/board to /tmp/v3-desktop-espdl-20260915/apps/platform/dummy
Register: ha_panel
Register: c6ble
Register: c6probe
Register: desktop
Register: dumpstack
Register: espclaw
Register: nsh
Register: sh
Register: nxcamera
Generating unified Rust library from registered crates...
No valid Rust crates found to build
