Open On-Chip Debugger v0.12.0-esp32-20250707 (2025-07-06-17:44)
Licensed under GNU GPL v2
For bug reports, read
	http://openocd.org/doc/doxygen/bugs.html
Info : esp_usb_jtag: VID set to 0x303a and PID to 0x1001
Info : esp_usb_jtag: capabilities descriptor set to 0x2000
Info : esp_usb_jtag: serial (E8:F6:0A:E3:A9:5F)
Info : esp_usb_jtag: Device found. Base speed 24000KHz, div range 1 to 255
Info : clock speed 4000 kHz
Info : JTAG tap: esp32p4.tap0 tap/device found: 0x00012c25 (mfg: 0x612 (Espressif Systems), part: 0x0012, ver: 0x0)
Info : JTAG tap: esp32p4.tap1 tap/device found: 0x00012c25 (mfg: 0x612 (Espressif Systems), part: 0x0012, ver: 0x0)
Info : [esp32p4.hp.cpu0] datacount=1 progbufsize=2
Info : [esp32p4.hp.cpu0] Core 0 made part of halt group 1.
Info : [esp32p4.hp.cpu0] Examined RISC-V core; found 2 harts
Info : [esp32p4.hp.cpu0]  XLEN=32, misa=0x40903127
Info : [esp32p4.hp.cpu0] Examination succeed
Info : [esp32p4.hp.cpu1] datacount=1 progbufsize=2
Info : [esp32p4.hp.cpu1] Core 1 made part of halt group 1.
Info : [esp32p4.hp.cpu1] Examined RISC-V core; found 2 harts
Info : [esp32p4.hp.cpu1]  XLEN=32, misa=0x40903127
Info : [esp32p4.hp.cpu1] Examination succeed
Info : [esp32p4.hp.cpu0] gdb port disabled
Info : [esp32p4.hp.cpu1] gdb port disabled
Info : Listening on port 6679 for tcl connections
Info : telnet server disabled
Info : accepting 'tcl' connection on tcp/6679
Info : [esp32p4.hp.cpu0] Target halted, PC=0x4FF4268C, debug_reason=00000000
Info : [esp32p4.hp.cpu1] Target halted, PC=0x4FF4268C, debug_reason=00000000
Info : [esp32p4.hp.cpu1] Halt cause (11) - (ECALL from M mode)
0x402a1648 0x7fffffff 0x5 0x0 0x0 0x0 0x0 0x4ff4c5dc 0x5dc000 0x180 0x2 0x3e80 0x10 0x4ffac798 0x4ffac8c0 0x0 0x0 0x0 0x0 0x0 0x0 0x0 0x0 0x47d 0x0 0x4ff4c47c 0x0 0x0 0x1 0x4ff4c5b4 0x4ff4c5b4 0x4ff4c58c 0x4ff4c58c 0x0 0x0 0x0 0x0 0x0 0x0 0x0 0x0 0x0 0x101 0x2 0x0 0x0 0x0 0x4ff4c564 0x0 0x0 0x0 0x0 0x0 0x0 0x0 0x0 0x0 0x0 0x4ff4c53c 0x0 0x0 0x0 0x0 0x0 0x0 0x0 0x0 0x0 0x0 0x4ffae440 0x4ffae4c0 0x40015c00 0xe 0x4ffac948 0x483c4bf8 0x4ffae540 0x800 0xfffffff0 0x0 0x4ffaed80 0x4ffaee00 0x40015c00 0xe 0x4ffac948 0x483c4c90 0x4ffaee80 0x800 0xfffffff0
0x0 0x0 0x10 0x3e80 0x2 0xd0101 0x0 0x0 0xb090a0c 0x0 0x4ff5eed0 0x4ff6450c
0x500c6000
0x0 0x0 0x0 0xa 0x0 0x0 0x0 0x0 0x168340c 0x41687214 0x787bc00f 0x787bc00f 0x0 0x0 0x0 0x0 0x4aa004 0x3f783c0 0xf8200000 0x0 0x10003 0x10003 0x0 0x0 0x810 0x800 0x0 0x1 0x10040 0x1680 0x16809 0x0 0x2303240
0x0 0x4ffae440 0x4ffae4c0 0x40015c00 0xe 0x4ffac948 0x483c4bf8 0x4ffae540 0x800 0xfffffff0
0x80000800
0x4ffae540
0x0
0x0 0x4ffaed80 0x4ffaee00 0x40015c00 0xe 0x4ffac948 0x483c4c90 0x4ffaee80 0x800 0xfffffff0
0x80000800
0x4ffaee80
0x0
0x402a0060 0x40127ce4 0x4ffac9e0 0x4ff5edb0 0x4ff4c424 0x4ff4c47c 0x0 0x0 0x0 0x0 0x7 0x0 0x0 0x4ffae1e0 0x0 0x6765722f 0x666e6f63 0x342f6769 0x43414646 0x383439 0x0 0x0 0x0 0x14 0x7fffffff 0x4 0x0 0x0 0x3e80 0x3e80190 0x10210 0x10100 0x0 0x1 0x0 0x5dc000
Info : [esp32p4.hp.cpu0] Found 3 triggers
Info : [esp32p4.hp.cpu0] Target halted, PC=0x4FF4268E, debug_reason=00000004
Info : [esp32p4.hp.cpu1] Found 3 triggers
Info : [esp32p4.hp.cpu1] Target halted, PC=0x4FF4268E, debug_reason=00000004
Info : [esp32p4.hp.cpu1] Halt cause (11) - (ECALL from M mode)
shutdown command invoked
