Open On-Chip Debugger v0.12.0-esp32-20250707 (2025-07-06-17:44)
Licensed under GNU GPL v2
For bug reports, read
	http://openocd.org/doc/doxygen/bugs.html
Info : esp_usb_jtag: VID set to 0x303a and PID to 0x1001
Info : esp_usb_jtag: capabilities descriptor set to 0x2000
Info : esp_usb_jtag: serial (E8:F6:0A:E3:A9:5F)
Info : esp_usb_jtag: Device found. Base speed 24000KHz, div range 1 to 255
Info : clock speed 4000 kHz
Info : JTAG tap: esp32p4.tap0 tap/device found: 0x00012c25 (mfg: 0x612 (Espressif Systems), part: 0x0012, ver: 0x0)
Info : JTAG tap: esp32p4.tap1 tap/device found: 0x00012c25 (mfg: 0x612 (Espressif Systems), part: 0x0012, ver: 0x0)
Info : [esp32p4.hp.cpu0] datacount=1 progbufsize=2
Info : [esp32p4.hp.cpu0] Core 0 made part of halt group 1.
Info : [esp32p4.hp.cpu0] Examined RISC-V core; found 2 harts
Info : [esp32p4.hp.cpu0]  XLEN=32, misa=0x40903127
Info : [esp32p4.hp.cpu0] Examination succeed
Info : [esp32p4.hp.cpu1] datacount=1 progbufsize=2
Info : [esp32p4.hp.cpu1] Core 1 made part of halt group 1.
Info : [esp32p4.hp.cpu1] Examined RISC-V core; found 2 harts
Info : [esp32p4.hp.cpu1]  XLEN=32, misa=0x40903127
Info : [esp32p4.hp.cpu1] Examination succeed
Info : [esp32p4.hp.cpu0] gdb port disabled
Info : [esp32p4.hp.cpu1] gdb port disabled
Info : Listening on port 6679 for tcl connections
Info : telnet server disabled
Info : accepting 'tcl' connection on tcp/6679
Info : [esp32p4.hp.cpu0] Target halted, PC=0x4FF42932, debug_reason=00000000
Info : [esp32p4.hp.cpu1] Target halted, PC=0x4FF42932, debug_reason=00000000
Info : [esp32p4.hp.cpu1] Halt cause (11) - (ECALL from M mode)
dpc (/32): 0x4ff42932
ra (/32): 0x4ff42920
sp (/32): 0x4ffa58d8
mepc (/32): 0x4ff42932
mcause (/32): 0x88000014
mtval (/32): 0x00000000
dpc (/32): 0x4ff42932
ra (/32): 0x4ff42920
sp (/32): 0x4ffa6170
mepc (/32): 0x4ff42932
mcause (/32): 0x0800000b
mtval (/32): 0x00000000
0x0 0x0 0x0 0x0 0x0 0x0 0x0 0x0 0x0 0x0 0x0 0x0 0x0 0x0 0x0 0x0
0x0
0x0
0x80006089 0x80006089
0x4ff61498 0x4ff61584
0x0 0x0 0x4ff63300 0x4ff61590 0x0 0x0 0x0 0x0 0x0 0x0 0x0 0x0 0x0 0x0 0x0 0x0 0x4000ce90 0x4000ce90 0x4 0x0 0x3 0x22 0x0 0x0 0x0 0x0 0x0 0x0 0x0 0x7c0 0x4ffa51a8 0x4ffa51e8 0x0 0x0 0x0 0x0 0x0 0x0 0x0 0x0 0x0 0x0 0x0 0x38 0x0 0x0 0x30555043 0x4c444920 0x45 0x0 0x0 0x0 0x0 0x0 0x1 0x0 0x0 0x0 0x0
0x0 0x0 0x4ff63300 0x4ffa6dcc 0x0 0x0 0x0 0x0 0x0 0x0 0x0 0x0 0x0 0x1 0x0 0x0 0x4000d200 0x4000d200 0x4 0x1 0x3 0x22 0x0 0x0 0x0 0x0 0x0 0x0 0x0 0x7c0 0x4ffa59a8 0x4ffa59e8 0x0 0x0 0x0 0x0 0x0 0x0 0x0 0x0 0x0 0x0 0x0 0x8d 0x0 0x0 0x31555043 0x4c444920 0x45 0x0 0x0 0x0 0x0 0x0 0x1 0x0 0x0 0x0 0x0
0x402a0de8 0x7fffffff 0x5 0x0 0x0 0x0 0x0 0x4ff4c95c 0x5dc000 0x80 0x2 0xbb80 0x10 0x4ffacb58 0x4ffacc80 0x0 0x0 0x0 0x0 0x0 0x0 0x0 0x0 0x8fdd 0x0 0x4ff4c7fc 0x0 0x0 0x0 0x0 0x0 0x0 0x0 0x0 0x0 0x0 0x0 0x8fcd 0x0 0x4ff4c7fc 0x0 0x0 0x10000 0x4 0x0 0x0 0x0 0x4ff4c934 0x0 0x0 0x0 0x0 0x0 0x0 0x0 0x0 0x0 0x0 0x4ff4c8bc 0x0 0x0 0x0 0x0 0x0 0x0 0x0 0x0 0x0 0x4ff4c8e4 0x0 0x0 0x40015b00 0x3 0x4ffacd08 0x0 0x0 0x0 0x0 0x4ff4c90c 0x0 0x0 0x40015b00 0x2 0x4ffacd08 0x0 0x0 0x0 0x0
0x0 0x0 0x10 0x3e80 0x2 0xd0101 0x0 0x0 0xb090a0c 0x0 0x4ff5f290 0x4ff648cc
0x500c6000
0x0 0x0 0x0 0xf 0x0 0x0 0x0 0x0 0x683408 0x40687200 0x787bc00f 0x787bc00f 0x0 0x0 0x0 0x0 0x4aa004 0x3f783c0 0xf8200000 0x0 0x10003 0x10003 0x0 0x0 0x810 0x800 0x0 0x1 0x10040 0x20720 0x6ebc62 0x0 0x2303240
0x0
0x1
0x1
0x100
0x74617453 0x3a65 0x3a555043 0x0 0x756f7247 0x3a70 0x65707954 0x3a 0x401117f8 0x401117e0 0x401117e0 0x401117e0 0x401117e0 0x401117e0 0x401117e0 0x401117e0 0x401117da 0x401117e0 0x401117e0 0x401117e0 0x401117c6 0x401117b4 0x401117ae 0x401117cc 0x401117e0 0x401117ba 0x401117ae 0x401117e0 0x401117e0 0x401117c0 0x4011189e 0x401118a4 0x4011183c 0x40111868 0x4011186e 0x40111874 0x4011187e 0x4028bacc 0x4028c520 0x40270d98 0x4028c528 0x4028c534 0x4028c540 0x4028c548 0x0 0x6e6b6e75 0x6e776f 0x756f7247 0x3a70 0x40112be2 0x0 0x0 0x0 0x0 0x0 0x0 0x0 0x0 0x0 0x0 0x0 0x40112bf0 0x0 0x0 0x0 0x40112c08 0x40112bf4 0x0 0x40112f3c 0x40112d48 0x40112f3c 0x40112d48 0x40112f54 0x40112f54 0x40112eea 0x40112d48 0x40112d48 0x40112f54 0x40113552 0x40113134 0x401135f8 0x401135c0 0x4011350a 0x401134f6 0x4011349e 0x4011340a 0x401133a2 0x40113370 0x40113624 0x40113338 0x40113140 0x40113310 0x401131d4 0x401131c0 0x401131ac 0x4011319a 0x0 0x4011585e 0x40115710 0x40115714 0x40115892 0x40115810 0x401157b6 0x0 0x4011575c 0x0 0x0 0x40115db6 0x40115f68 0x40115722 0x0 0x0 0x0 0x0 0x0 0x0 0x4011684c 0x4011697e 0x401168a8 0x401168ac 0x401168b2 0x401169c0 0x401168c8 0x401168cc 0x401168d2 0x401169c6 0x401169c6 0x401169c6 0x401169c6 0x401169c6 0x401169c6 0x401169c6 0x401169c6 0x401168d2 0x401169c6 0x40116938 0x40116962 0x40116994 0x401169c6 0x401169c6 0x401169c6 0x401168ee 0x40116934 0x401169c6 0x401169c6 0x401169c6 0x401169c6 0x401169c6 0x401169c6 0x401169c6 0x401169c6 0x401169a4 0x401169a4 0x401169a4 0x401169c6 0x401169c6 0x401169c6 0x401169c6 0x401169ba 0x401169c6 0x401169c6 0x401169c6 0x401169c6 0x401169c6 0x401169c6 0x401169c6 0x401168e0 0x0 0x0 0x0 0x0 0x4011e9b2 0x4011ea5e 0x4011eb3c 0x4011ebc0 0x4011ec1c 0x4011ec3e 0x4011ec26 0x4011e42e 0x4011ebb2 0x402715d0 0x4065abe0 0x40271594 0x4065acc8 0x0 0x0 0x40271994 0x4065ac54 0x0 0x0 0x401220c0 0x40120608 0x401211f8 0x4012107c 0x40120036 0x4012294a 0x40120db4 0x40120950 0x0 0x0 0x0 0x4012005a 0x4012072e 0x40122c48 0x0 0x40121c16 0x40120624 0x40120c78 0x4012005e 0x40120c0a 0x401214ec 0x40121606 0x40121e70 0x40122998 0x40121990 0x401225a8 0x40121788 0x0 0x0 0x4012413c 0x40123954 0x40123f9e 0x40123ce2 0x40123bee 0x40123b7c 0x0 0x40123a84 0x0 0x0 0x0 0x40123878 0x40122d96 0x401244be 0x0 0x40123414 0x40122dba 0x401236c8 0x40122da8 0x4012357e 0x4012459e 0x40122dd0 0x4012330a 0x401230bc 0x401231e0 0x40122efa 0x401243b6 0x0 0x0 0x401254cc 0x4012592c 0x40125422 0x4012542c 0x0 0x4012544e 0x0 0x0 0x4012543c 0x0 0x0 0x0 0x40125452 0x40125594 0x0 0x4012595a 0x4012590a 0x401256be 0x40125488 0x401254a0 0x401254a4 0x401254a8 0x0 0x0 0x0 0x0 0x401255d2 0x0 0x0 0x4028c6e0 0x4065b074 0x0 0x0 0x0 0x4028c6ec 0x4065b074 0x2 0x124 0x0 0x4028c6f4 0x4065aeb8 0x1 0x124 0x0 0x4028c6fc 0x4065aee0 0x1 0x124 0x0 0x4028c704 0x4065b138 0x1 0x124 0x0 0x4028c710 0x4065b138 0x1 0x124 0x0 0x4028c71c 0x4065b160 0x0 0x0 0x0 0x4028c72c 0x4065b138 0x1 0x124 0x0 0x4028c738 0x4065af08 0x1 0x124 0x0 0x4028b81c 0x4065af30 0x1 0x1b6 0x0 0x4028c740 0x4065af58 0x1 0x124 0x0 0x4028c748 0x40670b80 0x2 0x124 0x0 0x4028c74c 0x40670b80 0x0 0x0 0x0 0x4028c754 0x4066fa50 0x1 0x124 0x0 0x4028c760 0x4065b074 0x2 0x124 0x0 0x4028c768 0x4065b074 0x0 0x0 0x0 0x4028c770 0x4065b0ac 0x1 0x124 0x0 0x4028bbc8 0x4065b0d4 0x1 0x124 0x0 0x4027ea40 0x4065b0fc 0x1 0x124 0x0 0x40125aee 0x40125ace 0x40125aa2 0x0 0x0 0x0 0x0 0x0 0x0 0x0 0x40125bda 0x40125bba 0x40125b12 0x0 0x0 0x0 0x0 0x0 0x0 0x0 0x40125cde 0x40125cbe 0x40125c0a 0x0 0x0 0x0 0x0 0x0 0x0 0x0 0x40125d7a 0x40125d5a 0x40125d10 0x40125f68 0x0 0x0 0x0 0x0 0x0 0x0 0x40125d7a 0x40125d5a 0x40125de0 0x0 0x0 0x0 0x0 0x0 0x0 0x0 0x4012661c 0x40126894 0x40126956 0x401269b4 0x401269ec 0x40126d92 0x40126ac2 0x40126c34 0x40126d68 0x40271dd4 0x40271ddc 0x40271de4 0x40282a28 0x4065b014 0x4065b008 0x4065affc 0x4065b05c 0x4065b050 0x4065b044 0x4065b038 0x4065b02c 0x4065b020 0x4065b05c 0x4065b050 0x4065b044 0x4065b038 0x4065b02c 0x4065b020 0x4065b014 0x4065b008 0x4065affc 0x4028caa0 0x4028b7bc 0x809 0x4028caac 0x4028bef8 0x808 0x4028cab8 0x40277d58 0x807 0x4028917c 0x4028917c 0x406 0x4029c8c8 0x4029c8c8 0x805 0x4028cac8 0x4028cac8 0x804 0x4028c2dc 0x4028c2dc 0x803 0x4028c2e4 0x4028c2e4 0x802 0x40277d58 0x40277d58 0x801 0x4029a5a4 0x4029a5a4 0x400 0x401263e4 0x401262b6 0x401265c4 0x4012653c 0x0 0x401262d6 0x401262a2 0x4012621e 0x401260c2 0x40126148 0x4028cad4 0x4028cae0 0x4028caec 0x0 0x40126e30 0x40126e10 0x40126d96 0x0 0x0 0x0 0x0 0x0 0x0 0x0 0x40126f02 0x40126ee2 0x40126e62 0x0 0x0 0x0 0x0 0x0 0x0 0x0 0x401270e0 0x401270c0 0x40127046 0x0 0x0 0x0 0x0 0x0 0x0 0x0 0x4012739e 0x40127336 0x40127254 0x474d4b42 0x54 0x4012744e 0x4012742e 0x401273d6 0x0 0x0 0x0 0x0 0x0 0x0 0x0 0x401279ba 0x40127954 0x40127522 0x40127570 0x0 0x40127974 0x40127940 0x40127860 0x401275be 0x401277ec 0x4028cd84 0x0 0x4012766c 0x8 0x40277d58 0x401275c6 0x0 0x8 0x4012864e 0x401288c2 0x401288d4 0x40128660 0x40128726 0x40128732 0x40128786 0x401287fc 0x4012874e 0x40128988 0x40128806 0x40128886 0x40128890 0x4012889a 0x401288ac 0x40128a06 0x40128972 0x40128a06 0x40128a06 0x40128a06 0x40128a06 0x401288e6 0x40128910 0x40128918 0x401289a8 0x40128aae 0x40128bc6 0x40128bd0 0x40128c2a 0x40128c3e 0x69647561 0x61635f6f 0x61626c6c 0x6b63 0x69647561 0x706f5f6f 0x6e65 0x69647561 0x65725f6f 0x74736967 0x7265 0x40128382 0x40128254 0x40127c66 0x40127c7a 0x0 0x4012859e 0x40127e8c 0x0 0x40127c8e 0x0 0x0 0x0 0x401297f2 0x401297f6 0x401297f8 0x4269947b 0x42647ae1 0x42658000 0x42f7599a 0x42e88f5c 0x42cf0f5c 0x3f800000 0x3f800000 0x3f800000 0x0 0x0 0x0 0x0 0x0 0x0 0x0 0x4012984a 0x40129858 0x4013ab5a 0x4028cfb4 0x4028cfbc 0x4028cfc4 0x4028cfcc 0x4028cfd0 0x4028cfe4 0x4028cff8 0x4028d004 0x4028d00c
Info : [esp32p4.hp.cpu0] Found 3 triggers
Info : [esp32p4.hp.cpu0] Target halted, PC=0x4FF42934, debug_reason=00000004
Info : [esp32p4.hp.cpu1] Found 3 triggers
Info : [esp32p4.hp.cpu1] Target halted, PC=0x4FF42934, debug_reason=00000004
Info : [esp32p4.hp.cpu1] Halt cause (11) - (ECALL from M mode)
shutdown command invoked
