desktop ui bluetooth
desktop: ui bluetooth ready
nsh> 
desktop ui audit
UI_LAYOUT_BEGIN
[{"id":1,"parent":0,"type":"container","x":40,"y":44,"w":944,"h":512,"scroll":false,"text":""},
{"id":2,"parent":1,"type":"label","x":65,"y":63,"w":824,"h":39,"scroll":true,"text":"蓝牙"},
{"id":3,"parent":1,"type":"button","x":909,"y":59,"w":54,"h":42,"scroll":false,"text":""},
{"id":4,"parent":3,"type":"label","x":928,"y":67,"w":17,"h":27,"scroll":true,"text":""},
{"id":5,"parent":1,"type":"label","x":65,"y":121,"w":450,"h":28,"scroll":true,"text":"正在启动 · 0 个设备"},
{"id":6,"parent":1,"type":"button","x":521,"y":105,"w":110,"h":48,"scroll":false,"text":""},
{"id":7,"parent":6,"type":"label","x":533,"y":118,"w":86,"h":22,"scroll":true,"text":"扫描"},
{"id":8,"parent":1,"type":"button","x":651,"y":105,"w":110,"h":48,"scroll":false,"text":""},
{"id":9,"parent":8,"type":"label","x":663,"y":118,"w":86,"h":22,"scroll":true,"text":"停止"},
{"id":10,"parent":1,"type":"button","x":781,"y":105,"w":110,"h":48,"scroll":false,"text":""},
{"id":11,"parent":10,"type":"label","x":793,"y":118,"w":86,"h":22,"scroll":true,"text":"断开"},
{"id":12,"parent":1,"type":"container","x":61,"y":165,"w":850,"h":330,"scroll":true,"text":""}
]
UI_LAYOUT_END
nsh> 