-- The C compiler identification is GNU 14.2.0
-- Detecting C compiler ABI info
-- Detecting C compiler ABI info - done
-- Check for working C compiler: /home/streetartist/.espressif/tools/riscv32-esp-elf/esp-14.2.0_20251107/bin/riscv32-esp-elf-gcc - skipped
-- Detecting C compile features
-- Detecting C compile features - done
-- Found Python3: /usr/bin/python3 (found version "3.12.3") found components: Interpreter 
-- Performing Test CMAKE_HAVE_LIBC_PTHREAD
-- Performing Test CMAKE_HAVE_LIBC_PTHREAD - Success
-- Found Threads: TRUE  
-- Performing Test C_COMPILER_SUPPORTS_WFORMAT_SIGNEDNESS
-- Performing Test C_COMPILER_SUPPORTS_WFORMAT_SIGNEDNESS - Success
-- Found Perl: /usr/bin/perl (found version "5.38.2") 
-- Configuring done (8.7s)
-- Generating done (0.0s)
-- Build files have been written to: /tmp/v3-desktop-voice-20260915/tls-build-voice
[  2%] Building C object tf-psa-crypto/drivers/p256-m/CMakeFiles/p256m.dir/p256-m_driver_entrypoints.c.obj
[  5%] Generating error.c
[  3%] Generating psa_crypto_driver_wrappers.h, psa_crypto_driver_wrappers_no_static.c
[  4%] Building C object tf-psa-crypto/drivers/p256-m/CMakeFiles/p256m.dir/p256-m/p256-m.c.obj
[  6%] Generating ssl_debug_helpers_generated.c
[  6%] Building C object tf-psa-crypto/drivers/builtin/CMakeFiles/builtin.dir/src/aes.c.obj
[  7%] Building C object tf-psa-crypto/drivers/everest/CMakeFiles/everest.dir/library/x25519.c.obj
[  8%] Building C object tf-psa-crypto/drivers/builtin/CMakeFiles/builtin.dir/src/aesce.c.obj
[  9%] Building C object tf-psa-crypto/drivers/everest/CMakeFiles/everest.dir/library/Hacl_Curve25519_joined.c.obj
[ 10%] Generating tf_psa_crypto_config_check_before.h, tf_psa_crypto_config_check_user.h, tf_psa_crypto_config_check_final.h
[ 10%] Built target p256m
[ 11%] Building C object tf-psa-crypto/drivers/builtin/CMakeFiles/builtin.dir/src/aesni.c.obj
[ 12%] Generating mbedtls_config_check_before.h, mbedtls_config_check_user.h, mbedtls_config_check_final.h
[ 12%] Generating version_features.c
[ 12%] Built target everest
[ 12%] Built target libmbedtls_generated_files_target
[ 13%] Building C object tf-psa-crypto/drivers/builtin/CMakeFiles/builtin.dir/src/aria.c.obj
[ 14%] Building C object tf-psa-crypto/drivers/builtin/CMakeFiles/builtin.dir/src/asn1write.c.obj
[ 13%] Building C object tf-psa-crypto/drivers/builtin/CMakeFiles/builtin.dir/src/asn1parse.c.obj
[ 15%] Building C object tf-psa-crypto/drivers/builtin/CMakeFiles/builtin.dir/src/base64.c.obj
[ 16%] Building C object tf-psa-crypto/drivers/builtin/CMakeFiles/builtin.dir/src/bignum.c.obj
[ 16%] Built target libmbedx509_generated_files_target
[ 17%] Building C object tf-psa-crypto/drivers/builtin/CMakeFiles/builtin.dir/src/bignum_core.c.obj
[ 17%] Building C object tf-psa-crypto/drivers/builtin/CMakeFiles/builtin.dir/src/bignum_mod.c.obj
[ 18%] Building C object tf-psa-crypto/drivers/builtin/CMakeFiles/builtin.dir/src/bignum_mod_raw.c.obj
[ 19%] Building C object tf-psa-crypto/drivers/builtin/CMakeFiles/builtin.dir/src/block_cipher.c.obj
[ 20%] Building C object tf-psa-crypto/drivers/builtin/CMakeFiles/builtin.dir/src/camellia.c.obj
[ 21%] Building C object tf-psa-crypto/drivers/builtin/CMakeFiles/builtin.dir/src/ccm.c.obj
[ 21%] Building C object tf-psa-crypto/drivers/builtin/CMakeFiles/builtin.dir/src/chacha20.c.obj
[ 22%] Building C object tf-psa-crypto/drivers/builtin/CMakeFiles/builtin.dir/src/chachapoly.c.obj
[ 23%] Building C object tf-psa-crypto/drivers/builtin/CMakeFiles/builtin.dir/src/cipher.c.obj
[ 23%] Built target libtfpsacrypto_generated_files_target
[ 24%] Building C object tf-psa-crypto/drivers/builtin/CMakeFiles/builtin.dir/src/cipher_wrap.c.obj
[ 24%] Building C object tf-psa-crypto/drivers/builtin/CMakeFiles/builtin.dir/src/cmac.c.obj
[ 25%] Building C object tf-psa-crypto/drivers/builtin/CMakeFiles/builtin.dir/src/constant_time.c.obj
[ 26%] Building C object tf-psa-crypto/drivers/builtin/CMakeFiles/builtin.dir/src/ctr_drbg.c.obj
[ 27%] Building C object tf-psa-crypto/drivers/builtin/CMakeFiles/builtin.dir/src/ecdh.c.obj
[ 28%] Building C object tf-psa-crypto/drivers/builtin/CMakeFiles/builtin.dir/src/ecdsa.c.obj
[ 28%] Building C object tf-psa-crypto/drivers/builtin/CMakeFiles/builtin.dir/src/ecjpake.c.obj
[ 29%] Building C object tf-psa-crypto/drivers/builtin/CMakeFiles/builtin.dir/src/ecp.c.obj
[ 30%] Building C object tf-psa-crypto/drivers/builtin/CMakeFiles/builtin.dir/src/ecp_curves.c.obj
[ 31%] Building C object tf-psa-crypto/drivers/builtin/CMakeFiles/builtin.dir/src/ecp_curves_new.c.obj
[ 32%] Building C object tf-psa-crypto/drivers/builtin/CMakeFiles/builtin.dir/src/entropy.c.obj
[ 32%] Building C object tf-psa-crypto/drivers/builtin/CMakeFiles/builtin.dir/src/entropy_poll.c.obj
[ 33%] Building C object tf-psa-crypto/drivers/builtin/CMakeFiles/builtin.dir/src/gcm.c.obj
[ 34%] Building C object tf-psa-crypto/drivers/builtin/CMakeFiles/builtin.dir/src/hmac_drbg.c.obj
[ 35%] Building C object tf-psa-crypto/drivers/builtin/CMakeFiles/builtin.dir/src/lmots.c.obj
[ 35%] Building C object tf-psa-crypto/drivers/builtin/CMakeFiles/builtin.dir/src/lms.c.obj
[ 36%] Building C object tf-psa-crypto/drivers/builtin/CMakeFiles/builtin.dir/src/md.c.obj
[ 37%] Building C object tf-psa-crypto/drivers/builtin/CMakeFiles/builtin.dir/src/md5.c.obj
[ 38%] Building C object tf-psa-crypto/drivers/builtin/CMakeFiles/builtin.dir/src/memory_buffer_alloc.c.obj
[ 39%] Building C object tf-psa-crypto/drivers/builtin/CMakeFiles/builtin.dir/src/nist_kw.c.obj
[ 39%] Building C object tf-psa-crypto/drivers/builtin/CMakeFiles/builtin.dir/src/oid.c.obj
[ 40%] Building C object tf-psa-crypto/drivers/builtin/CMakeFiles/builtin.dir/src/pem.c.obj
[ 41%] Building C object tf-psa-crypto/drivers/builtin/CMakeFiles/builtin.dir/src/pk.c.obj
[ 42%] Building C object tf-psa-crypto/drivers/builtin/CMakeFiles/builtin.dir/src/pk_ecc.c.obj
[ 43%] Building C object tf-psa-crypto/drivers/builtin/CMakeFiles/builtin.dir/src/pk_rsa.c.obj
[ 43%] Building C object tf-psa-crypto/drivers/builtin/CMakeFiles/builtin.dir/src/pk_wrap.c.obj
[ 44%] Building C object tf-psa-crypto/drivers/builtin/CMakeFiles/builtin.dir/src/pkcs5.c.obj
[ 45%] Building C object tf-psa-crypto/drivers/builtin/CMakeFiles/builtin.dir/src/pkparse.c.obj
[ 46%] Building C object tf-psa-crypto/drivers/builtin/CMakeFiles/builtin.dir/src/pkwrite.c.obj
[ 47%] Building C object tf-psa-crypto/drivers/builtin/CMakeFiles/builtin.dir/src/platform.c.obj
[ 47%] Building C object tf-psa-crypto/drivers/builtin/CMakeFiles/builtin.dir/src/platform_util.c.obj
[ 48%] Building C object tf-psa-crypto/drivers/builtin/CMakeFiles/builtin.dir/src/poly1305.c.obj
[ 49%] Building C object tf-psa-crypto/drivers/builtin/CMakeFiles/builtin.dir/src/psa_crypto_aead.c.obj
[ 50%] Building C object tf-psa-crypto/drivers/builtin/CMakeFiles/builtin.dir/src/psa_crypto_cipher.c.obj
[ 50%] Building C object tf-psa-crypto/drivers/builtin/CMakeFiles/builtin.dir/src/psa_crypto_ecp.c.obj
[ 51%] Building C object tf-psa-crypto/drivers/builtin/CMakeFiles/builtin.dir/src/psa_crypto_ffdh.c.obj
[ 52%] Building C object tf-psa-crypto/drivers/builtin/CMakeFiles/builtin.dir/src/psa_crypto_hash.c.obj
[ 53%] Building C object tf-psa-crypto/drivers/builtin/CMakeFiles/builtin.dir/src/psa_crypto_mac.c.obj
[ 53%] Building C object tf-psa-crypto/drivers/builtin/CMakeFiles/builtin.dir/src/psa_crypto_rsa.c.obj
[ 54%] Building C object tf-psa-crypto/drivers/builtin/CMakeFiles/builtin.dir/src/psa_crypto_pake.c.obj
[ 55%] Building C object tf-psa-crypto/drivers/builtin/CMakeFiles/builtin.dir/src/psa_util.c.obj
[ 56%] Building C object tf-psa-crypto/drivers/builtin/CMakeFiles/builtin.dir/src/ripemd160.c.obj
[ 57%] Building C object tf-psa-crypto/drivers/builtin/CMakeFiles/builtin.dir/src/rsa.c.obj
[ 58%] Building C object tf-psa-crypto/drivers/builtin/CMakeFiles/builtin.dir/src/rsa_alt_helpers.c.obj
[ 58%] Building C object tf-psa-crypto/drivers/builtin/CMakeFiles/builtin.dir/src/sha1.c.obj
[ 60%] Building C object tf-psa-crypto/drivers/builtin/CMakeFiles/builtin.dir/src/sha256.c.obj
[ 60%] Building C object tf-psa-crypto/drivers/builtin/CMakeFiles/builtin.dir/src/sha3.c.obj
[ 61%] Building C object tf-psa-crypto/drivers/builtin/CMakeFiles/builtin.dir/src/sha512.c.obj
[ 61%] Building C object tf-psa-crypto/drivers/builtin/CMakeFiles/builtin.dir/src/threading.c.obj
[ 61%] Built target builtin
[ 63%] Building C object tf-psa-crypto/core/CMakeFiles/tfpsacrypto.dir/psa_crypto_slot_management.c.obj
[ 64%] Building C object tf-psa-crypto/core/CMakeFiles/tfpsacrypto.dir/psa_crypto.c.obj
[ 65%] Building C object tf-psa-crypto/core/CMakeFiles/tfpsacrypto.dir/psa_crypto_driver_wrappers_no_static.c.obj
[ 67%] Building C object tf-psa-crypto/core/CMakeFiles/tfpsacrypto.dir/tf_psa_crypto_config.c.obj
[ 62%] Building C object tf-psa-crypto/core/CMakeFiles/tfpsacrypto.dir/psa_crypto_client.c.obj
[ 66%] Building C object tf-psa-crypto/core/CMakeFiles/tfpsacrypto.dir/psa_its_file.c.obj
[ 67%] Building C object tf-psa-crypto/core/CMakeFiles/tfpsacrypto.dir/psa_crypto_storage.c.obj
[ 68%] Building C object tf-psa-crypto/core/CMakeFiles/tfpsacrypto.dir/tf_psa_crypto_version.c.obj
[ 69%] Linking C static library libtfpsacrypto.a
[ 70%] Built target tfpsacrypto
[ 72%] Building C object library/CMakeFiles/mbedx509.dir/x509_create.c.obj
[ 73%] Building C object library/CMakeFiles/mbedx509.dir/x509_crt.c.obj
[ 71%] Building C object library/CMakeFiles/mbedx509.dir/pkcs7.c.obj
[ 71%] Building C object library/CMakeFiles/mbedx509.dir/mbedtls_config.c.obj
[ 75%] Building C object library/CMakeFiles/mbedx509.dir/error.c.obj
[ 76%] Building C object library/CMakeFiles/mbedx509.dir/x509.c.obj
[ 75%] Building C object library/CMakeFiles/mbedx509.dir/x509_csr.c.obj
[ 74%] Building C object library/CMakeFiles/mbedx509.dir/x509_crl.c.obj
[ 77%] Building C object library/CMakeFiles/mbedx509.dir/x509_oid.c.obj
[ 78%] Building C object library/CMakeFiles/mbedx509.dir/x509write.c.obj
[ 79%] Building C object library/CMakeFiles/mbedx509.dir/x509write_crt.c.obj
[ 79%] Building C object library/CMakeFiles/mbedx509.dir/x509write_csr.c.obj
[ 80%] Linking C static library libmbedx509.a
[ 82%] Built target mbedx509
[ 83%] Building C object library/CMakeFiles/mbedtls.dir/mps_trace.c.obj
[ 83%] Building C object library/CMakeFiles/mbedtls.dir/debug.c.obj
[ 84%] Building C object library/CMakeFiles/mbedtls.dir/net_sockets.c.obj
[ 85%] Building C object library/CMakeFiles/mbedtls.dir/ssl_ciphersuites.c.obj
[ 87%] Building C object library/CMakeFiles/mbedtls.dir/mps_reader.c.obj
[ 88%] Building C object library/CMakeFiles/mbedtls.dir/ssl_cookie.c.obj
[ 86%] Building C object library/CMakeFiles/mbedtls.dir/ssl_cache.c.obj
[ 88%] Building C object library/CMakeFiles/mbedtls.dir/ssl_client.c.obj
[ 89%] Building C object library/CMakeFiles/mbedtls.dir/ssl_debug_helpers_generated.c.obj
[ 90%] Building C object library/CMakeFiles/mbedtls.dir/ssl_msg.c.obj
[ 91%] Building C object library/CMakeFiles/mbedtls.dir/ssl_ticket.c.obj
[ 92%] Building C object library/CMakeFiles/mbedtls.dir/ssl_tls.c.obj
[ 92%] Building C object library/CMakeFiles/mbedtls.dir/ssl_tls12_client.c.obj
[ 93%] Building C object library/CMakeFiles/mbedtls.dir/ssl_tls12_server.c.obj
[ 94%] Building C object library/CMakeFiles/mbedtls.dir/ssl_tls13_keys.c.obj
[ 95%] Building C object library/CMakeFiles/mbedtls.dir/ssl_tls13_server.c.obj
[ 96%] Building C object library/CMakeFiles/mbedtls.dir/ssl_tls13_client.c.obj
[ 96%] Building C object library/CMakeFiles/mbedtls.dir/ssl_tls13_generic.c.obj
[ 97%] Building C object library/CMakeFiles/mbedtls.dir/timing.c.obj
[ 98%] Building C object library/CMakeFiles/mbedtls.dir/version.c.obj
[ 99%] Building C object library/CMakeFiles/mbedtls.dir/version_features.c.obj
[ 99%] Linking C static library libmbedtls.a
[100%] Built target mbedtls
