desktop ui espdl
[qpk] started ESP-DL 离线识别 (org.openvela.espdl 0.1.0) with QuickJS
desktop: ui espdl ready
nsh> 
desktop ui audit
UI_LAYOUT_BEGIN
[{"id":1,"parent":0,"type":"container","x":0,"y":0,"w":1024,"h":600,"scroll":false,"text":""},
{"id":2,"parent":1,"type":"button","x":13,"y":11,"w":52,"h":42,"scroll":false,"text":""},
{"id":3,"parent":2,"type":"label","x":32,"y":19,"w":15,"h":27,"scroll":true,"text":""},
{"id":4,"parent":1,"type":"label","x":79,"y":16,"w":214,"h":39,"scroll":true,"text":"ESP-DL 离线识别"},
{"id":5,"parent":1,"type":"container","x":1,"y":63,"w":1022,"h":536,"scroll":false,"text":""},
{"id":6,"parent":5,"type":"label","x":25,"y":75,"w":164,"h":28,"scroll":true,"text":"ESP-DL · 离线视觉"},
{"id":7,"parent":5,"type":"button","x":25,"y":111,"w":198,"h":38,"scroll":false,"text":""},
{"id":8,"parent":7,"type":"label","x":45,"y":116,"w":158,"h":28,"scroll":true,"text":"物体分类"},
{"id":9,"parent":5,"type":"button","x":235,"y":111,"w":198,"h":38,"scroll":false,"text":""},
{"id":10,"parent":9,"type":"label","x":255,"y":116,"w":158,"h":28,"scroll":true,"text":"● 人脸跟随"},
{"id":11,"parent":5,"type":"container","x":25,"y":165,"w":320,"h":240,"scroll":false,"text":""},
{"id":12,"parent":5,"type":"label","x":371,"y":167,"w":140,"h":28,"scroll":true,"text":"让人脸进入画面"},
{"id":13,"parent":5,"type":"label","x":371,"y":209,"w":628,"h":210,"scroll":true,"text":"绿色框为跟随目标\u000a白色十字为画面中心\u000a持续更新位置和方向"},
{"id":14,"parent":5,"type":"label","x":25,"y":507,"w":128,"h":22,"scroll":true,"text":"请选择相机后开始"},
{"id":15,"parent":5,"type":"button","x":25,"y":547,"w":270,"h":42,"scroll":false,"text":""},
{"id":16,"parent":15,"type":"label","x":45,"y":554,"w":230,"h":28,"scroll":true,"text":"HD Web Camera"},
{"id":17,"parent":5,"type":"button","x":307,"y":547,"w":150,"h":42,"scroll":false,"text":""},
{"id":18,"parent":17,"type":"label","x":327,"y":554,"w":110,"h":28,"scroll":true,"text":"开始跟随"},
{"id":19,"parent":5,"type":"button","x":469,"y":547,"w":100,"h":42,"scroll":false,"text":""},
{"id":20,"parent":19,"type":"label","x":489,"y":554,"w":60,"h":28,"scroll":true,"text":"停止"}
]
UI_LAYOUT_END
nsh> 