
nsh> [Kcat /proc/uptime
     77.43
nsh> [Kfree
      total       used       free    maxused    maxfree  nused  nfree name
   33554432    3793920   29760512    3803992   29758016   1261      9 Umem
     355912      38416     317496      40048     315784    128     12 Kmem
nsh> [Kcat /proc/uptime
    107.50
nsh> [Kfree
      total       used       free    maxused    maxfree  nused  nfree name
   33554432    3793920   29760512    3803992   29758016   1261      9 Umem
     355912      38416     317496      40048     315784    128     12 Kmem
nsh> [Kcat /proc/uptime
    137.46
nsh> [Kfree
      total       used       free    maxused    maxfree  nused  nfree name
   33554432    3793920   29760512    3803992   29758016   1261      9 Umem
     355912      38416     317496      40048     315784    128     12 Kmem
nsh> [Kcat /proc/uptime
    167.45
nsh> [Kfree
      total       used       free    maxused    maxfree  nused  nfree name
   33554432    3793920   29760512    3803992   29758016   1261      9 Umem
     355912      38416     317496      40048     315784    128     12 Kmem
nsh> [Kps
  PID GROUP CPU(AFFINITY)   PRI POLICY   TYPE    NPX STATE    EVENT     SIGMASK            STACK    CPU COMMAND
    0     0 000(0x00000003)   0 FIFO     Kthread   - Assigned           0000000000000000 0002016 39.3% CPU0 IDLE
    1     0 001(0x00000003)   0 FIFO     Kthread   - Running            0000000000000000 0002016 50.0% CPU1 IDLE
    2     0 ---(0x00000003) 224 RR       Kthread   - Waiting  Semaphore 0000000000000000 0001968  0.0% hpwork 0x4ff4b840 0x4ff4b88c
    3     0 ---(0x00000003) 100 RR       Kthread   - Waiting  Semaphore 0000000000000000 0001968  0.0% lpwork 0x4ff4b7c0 0x4ff4b80c
    5     0 ---(0x00000003) 252 RR       Kthread   - Waiting  Semaphore 0000000000000000 0004016  0.0% esp_timer 0x4ff6dcc0
    6     0 ---(0x00000003)  15 RR       Kthread   - Waiting  Semaphore 0000000000000000 0004024  0.0% emac_rx 0x4ff6eef0
    7     7 ---(0x00000003) 100 RR       Task      - Waiting  Signal    0000000000000000 0032712  9.6% desktop
    8     8 000(0x00000003) 100 RR       Task      - Running            0000000000000000 0004048  1.7% nsh
nsh> [K