ESP-ROM:esp32p4-eco7-20260109
Build:Jan  9 2026
rst:0x17 (CHIP_USB_UART_RESET),boot:0xc (SPI_FAST_FLASH_BOOT)
SPI mode:DIO, clock div:1
load:0x30100000,len:0x4c
load:0x3010004c,len:0x3c
load:0x4ff40000,len:0xb258
load:0x4ff4b280,len:0x432c
SHA-256 comparison failed:
Calculated: 4965d71ba086cc0e57d2f0ac09c0d30adba0c4c35a5695435643d569bd8520ac
Expected: 00000000c0e90000000000000000000000000000000000000000000000000000
Attempting to boot anyway...
entry 0x4ff4ae24
*** Booting NuttX ***
I (44) boot: chip revision: v3.2
I (44) boot: efuse block revision: v1.2
I (45) boot.esp32p4: SPI Speed      : 80MHz
I (45) boot.esp32p4: SPI Mode       : DIO
I (48) boot.esp32p4: SPI Flash Size : 16MB
I (52) boot: Enabling RNG early entropy source...
tcm: lma 0x00002020 vma 0x30100000 len 0x4c     (76)
tcm: lma 0x00002074 vma 0x3010004c len 0x3c     (60)
dram: lma 0x000020b8 vma 0x4ff40000 len 0xb258   (45656)
dram: lma 0x0000d318 vma 0x4ff4b280 len 0x432c   (17196)
padd: lma 0x00011658 vma 0x00000000 len 0xe9c0   (59840)
imap: lma 0x00020020 vma 0x40120020 len 0x289dfc (2661884)
padd: lma 0x002a9e24 vma 0x00000000 len 0x61d4   (25044)
imap: lma 0x002b0000 vma 0x40000000 len 0x1142f0 (1131248)
total segments stored 8
I (101) hex_psram: vendor id    : 0x0d (AP)
I (102) hex_psram: Latency      : 0x01 (Fixed)
I (106) hex_psram: DriveStr.    : 0x00 (25 Ohm)
I (111) hex_psram: dev id       : 0x03 (generation 4)
I (115) hex_psram: density      : 0x07 (256 Mbit)
I (120) hex_psram: good-die     : 0x06 (Pass)
I (124) hex_psram: SRF          : 0x02 (Slow Refresh)
I (129) hex_psram: BurstType    : 0x00 ( Wrap)
I (133) hex_psram: BurstLen     : 0x03 (2048 Byte)
I (137) hex_psram: BitMode      : 0x01 (X16 Mode)
I (142) hex_psram: Readlatency  : 0x04 (14 cycles@Fixed)
I (147) hex_psram: DriveStrength: 0x00 (1/1)
I (151) MSPI Timing: Enter psram timing tuning
I (311) esp_psram: Found 32MB PSRAM device
I (311) esp_psram: Speed: 200MHz
I (323) hex_psram: psram CS IO is dedicated
ABCDV1: soc startup begin
I (324) cpu_start: Pro cpu start user code
I (325) cpu_start: cpu freq: 400000000 Hz
I (325) esp_psram: Adding pool of 32768K of PSRAM memory to heap allocator
W (332) spi_flash: Detected GigaDevice flash chip but using generic driver. For optimal functionality, enable `SPI_FLASH_SUPPORT_GD_CHIP` in menuconfig
I (345) spi_flash: detected chip: generic
I (349) spi_flash: flash io: dio
V1: soc startup end
[C[1E (693) gdma: do_allocate_gdma_channel(127): no mem for pair(0,0)
[E (693) esp_timer: Not enough memory to create timer task
 a[al