ESP-ROM:esp32p4-eco7-20260109
Build:Jan  9 2026
rst:0x17 (CHIP_USB_UART_RESET),boot:0xc (SPI_FAST_FLASH_BOOT)
SPI mode:DIO, clock div:1
load:0x30100000,len:0x88
load:0x4ff40000,len:0xb420
load:0x4ff4b480,len:0x432c
entry 0x4ff4afe2
*** Booting NuttX ***
I (23) boot: chip revision: v3.2
I (24) boot: efuse block revision: v1.2
I (24) boot.esp32p4: SPI Speed      : 80MHz
I (24) boot.esp32p4: SPI Mode       : DIO
I (27) boot.esp32p4: SPI Flash Size : 16MB
I (31) boot: Enabling RNG early entropy source...
tcm: lma 0x00002020 vma 0x30100000 len 0x88     (136)
dram: lma 0x000020b0 vma 0x4ff40000 len 0xb420   (46112)
dram: lma 0x0000d4d8 vma 0x4ff4b480 len 0x432c   (17196)
padd: lma 0x00011838 vma 0x00000000 len 0xe7e0   (59360)
imap: lma 0x00020020 vma 0x40120020 len 0x28aa90 (2665104)
padd: lma 0x002aaab8 vma 0x00000000 len 0x5540   (21824)
imap: lma 0x002b0000 vma 0x40000000 len 0x119070 (1151088)
total segments stored 7
I (76) hex_psram: vendor id    : 0x0d (AP)
I (77) hex_psram: Latency      : 0x01 (Fixed)
I (81) hex_psram: DriveStr.    : 0x00 (25 Ohm)
I (85) hex_psram: dev id       : 0x03 (generation 4)
I (90) hex_psram: density      : 0x07 (256 Mbit)
I (94) hex_psram: good-die     : 0x06 (Pass)
I (98) hex_psram: SRF          : 0x02 (Slow Refresh)
I (103) hex_psram: BurstType    : 0x00 ( Wrap)
I (107) hex_psram: BurstLen     : 0x03 (2048 Byte)
I (111) hex_psram: BitMode      : 0x01 (X16 Mode)
I (116) hex_psram: Readlatency  : 0x04 (14 cycles@Fixed)
I (121) hex_psram: DriveStrength: 0x00 (1/1)
I (125) MSPI Timing: Enter psram timing tuning
I (289) esp_psram: Found 32MB PSRAM device
I (290) esp_psram: Speed: 200MHz
I (301) hex_psram: psram CS IO is dedicated
ABCDV1: soc startup begin
I (303) cpu_start: Pro cpu start user code
I (303) cpu_start: cpu freq: 400000000 Hz
I (304) esp_psram: Adding pool of 32768K of PSRAM memory to heap allocator
W (310) spi_flash: Detected GigaDevice flash chip but using generic driver. For optimal functionality, enable `SPI_FLASH_SUPPORT_GD_CHIP` in menuconfig
I (324) spi_flash: detected chip: generic
I (327) spi_flash: flash io: dio
V1: soc startup end
[U[1t[ 
NuttShell (NSH)
nsh> [K
nsh> [K