k_version is less than 2, pvt auto dbias init not supported in efuse.pmu_pvt(dbg): blk_version is less than 2, pvt function not supported in efuse.V5

V6

V7

VB

RC0

RC1

RP0

RPC

RPP ret=0
!*UY55
WARNING: NuttX supports ESP32-P4 chip revision > v3.0 (chip revision is v1.0).

Ignoring this error and continuing because `CONFIG_ESP32P4_SELECTS_REV_LESS_V3` is set...

THIS MAY NOT WORK! DON'T USE THIS CHIP IN PRODUCTION!

VN

VO

PSRAM: size=33554432 initialized=1

TOUCH: probe addr=0x5d -> 0 id=911?

TOUCH: gt911 /dev/input0 -> 0

DISP: dphy ldo ch3@2.5V -> 0

DISP: dsi host init -> 0

DISP: panel attach -> 0

DISP: DCS 0xb2 failed -> -110

DISP: display_init -> -110



NuttShell (NSH)

nsh> [Kls /dev

/dev:

 console

 input0

 null

 oneshot

 random

 ttyS0

 zero

nsh> [K

nsh> [Kfree

      total       used       free    maxused    maxfree  nused  nfree name

   34015676      21980   33993696      22368   33554416     48      3 Umem

nsh> [K

nsh> [KESP-ROM:esp32p4-eco2-20240710

Build:Jul 10 2024

rst:0x1 (POWERON),boot:0xf (SPI_FAST_FLASH_BOOT)

SPI mode:DIO, clock div:1

load:0x30100000,len:0x48

load:0x30100048,len:0x3c

load:0x4ff00000,len:0x8cd8

load:0x4ff08d00,len:0x1824

SHA-256 comparison failed:

Calculated: e2d90c15182f40605e1ef785c8329a648d0ad52cd0baf9f1ba74f7da5a248609

Expected: 00000000503a0000000000000000000000000000000000000000000000000000

Attempting to boot anyway...

entry 0x4ff08258

B0

B1

B2

B3

tcm: lma 0x00002020 vma 0x30100000 len 0x48     (72)

tcm: lma 0x00002070 vma 0x30100048 len 0x3c     (60)

dram: lma 0x000020b4 vma 0x4ff00000 len 0x8cd8   (36056)

dram: lma 0x0000ad94 vma 0x4ff08d00 len 0x1824   (6180)

padd: lma 0x0000c5c8 vma 0x00000000 len 0x3a50   (14928)

imap: lma 0x00010020 vma 0x400b0020 len 0x13c00  (80896)

padd: lma 0x00023c28 vma 0x00000000 len 0xc3d0   (50128)

imap: lma 0x00030000 vma 0x40000000 len 0xa8328  (688936)

total segments stored 8

V0

V3

V4

pmu_pvt(warn): blk_version is less than 2, pvt auto dbias init not supported in efuse.pmu_pvt(dbg): blk_version is less than 2, pvt function not supported in efuse.V5

V6

V7

VB

RC0

RC1

RP0

RPC

RPP ret=0
!*UY55
WARNING: NuttX supports ESP32-P4 chip revision > v3.0 (chip revision is v1.0).

Ignoring this error and continuing because `CONFIG_ESP32P4_SELECTS_REV_LESS_V3` is set...

THIS MAY NOT WORK! DON'T USE THIS CHIP IN PRODUCTION!

VN

VO

PSRAM: size=33554432 initialized=1

TOUCH: probe addr=0x5d -> 0 id=911?

TOUCH: gt911 /dev/input0 -> 0

DISP: dphy ldo ch3@2.5V -> 0

DISP: dsi host init -> 0

DISP: panel attach -> 0

DISP: DCS 0xb2 failed -> -110

DISP: display_init -> -110



NuttShell (NSH)

nsh> [KESP-ROM:esp32p4-eco2-20240710

Build:Jul 10 2024

rst:0x1 (POWERON),boot:0xf (SPI_FAST_FLASH_BOOT)

SPI mode:DIO, clock div:1

load:0x30100000,len:0x48

load:0x30100048,len:0x3c

load:0x4ff00000,len:0x8cd8

load:0x4ff08d00,len:0x1824

SHA-256 comparison failed:

Calculated: e2d90c15182f40605e1ef785c8329a648d0ad52cd0baf9f1ba74f7da5a248609

Expected: 00000000503a0000000000000000000000000000000000000000000000000000

Attempting to boot anyway...

entry 0x4ff08258

B0

B1

B2

B3

tcm: lma 0x00002020 vma 0x30100000 len 0x48     (72)

tcm: lma 0x00002070 vma 0x30100048 len 0x3c     (60)

dram: lma 0x000020b4 vma 0x4ff00000 len 0x8cd8   (36056)

dram: lma 0x0000ad94 vma 0x4ff08d00 len 0x1824   (6180)

padd: lma 0x0000c5c8 vma 0x00000000 len 0x3a50   (14928)

imap: lma 0x00010020 vma 0x400b0020 len 0x13c00  (80896)

padd: lma 0x00023c28 vma 0x00000000 len 0xc3d0   (50128)

imap: lma 0x00030000 vma 0x40000000 len 0xa8328  (688936)

total segments stored 8

V0

V3

V4

pmu_pvt(warn): blk_version is less than 2, pvt auto dbias init not supported in efuse.pmu_pvt(dbg): blk_version is less than 2, pvt function not supported in efuse.V5

V6

V7

VB

RC0

RC1

RP0

RPC

RPP ret=0
!*UY55
WARNING: NuttX supports ESP32-P4 chip revision > v3.0 (chip revision is v1.0).

Ignoring this error and continuing because `CONFIG_ESP32P4_SELECTS_REV_LESS_V3` is set...

THIS MAY NOT WORK! DON'T USE THIS CHIP IN PRODUCTION!

VN

VO

PSRAM: size=33554432 initialized=1

TOUCH: probe addr=0x5d -> 0 id=911?

TOUCH: gt911 /dev/input0 -> 0

DISP: dphy ldo ch3@2.5V -> 0

DISP: dsi host init -> 0

DISP: panel attach -> 0

DISP: DCS 0xb2 failed -> -110

DISP: display_init -> -110



NuttShell (NSH)

nsh> [K
