vma 0x40000000 len 0xa525c  (676444)

total segments stored 8

pmu_pvt(warn): blk_version is less than 2, pvt auto dbias init not supported in efuse.pmu_pvt(dbg): blk_version is less than 2, pvt function not supported in efuse.WARNING: NuttX supports ESP32-P4 chip revision > v3.0 (chip revision is v1.0).

Ignoring this error and continuing because `CONFIG_ESP32P4_SELECTS_REV_LESS_V3` is set...

THIS MAY NOT WORK! DON'T USE THIS CHIP IN PRODUCTION!

GT911 registered as /dev/input0



NuttShell (NSH)

nsh> [Kuname -a

NuttX 0.0.0 0 Aug 26 2026 20:49:45 risc-v esp32p4-function-ev-board

nsh> [K

nsh> [Kps

  TID   PID  PPID PRI POLICY   TYPE    NPX STATE    EVENT     SIGMASK            STACK COMMAND

    0     0     0   0 FIFO     Kthread   - Ready              0000000000000000 0002016 Idle_Task

    2     2     0 100 RR       Task      - Waiting  Signal    0000000000000000 0032704 desktop_main

    3     3     0 100 RR       Task      - Running            0000000000000000 0004040 nsh

nsh> [K

nsh> [Kls /dev

/dev:

 console

 fb0

 input0

 null

 random

 ttyS0

 zero

nsh> [K

nsh> [Kfree

      total       used       free    maxused    maxfree  nused  nfree name

     483268       3724     479544       5312     262128     51      3 Kmem

   33554428    2539964   31014464    2542040   31014000    694      3 Umem

nsh> [K

nsh> [K
