DISP: 5s frames=146 dma=00000010 bridge=00000000 host=00000000/00000000 vid=00000001 phy=00001529 -> 0

DISP: dma amount=153599 live=0 fifo=0/0 common=00000000 lli=00000000 src=48000040 block=153600 ctl=001e1b41/c00f87c0 -> 0

DISP: /dev/fb0 register -> 0

DISP: backlight already on

DISP: display_init -> 0

TOUCH: probe addr=0x5d -> 0 id=911?

TOUCH: gt911 /dev/input0 -> 0

DESKTOP: task -> 3



NuttShell (NSH)

nsh> [KDESKTOP: color bars hold for 3s

ls /dev

/dev:

 console

 fb0

 input0

 null

 oneshot

 random

 ttyS0

 zero

nsh> [K

nsh> [Kfree

      total       used       free    maxused    maxfree  nused  nfree name

   34015676    1285076   32730600    1285464   32325560     62      3 Umem

nsh> [K

nsh> [KDESKTOP: touch ready

DESKTOP: ui ready

TOUCH: pressed x=674 y=56

TOUCH: pressed x=675 y=31

TOUCH: pressed x=678 y=34

TOUCH: pressed x=685 y=53

TOUCH: pressed x=686 y=54

TOUCH: pressed x=687 y=55

TOUCH: pressed x=688 y=56

TOUCH: pressed x=690 y=57

TOUCH: pressed x=693 y=59

TOUCH: pressed x=697 y=64

TOUCH: pressed x=698 y=67

TOUCH: pressed x=699 y=68

TOUCH: pressed x=699 y=72

TOUCH: pressed x=699 y=73

TOUCH: pressed x=698 y=80

TOUCH: pressed x=667 y=135

TOUCH: pressed x=669 y=134

TOUCH: pressed x=681 y=104

TOUCH: pressed x=685 y=84

TOUCH: pressed x=689 y=69

TOUCH: pressed x=696 y=45

TOUCH: pressed x=697 y=36

TOUCH: pressed x=699 y=19

TOUCH: pressed x=699 y=17

TOUCH: pressed x=700 y=16

TOUCH: pressed x=700 y=15

TOUCH: pressed x=701 y=14

TOUCH: pressed x=682 y=70

TOUCH: pressed x=675 y=116

TOUCH: pressed x=673 y=129

TOUCH: pressed x=669 y=146

TOUCH: pressed x=668 y=148

TOUCH: pressed x=667 y=150

TOUCH: pressed x=687 y=71

TOUCH: pressed x=688 y=71

TOUCH: pressed x=693 y=61

TOUCH: pressed x=693 y=57

TOUCH: pressed x=693 y=55

TOUCH: pressed x=692 y=54

TOUCH: pressed x=669 y=143

TOUCH: pressed x=669 y=144

TOUCH: pressed x=680 y=152

TOUCH: pressed x=688 y=155

TOUCH: pressed x=693 y=159

TOUCH: pressed x=698 y=167

TOUCH: pressed x=700 y=170

TOUCH: pressed x=705 y=177

TOUCH: pressed x=706 y=180

TOUCH: pressed x=707 y=183

TOUCH: pressed x=709 y=187

TOUCH: pressed x=710 y=189

TOUCH: pressed x=710 y=188

TOUCH: pressed x=711 y=190

TOUCH: pressed x=714 y=196

TOUCH: pressed x=715 y=199

TOUCH: pressed x=718 y=208

TOUCH: pressed x=718 y=212

TOUCH: pressed x=719 y=216

TOUCH: pressed x=721 y=224

TOUCH: pressed x=721 y=228

TOUCH: pressed x=722 y=230

TOUCH: pressed x=723 y=233

TOUCH: pressed x=723 y=237

TOUCH: pressed x=722 y=238

TOUCH: pressed x=722 y=239

TOUCH: pressed x=721 y=240

TOUCH: pressed x=721 y=241

TOUCH: pressed x=720 y=242

TOUCH: pressed x=715 y=242

TOUCH: pressed x=670 y=128

TOUCH: pressed x=672 y=128

TOUCH: pressed x=683 y=116

TOUCH: pressed x=686 y=108

TOUCH: pressed x=688 y=101

TOUCH: pressed x=691 y=92

TOUCH: pressed x=693 y=87

TOUCH: pressed x=696 y=79

TOUCH: pressed x=698 y=78

TOUCH: pressed x=674 y=169

TOUCH: pressed x=667 y=228

TOUCH: pressed x=671 y=259

TOUCH: pressed x=668 y=224

TOUCH: pressed x=662 y=240

TOUCH: pressed x=654 y=217

TOUCH: pressed x=649 y=172

TOUCH: pressed x=645 y=134

TOUCH: pressed x=642 y=132

TOUCH: pressed x=633 y=135

TOUCH: pressed x=640 y=122

TOUCH: pressed x=633 y=96

TOUCH: pressed x=614 y=100

TOUCH: pressed x=612 y=175

ESP-ROM:esp32p4-eco2-20240710

Build:Jul 10 2024

rst:0x1 (POWERON),boot:0xf (SPI_FAST_FLASH_BOOT)

SPI mode:DIO, clock div:1

load:0x30100000,len:0x48

load:0x30100048,len:0x3c

load:0x4ff00000,len:0x8cd8

load:0x4ff08d00,len:0x1824

SHA-256 comparison failed:

Calculated: e2d90c15182f40605e1ef785c8329a648d0ad52cd0baf9f1ba74f7da5a248609

Expected: 00000000503a0000000000000000000000000000000000000000000000000000

Attempting to boot anyway...

entry 0x4ff08258

B0

B1

B2

B3

tcm: lma 0x00002020 vma 0x30100000 len 0x48     (72)

tcm: lma 0x00002070 vma 0x30100048 len 0x3c     (60)

dram: lma 0x000020b4 vma 0x4ff00000 len 0x8cd8   (36056)

dram: lma 0x0000ad94 vma 0x4ff08d00 len 0x1824   (6180)

padd: lma 0x0000c5c8 vma 0x00000000 len 0x3a50   (14928)

imap: lma 0x00010020 vma 0x400b0020 len 0x13c00  (80896)

padd: lma 0x00023c28 vma 0x00000000 len 0xc3d0   (50128)

imap: lma 0x00030000 vma 0x40000000 len 0xa8328  (688936)

total segments stored 8

V0

V3

V4

pmu_pvt(warn): blk_version is less than 2, pvt auto dbias init not supported in efuse.pmu_pvt(dbg): blk_version is less than 2, pvt function not supported in efuse.V5

V6

V7

VB

RC0

RC1

RP0

RPC

RPP ret=0
!*UY55
WARNING: NuttX supports ESP32-P4 chip revision > v3.0 (chip revision is v1.0).

Ignoring this error and continuing because `CONFIG_ESP32P4_SELECTS_REV_LESS_V3` is set...

THIS MAY NOT WORK! DON'T USE THIS CHIP IN PRODUCTION!

VN

VO

PSRAM: size=33554432 initialized=1

DISP: dphy ldo ch3@2.5V -> 0

DISP: dsi host init -> 0

DISP: panel attach -> 0

DISP: panel B2 read -> 1 value=10

DISP: panel power mode -> 1 value=00

DISP: panel init done

DISP: dpi config -> 0

DISP: RGB565 framebuffer @0x48000040 size=1228800

DISP: fb bind -> 0

DISP: fb flush -> 0

DISP: video start -> 0

DISP: backlight on after video start

DISP: 250ms frames=7 dma=00000010 bridge=00000000 lane=900.00Mbps dpi=24.00/24.00MHz -> 0

DISP: host int0=00000000 int1=00000000 vid=00010005 phy=000015bd color=00000000

DISP: brg words=153600 fifo=00000358 pix=00000002 h=1024/1354/10/160 v=600/636/1/23 -> 0

DISP: host cfg pkt=1024 h=47/750/6347 v=1/23/12/600

DISP: 5s frames=146 dma=00000010 bridge=00000000 host=00000000/00000000 vid=00000001 phy=00001529 -> 0

DISP: dma amount=153599 live=0 fifo=0/0 common=00000000 lli=00000000 src=48000040 block=153600 ctl=001e1b41/c00f87c0 -> 0

DISP: /dev/fb0 register -> 0

DISP: backlight already on

DISP: display_init -> 0

TOUCH: probe addr=0x14 -> 0 id=911?

TOUCH: gt911 /dev/input0 -> 0

DESKTOP: task -> 3



NuttShell (NSH)

nsh> [KDESKTOP: color bars hold for 3s

DESKTOP: touch ready

DESKTOP: ui ready

