TOUCH: pressed x=489 y=125

TOUCH: pressed x=476 y=198

TOUCH: pressed x=595 y=146

TOUCH: pressed x=664 y=138

TOUCH: pressed x=703 y=132

TOUCH: pressed x=697 y=178

TOUCH: pressed x=693 y=172

TOUCH: pressed x=692 y=172

TOUCH: pressed x=692 y=168

TOUCH: pressed x=600 y=205

TOUCH: pressed x=590 y=205

TOUCH: pressed x=476 y=204

TOUCH: pressed x=454 y=202

TOUCH: pressed x=392 y=188

TOUCH: pressed x=373 y=182

TOUCH: pressed x=299 y=158

TOUCH: pressed x=265 y=142

TOUCH: pressed x=254 y=137

TOUCH: pressed x=231 y=158

TOUCH: pressed x=208 y=155

TOUCH: pressed x=191 y=163

TOUCH: pressed x=177 y=172

TOUCH: pressed x=163 y=188

TOUCH: pressed x=417 y=428

TOUCHTEST: down x=419 y=431

TOUCHTEST: up x=419 y=431

TOUCHTEST: down x=426 y=435

TOUCHTEST: up x=426 y=435

TOUCHTEST: down x=432 y=437

TOUCHTEST: up x=432 y=437

TOUCHTEST: down x=436 y=437

TOUCHTEST: up x=436 y=437

TOUCHTEST: down x=437 y=438

TOUCHTEST: up x=437 y=438

TOUCHTEST: down x=438 y=438

TOUCHTEST: up x=438 y=438

TOUCHTEST: down x=437 y=438

TOUCHTEST: up x=437 y=438

TOUCHTEST: down x=438 y=438

TOUCHTEST: up x=438 y=438

TOUCHTEST: down x=437 y=440

TOUCHTEST: up x=437 y=440

TOUCHTEST: down x=439 y=441

TOUCHTEST: up x=439 y=441

TOUCHTEST: down x=440 y=441

TOUCHTEST: up x=440 y=441

TOUCHTEST: down x=441 y=442

TOUCHTEST: up x=441 y=442

TOUCHTEST: down x=442 y=442

TOUCHTEST: up x=442 y=442

TOUCHTEST: down x=443 y=442

TOUCHTEST: up x=443 y=442

TOUCHTEST: down x=445 y=443

TOUCHTEST: up x=445 y=443

TOUCHTEST: down x=446 y=443

TOUCHTEST: up x=446 y=443

TOUCHTEST: down x=447 y=443

TOUCHTEST: up x=447 y=443

TOUCHTEST: down x=448 y=444

ESP-ROM:esp32p4-eco2-20240710

Build:Jul 10 2024

rst:0x1 (POWERON),boot:0xf (SPI_FAST_FLASH_BOOT)

SPI mode:DIO, clock div:1

load:0x30100000,len:0x48

load:0x30100048,len:0x3c

load:0x4ff00000,len:0x8cd8

load:0x4ff08d00,len:0x1824

SHA-256 comparison failed:

Calculated: e2d90c15182f40605e1ef785c8329a648d0ad52cd0baf9f1ba74f7da5a248609

Expected: 00000000503a0000000000000000000000000000000000000000000000000000

Attempting to boot anyway...

entry 0x4ff08258

B0

B1

B2

B3

tcm: lma 0x00002020 vma 0x30100000 len 0x48     (72)

tcm: lma 0x00002070 vma 0x30100048 len 0x3c     (60)

dram: lma 0x000020b4 vma 0x4ff00000 len 0x8cd8   (36056)

dram: lma 0x0000ad94 vma 0x4ff08d00 len 0x1824   (6180)

padd: lma 0x0000c5c8 vma 0x00000000 len 0x3a50   (14928)

imap: lma 0x00010020 vma 0x400b0020 len 0x13c00  (80896)

padd: lma 0x00023c28 vma 0x00000000 len 0xc3d0   (50128)

imap: lma 0x00030000 vma 0x40000000 len 0xa8328  (688936)

total segments stored 8

V0

V3

V4

pmu_pvt(warn): blk_version is less than 2, pvt auto dbias init not supported in efuse.pmu_pvt(dbg): blk_version is less than 2, pvt function not supported in efuse.V5

V6

V7

VB

RC0

RC1

RP0

RPC

RPP ret=0
!*UY55
WARNING: NuttX supports ESP32-P4 chip revision > v3.0 (chip revision is v1.0).

Ignoring this error and continuing because `CONFIG_ESP32P4_SELECTS_REV_LESS_V3` is set...

THIS MAY NOT WORK! DON'T USE THIS CHIP IN PRODUCTION!

VN

VO

PSRAM: size=33554432 initialized=1

DISP: dphy ldo ch3@2.5V -> 0

DISP: dsi host init -> 0

DISP: panel attach -> 0

DISP: panel B2 read -> 1 value=10

DISP: panel power mode -> 1 value=00

DISP: panel init done

DISP: dpi config -> 0

DISP: RGB565 framebuffer @0x48000040 size=1228800

DISP: fb bind -> 0

DISP: fb flush -> 0

DISP: video start -> 0

DISP: backlight on after video start

DISP: 250ms frames=7 dma=00000010 bridge=00000000 lane=900.00Mbps dpi=24.00/24.00MHz -> 0

DISP: host int0=00000000 int1=00000000 vid=00010005 phy=000015bd color=00000000

DISP: brg words=153600 fifo=00000358 pix=00000002 h=1024/1354/10/160 v=600/636/1/23 -> 0

DISP: host cfg pkt=1024 h=47/750/6347 v=1/23/12/600

DISP: 5s frames=146 dma=00000010 bridge=00000000 host=00000000/00000000 vid=00000001 phy=00001529 -> 0

DISP: dma amount=153599 live=0 fifo=0/0 common=00000000 lli=00000000 src=48000040 block=153600 ctl=001e1b41/c00f87c0 -> 0

DISP: /dev/fb0 register -> 0

DISP: backlight already on

DISP: display_init -> 0

TOUCH: probe addr=0x5d -> 0 id=911?

TOUCH: gt911 /dev/input0 -> 0

DESKTOP: task -> 3



NuttShell (NSH)

nsh> [KDESKTOP: color bars hold for 3s

ls /dev

/dev:

 console

 fb0

 input0

 null

 oneshot

 random

 ttyS0

 zero

nsh> [K

nsh> [Kfree

      total       used       free    maxused    maxfree  nused  nfree name

   34015676    1285076   32730600    1285464   32325560     62      3 Umem

nsh> [K

nsh> [KDESKTOP: touch ready

DESKTOP: ui ready

