blk_version is less than 2, pvt auto dbias init not supported in efuse.pmu_pvt(dbg): blk_version is less than 2, pvt function not supported in efuse.V5

V6

V7

VB

RC0

RC1

RP0

RPC

RPP ret=0
!*UY55
WARNING: NuttX supports ESP32-P4 chip revision > v3.0 (chip revision is v1.0).

Ignoring this error and continuing because `CONFIG_ESP32P4_SELECTS_REV_LESS_V3` is set...

THIS MAY NOT WORK! DON'T USE THIS CHIP IN PRODUCTION!

VN

VO

PSRAM: size=33554432 initialized=1

DISP: dphy ldo ch3@2.5V -> 0

DISP: dsi host init -> 0

DISP: panel attach -> 0

DISP: panel B2 read -> 1 value=10

DISP: panel power mode -> 1 value=00

DISP: panel init done

DISP: dpi config -> 0

DISP: RGB565 framebuffer @0x48000040 size=1228800

DISP: fb bind -> 0

DISP: fb flush -> 0

DISP: video start -> 0

DISP: backlight on after video start

DISP: 250ms frames=7 dma=00000010 bridge=00000000 lane=900.00Mbps dpi=24.00/24.00MHz -> 0

DISP: host int0=00000000 int1=00000000 vid=00010005 phy=000015bd color=00000000

DISP: brg words=153600 fifo=0000034d pix=00000002 h=1024/1354/10/160 v=600/636/1/23 -> 0

DISP: host cfg pkt=1024 h=47/750/6347 v=1/23/12/600

DISP: 5s frames=146 dma=00000010 bridge=00000000 host=00000000/00000000 vid=00000001 phy=00001529 -> 0

DISP: dma amount=153599 live=0 fifo=0/0 common=00000000 lli=00000000 src=48000040 block=153600 ctl=001e1b41/c00f87c0 -> 0

DISP: /dev/fb0 register -> 0

DISP: backlight already on

DISP: display_init -> 0

TOUCH: probe addr=0x5d -> 0 id=911?

TOUCH: gt911 /dev/input0 -> 0

DESKTOP: task -> 3



NuttShell (NSH)

nsh> [KDESKTOP: color bars hold for 3s

ls /dev

/dev:

 console

 fb0

 input0

 null

 oneshot

 random

 ttyS0

 zero

nsh> [K

nsh> [KDESKTOP: touch ready

DESKTOP: ui ready

