as init not supported in efuse.pmu_pvt(dbg): blk_version is less than 2, pvt function not supported in efuse.V1: PSRAM ready

WARNING: NuttX supports ESP32-P4 chip revision > v3.0 (chip revision is v1.0).

Ignoring this error and continuing because `CONFIG_ESP32P4_SELECTS_REV_LESS_V3` is set...

THIS MAY NOT WORK! DON'T USE THIS CHIP IN PRODUCTION!



NuttShell (NSH)

nsh> [Kuname -a

NuttX 0.0.0 cd61ccdd Aug 27 2026 10:45:27 risc-v esp32p4-function-ev-board

nsh> [K

nsh> [Kps

  TID   PID  PPID PRI POLICY   TYPE    NPX STATE    EVENT     SIGMASK            STACK COMMAND

    0     0     0   0 FIFO     Kthread   - Ready              0000000000000000 0002016 Idle_Task

    2     2     0 100 RR       Task      - Waiting  Signal    0000000000000000 0032704 desktop_main

    3     3     0 100 RR       Task      - Running            0000000000000000 0004040 nsh

nsh> [K

nsh> [Kls /dev

/dev:

 console

 fb0

 input0

 null

 random

 ttyS0

 zero

nsh> [K

nsh> [K
