 efuse.pmu_pvt(dbg): blk_version is less than 2, pvt function not supported in efuse.rtc_clk(warn): invalid RTC_XTAL_FREQ_REG value, assume 40MHzrtc_clk(warn): invalid RTC_XTAL_FREQ_REG value, assume 40MHzrtc_clk(warn): invalid RTC_XTAL_FREQ_REG value, assume 40MHzrtc_clk(warn): invalid RTC_XTAL_FREQ_REG value, assume 40MHzESP-ROM:esp32p4-eco2-20240710

Build:Jul 10 2024

rst:0x10 (CHIP_LP_WDT_RESET),boot:0x10f (SPI_FAST_FLASH_BOOT)

SPI mode:DIO, clock div:1

load:0x30100000,len:0x2c

load:0x3010002c,len:0x3c

load:0x4ff00000,len:0x46ac

load:0x4ff04700,len:0x126c

SHA-256 comparison failed:

Calculated: cb812b43e067ce6a3ebc5fcd6b373d71c8db67139d179b88e4fe229ebff6703b

Expected: 0000000050860000000000000000000000000000000000000000000000000000

Attempting to boot anyway...

entry 0x4ff04364

B0

B1

B2

B3

tcm: lma 0x00002020 vma 0x30100000 len 0x2c     (44)

tcm: lma 0x00002054 vma 0x3010002c len 0x3c     (60)

dram: lma 0x00002098 vma 0x4ff00000 len 0x46ac   (18092)

dram: lma 0x0000674c vma 0x4ff04700 len 0x126c   (4716)

padd: lma 0x000079c8 vma 0x00000000 len 0x8650   (34384)

imap: lma 0x00010020 vma 0x400b0020 len 0x213b4c (2177868)

padd: lma 0x00223b74 vma 0x00000000 len 0xc484   (50308)

imap: lma 0x00230000 vma 0x40000000 len 0xa1910  (661776)

total segments stored 8

pmu_pvt(warn): blk_version is less than 2, pvt auto dbias init not supported in efuse.pmu_pvt(dbg): blk_version is less than 2, pvt function not supported in efuse.rtc_clk(warn): invalid RTC_XTAL_FREQ_REG value, assume 40MHzrtc_clk(warn): invalid RTC_XTAL_FREQ_REG value, assume 40MHzrtc_clk(warn): invalid RTC_XTAL_FREQ_REG value, assume 40MHzrtc_clk(warn): invalid RTC_XTAL_FREQ_REG value, assume 40MHzESP-ROM:esp32p4-eco2-20240710

Build:Jul 10 2024

rst:0x10 (CHIP_LP_WDT_RESET),boot:0x10f (SPI_FAST_FLASH_BOOT)

SPI mode:DIO, clock div:1

load:0x30100000,len:0x2c

load:0x3010002c,len:0x3c

load:0x4ff00000,len:0x46ac

load:0x4ff04700,len:0x126c

SHA-256 comparison failed:

Calculated: cb812b43e067ce6a3ebc5fcd6b373d71c8db67139d179b88e4fe229ebff6703b

Expected: 0000000050860000000000000000000000000000000000000000000000000000

Attempting to boot anyway...

entry 0x4ff04364

B0

B1

B2

B3

tcm: lma 0x00002020 vma 0x30100000 len 0x2c     (44)

tcm: lma 0x00002054 vma 0x3010002c len 0x3c     (60)

dram: lma 0x00002098 vma 0x4ff00000 len 0x46ac   (18092)

dram: lma 0x0000674c vma 0x4ff04700 len 0x126c   (4716)

padd: lma 0x000079c8 vma 0x00000000 len 0x8650   (34384)

imap: lma 0x00010020 vma 0x400b0020 len 0x213b4c (2177868)

padd: lma 0x00223b74 vma 0x00000000 len 0xc484   (50308)

imap: lma 0x00230000 vma 0x40000000 len 0xa1910  (661776)

total segments stored 8

pmu_pvt(warn): blk_version is less than 2, pvt auto dbias init not supported in efuse.pmu_pvt(dbg): blk_version is less than 2, pvt function not supported in efuse.rtc_clk(warn): invalid RTC_XTAL_FREQ_REG value, assume 40MHzrtc_clk(warn): invalid RTC_XTAL_FREQ_REG value, assume 40MHzrtc_clk(warn): invalid RTC_XTAL_FREQ_REG value, assume 40MHzrtc_clk(warn): invalid RTC_XTAL_FREQ_REG value, assume 40MHz
