ESP-ROM:esp32p4-eco7-20260109
Build:Jan  9 2026
rst:0x17 (CHIP_USB_UART_RESET),boot:0xc (SPI_FAST_FLASH_BOOT)
SPI mode:DIO, clock div:1
load:0x30100000,len:0x68
load:0x4ff40000,len:0xae34
load:0x4ff4ae80,len:0x41ac
entry 0x4ff4a9f4
*** Booting NuttX ***
I (23) boot: chip revision: v3.2
I (24) boot: efuse block revision: v1.2
I (24) boot.esp32p4: SPI Speed      : 80MHz
I (25) boot.esp32p4: SPI Mode       : DIO
I (27) boot.esp32p4: SPI Flash Size : 16MB
I (31) boot: Enabling RNG early entropy source...
tcm: lma 0x00002020 vma 0x30100000 len 0x68     (104)
dram: lma 0x00002090 vma 0x4ff40000 len 0xae34   (44596)
dram: lma 0x0000cecc vma 0x4ff4ae80 len 0x41ac   (16812)
padd: lma 0x000110a8 vma 0x00000000 len 0xef70   (61296)
imap: lma 0x00020020 vma 0x40120020 len 0x288028 (2654248)
padd: lma 0x002a8050 vma 0x00000000 len 0x7fa8   (32680)
imap: lma 0x002b0000 vma 0x40000000 len 0x111790 (1120144)
total segments stored 7
I (76) hex_psram: vendor id    : 0x0d (AP)
I (77) hex_psram: Latency      : 0x01 (Fixed)
I (81) hex_psram: DriveStr.    : 0x00 (25 Ohm)
I (85) hex_psram: dev id       : 0x03 (generation 4)
I (90) hex_psram: density      : 0x07 (256 Mbit)
I (94) hex_psram: good-die     : 0x06 (Pass)
I (98) hex_psram: SRF          : 0x02 (Slow Refresh)
I (103) hex_psram: BurstType    : 0x00 ( Wrap)
I (107) hex_psram: BurstLen     : 0x03 (2048 Byte)
I (111) hex_psram: BitMode      : 0x01 (X16 Mode)
I (116) hex_psram: Readlatency  : 0x04 (14 cycles@Fixed)
I (121) hex_psram: DriveStrength: 0x00 (1/1)
I (125) MSPI Timing: Enter psram timing tuning
I (290) esp_psram: Found 32MB PSRAM device
I (290) esp_psram: Speed: 200MHz
I (302) hex_psram: psram CS IO is dedicated
ABCDV1: soc startup begin
I (304) cpu_start: Pro cpu start user code
I (304) cpu_start: cpu freq: 400000000 Hz
I (304) esp_psram: Adding pool of 32768K of PSRAM memory to heap allocator
W (311) spi_flash: Detected GigaDevice flash chip but using generic driver. For optimal functionality, enable `SPI_FLASH_SUPPORT_GD_CHIP` in menuconfig
I (324) spi_flash: detected chip: generic
I (328) spi_flash: flash io: dio
V1: soc startup end
[01[eai
NuttShell (NSH)
nsh> [K
nsh> [K