desktop ui current
desktop: ui current ready
nsh> 
desktop ui audit
UI_LAYOUT_BEGIN
[{"id":1,"parent":0,"type":"container","x":188,"y":8,"w":818,"h":482,"scroll":false,"text":""},
{"id":2,"parent":1,"type":"label","x":212,"y":28,"w":420,"h":39,"scroll":true,"text":"搜索音乐"},
{"id":3,"parent":1,"type":"button","x":778,"y":26,"w":84,"h":44,"scroll":false,"text":""},
{"id":4,"parent":3,"type":"label","x":784,"y":37,"w":72,"h":22,"scroll":true,"text":"取消"},
{"id":5,"parent":1,"type":"button","x":876,"y":26,"w":102,"h":44,"scroll":false,"text":""},
{"id":6,"parent":5,"type":"label","x":882,"y":37,"w":90,"h":22,"scroll":true,"text":"搜索"},
{"id":7,"parent":1,"type":"label","x":212,"y":80,"w":756,"h":22,"scroll":true,"text":"连续输入拼音，按词频选词 · 空格确认 · 中 / EN 切换"},
{"id":8,"parent":1,"type":"input","x":212,"y":116,"w":766,"h":50,"scroll":true,"text":"歌名、歌手，如：晴天"},
{"id":9,"parent":1,"type":"keyboard","x":204,"y":234,"w":782,"h":240,"scroll":true,"text":""},
{"id":10,"parent":1,"type":"container","x":204,"y":186,"w":782,"h":44,"scroll":false,"text":""},
{"id":11,"parent":10,"type":"button","x":206,"y":188,"w":44,"h":40,"scroll":false,"text":""},
{"id":12,"parent":11,"type":"label","x":208,"y":194,"w":40,"h":28,"scroll":true,"text":"中"},
{"id":13,"parent":10,"type":"label","x":256,"y":198,"w":140,"h":28,"scroll":true,"text":"qingtian"},
{"id":14,"parent":10,"type":"button","x":404,"y":188,"w":99,"h":40,"scroll":false,"text":""},
{"id":15,"parent":14,"type":"label","x":406,"y":194,"w":95,"h":28,"scroll":true,"text":"晴天"},
{"id":16,"parent":10,"type":"button","x":505,"y":188,"w":99,"h":40,"scroll":false,"text":""},
{"id":17,"parent":16,"type":"label","x":507,"y":194,"w":95,"h":28,"scroll":true,"text":"青天"},
{"id":18,"parent":10,"type":"button","x":606,"y":188,"w":99,"h":40,"scroll":false,"text":""},
{"id":19,"parent":18,"type":"label","x":608,"y":194,"w":95,"h":28,"scroll":true,"text":"请"},
{"id":20,"parent":10,"type":"button","x":707,"y":188,"w":99,"h":40,"scroll":false,"text":""},
{"id":21,"parent":20,"type":"label","x":709,"y":194,"w":95,"h":28,"scroll":true,"text":"清"},
{"id":22,"parent":10,"type":"button","x":808,"y":188,"w":99,"h":40,"scroll":false,"text":""},
{"id":23,"parent":22,"type":"label","x":810,"y":194,"w":95,"h":28,"scroll":true,"text":"情"},
{"id":24,"parent":10,"type":"button","x":912,"y":188,"w":34,"h":40,"scroll":false,"text":""},
{"id":25,"parent":24,"type":"label","x":914,"y":195,"w":30,"h":27,"scroll":true,"text":""},
{"id":26,"parent":10,"type":"button","x":948,"y":188,"w":34,"h":40,"scroll":false,"text":""},
{"id":27,"parent":26,"type":"label","x":950,"y":195,"w":30,"h":27,"scroll":true,"text":""}
]
UI_LAYOUT_END
nsh> 