
[CASE console]

nsh> [K
[CASE version]
uname -a
NuttX  0.0.0 dd92bcf4-dirty Sep 14 2026 14:15:29 risc-v esp32p4-function-ev-board
nsh> [K
[CASE mount]
mount
  /data type smartfs
  /proc type procfs
  /tmp type tmpfs
nsh> [K
[CASE space_before]
df -h
  Filesystem      Size      Used  Available Mounted on
  smartfs           4M       26K      4070K /data
  procfs            0B        0B         0B /proc
  tmpfs           512B      512B         0B /tmp
nsh> [K
[CASE legacy_before]
ls -l /data/qpk/.data
/data/qpk/.data:
 drwsrwsrwx           0 com.example.weather/
 drwsrwsrwx           0 com.example.game2048/
 drwsrwsrwx           0 com.elpatrixf.ouo/
 drwsrwsrwx           0 com.example.hello/
 -rwSrwSrw-           2 6f756f_emotion.txt
nsh> [K
[CASE storage_selftest]
desktop storage-test
desktop: storage selftest FAIL (ret=-36, 3 namespaces, overwrite/read/delete)
nsh> 
[CASE selftest_exit]
[Kecho $?
1
nsh> [K
[CASE test_directory_cleanup]
ls -a /data/qpk
nsh: ls: argument invalid
nsh> [K
[CASE legacy_after]
ls -l /data/qpk/.data
/data/qpk/.data:
 drwsrwsrwx           0 com.example.weather/
 drwsrwsrwx           0 com.example.game2048/
 drwsrwsrwx           0 com.elpatrixf.ouo/
 drwsrwsrwx           0 com.example.hello/
 -rwSrwSrw-           2 6f756f_emotion.txt
nsh> [K
[CASE space_after]
df -h
  Filesystem      Size      Used  Available Mounted on
  smartfs           4M       29K      4067K /data
  procfs            0B        0B         0B /proc
  tmpfs           512B      512B         0B /tmp
nsh> [K
[CASE tasks_after_storage]
ps
  PID GROUP CPU(AFFINITY)   PRI POLICY   TYPE    NPX STATE    EVENT     SIGMASK            STACK    CPU COMMAND
    0     0 000(0x00000003)   0 FIFO     Kthread   - Assigned           0000000000000000 0002016 38.5% CPU0 IDLE
    1     0 001(0x00000003)   0 FIFO     Kthread   - Running            0000000000000000 0002016 51.2% CPU1 IDLE
    2     0 ---(0x00000003) 224 RR       Kthread   - Waiting  Semaphore 0000000000000000 0001968  0.0% hpwork 0x4ff4b240 0x4ff4b28c
    3     0 ---(0x00000003) 100 RR       Kthread   - Waiting  Semaphore 0000000000000000 0001968  0.0% lpwork 0x4ff4b1c0 0x4ff4b20c
    5     5 ---(0x00000003) 100 RR       Task      - Waiting  Signal    0000000000000000 0032712  9.5% desktop
    6     6 000(0x00000003) 100 RR       Task      - Running            0000000000000000 0004048  1.0% nsh
nsh> 
[CASE c6_transport]
[Kc6probe
c6: reset C6 on GPIO54
c6: SDIO enumerated, Function 1 ready, 4-bit/20MHz
c6: ESP-Hosted data path open
c6probe: C6 chip_id=13 capability=0d rx_q=20 tx_q=0
c6probe: C6 supports WLAN over SDIO
c6probe: C6 supports BT (HCI) over SDIO
c6probe: C6 is BLE-only (no BR/EDR)
c6probe: OK ESP-Hosted transport is up
nsh> 
[CASE saved_wifi_connect]
[Kc6probe net
rpc: WifiInit tx pb=50 tlv=62
rpc: WifiInit pb bytes: 08 01 10 96 02 18 01 b2 11 28 0a 26 08 0a 10 20 18 01 28 20 40 01 48 01 58 01 68 06 78 f0 05 80 01 20 98 01 07 a0 01 cf fe bc f9 01 a8 01 01 b0 01 05
rpc: WifiInit resp=0
rpc: SetMode tx pb=12 tlv=24
rpc: SetMode pb bytes: 08 01 10 84 02 18 02 a2 10 02 08 01
rpc: SetMode(1) resp=0
rpc: WifiStart tx pb=10 tlv=22
rpc: WifiStart pb bytes: 08 01 10 98 02 18 03 c2 11 00
rpc: WifiStart resp=0
rpc: GetMacAddress tx pb=10 tlv=22
rpc: GetMacAddress pb bytes: 08 01 10 81 02 18 04 8a 10 00
rpc: EVENT msg_id=773
rpc: EVENT msg_id=773
rpc: skipping SetConfig, using slave's stored config
rpc: WifiConnect tx pb=10 tlv=22
rpc: WifiConnect pb bytes: 08 01 10 9a 02 18 05 d2 11 00
rpc: WifiConnect resp=0
c6probe: network init ret=0
nsh> 
[CASE association_observation]
[Ksleep 10
rpc: EVENT msg_id=773
rpc: EVENT msg_id=775
rpc: EVENT StaConnected
nsh> 
[CASE dhcp]
[Kc6probe dhcp eth0
c6probe: DHCP ret=0
nsh> 
[CASE assigned_address]
[Kifconfig
eth0	Link encap:Ethernet HWaddr 10:bd:a3:89:58:74 at RUNNING mtu 1500
	inet addr:192.168.0.105 DRaddr:192.168.0.1 Mask:255.255.255.0

nsh> [K
[CASE tasks_after_network]
ps
  PID GROUP CPU(AFFINITY)   PRI POLICY   TYPE    NPX STATE    EVENT     SIGMASK            STACK    CPU COMMAND
    0     0 000(0x00000003)   0 FIFO     Kthread   - Assigned           0000000000000000 0002016 19.3% CPU0 IDLE
    1     0 001(0x00000003)   0 FIFO     Kthread   - Running            0000000000000000 0002016 50.0% CPU1 IDLE
    2     0 ---(0x00000003) 224 RR       Kthread   - Waiting  Semaphore 0000000000000000 0001968  0.0% hpwork 0x4ff4b240 0x4ff4b28c
    3     0 ---(0x00000003) 100 RR       Kthread   - Waiting  Semaphore 0000000000000000 0001968  0.0% lpwork 0x4ff4b1c0 0x4ff4b20c
    5     5 ---(0x00000003) 100 RR       Task      - Waiting  Signal    0000000000000000 0032712 10.0% desktop
    6     6 000(0x00000003) 100 RR       Task      - Running            0000000000000000 0004048  0.7% nsh
   10    10 ---(0x00000003) 100 RR       Task      - Waiting  Signal    0000000000000000 0004048 19.8% c6net
nsh> 