desktop ui music
desktop: ui music ready
nsh> 
desktop ui audit
UI_LAYOUT_BEGIN
[{"id":1,"parent":0,"type":"container","x":40,"y":44,"w":944,"h":512,"scroll":false,"text":""},
{"id":2,"parent":1,"type":"label","x":65,"y":63,"w":824,"h":39,"scroll":true,"text":"音乐空间"},
{"id":3,"parent":1,"type":"button","x":909,"y":59,"w":54,"h":42,"scroll":false,"text":""},
{"id":4,"parent":3,"type":"label","x":928,"y":67,"w":17,"h":27,"scroll":true,"text":""},
{"id":5,"parent":1,"type":"image","x":63,"y":175,"w":176,"h":175,"scroll":true,"text":""},
{"id":6,"parent":1,"type":"image","x":169,"y":240,"w":176,"h":175,"scroll":true,"text":""},
{"id":7,"parent":1,"type":"image","x":275,"y":175,"w":176,"h":175,"scroll":true,"text":""},
{"id":8,"parent":1,"type":"label","x":457,"y":161,"w":465,"h":39,"scroll":true,"text":"音乐空间"},
{"id":9,"parent":1,"type":"label","x":457,"y":217,"w":460,"h":28,"scroll":true,"text":"当前没有连接的媒体源"},
{"id":10,"parent":1,"type":"label","x":457,"y":267,"w":455,"h":44,"scroll":true,"text":"此版本尚无音频播放接口。\u000a连接可用的媒体服务后才能播放。"},
{"id":11,"parent":1,"type":"button","x":457,"y":381,"w":240,"h":48,"scroll":false,"text":""},
{"id":12,"parent":11,"type":"label","x":469,"y":394,"w":216,"h":22,"scroll":true,"text":"尚未连接"}
]
UI_LAYOUT_END
nsh> 