
[CASE console]

nsh> [K
[CASE transport]
c6probe
c6: reset C6 on GPIO54
c6: SDIO enumerated, Function 1 ready, 4-bit/20MHz
c6: ESP-Hosted data path open
c6probe: C6 chip_id=13 capability=0d rx_q=20 tx_q=0
c6probe: C6 supports WLAN over SDIO
c6probe: C6 supports BT (HCI) over SDIO
c6probe: C6 is BLE-only (no BR/EDR)
c6probe: OK ESP-Hosted transport is up
nsh> 
[CASE open_ble]
[Kdesktop ui bluetooth
rpc: WifiInit tx pb=50 tlv=62
rpc: WifiInit pb bytes: 08 01 10 96 02 18 01 b2 11 28 0a 26 08 0a 10 20 18 01 28 20 40 01 48 01 58 01 68 06 78 f0 05 80 01 20 98 01 07 a0 01 cf fe bc f9 01 a8 01 01 b0 01 05
desktop: ui bluetooth ready
nsh> 
[CASE startup_wait]
[Ksleep 4
rpc: WifiInit resp=0
rpc: SetMode tx pb=12 tlv=24
rpc: SetMode pb bytes: 08 01 10 84 02 18 02 a2 10 02 08 01
rpc: SetMode(1) resp=0
rpc: WifiStart tx pb=10 tlv=22
rpc: WifiStart pb bytes: 08 01 10 98 02 18 03 c2 11 00
rpc: WifiStart resp=0
rpc: GetMacAddress tx pb=10 tlv=22
rpc: GetMacAddress pb bytes: 08 01 10 81 02 18 04 8a 10 00
rpc: EVENT msg_id=773
rpc: EVENT msg_id=773
nsh> 
[CASE ble_ready_layout]
[Kdesktop ui audit
UI_LAYOUT_BEGIN
[{"id":1,"parent":0,"type":"container","x":40,"y":44,"w":944,"h":512,"scroll":false,"text":""},
{"id":2,"parent":1,"type":"label","x":65,"y":63,"w":824,"h":39,"scroll":true,"text":"蓝牙"},
{"id":3,"parent":1,"type":"button","x":909,"y":59,"w":54,"h":42,"scroll":false,"text":""},
{"id":4,"parent":3,"type":"label","x":928,"y":67,"w":17,"h":27,"scroll":true,"text":""},
{"id":5,"parent":1,"type":"label","x":65,"y":121,"w":450,"h":28,"scroll":true,"text":"就绪 · 0 个设备"},
{"id":6,"parent":1,"type":"button","x":521,"y":105,"w":110,"h":48,"scroll":false,"text":""},
{"id":7,"parent":6,"type":"label","x":533,"y":118,"w":86,"h":22,"scroll":true,"text":"扫描"},
{"id":8,"parent":1,"type":"button","x":651,"y":105,"w":110,"h":48,"scroll":false,"text":""},
{"id":9,"parent":8,"type":"label","x":663,"y":118,"w":86,"h":22,"scroll":true,"text":"停止"},
{"id":10,"parent":1,"type":"button","x":781,"y":105,"w":110,"h":48,"scroll":false,"text":""},
{"id":11,"parent":10,"type":"label","x":793,"y":118,"w":86,"h":22,"scroll":true,"text":"断开"},
{"id":12,"parent":1,"type":"container","x":61,"y":165,"w":850,"h":330,"scroll":true,"text":""}
]
UI_LAYOUT_END
nsh> 
[CASE interfaces_after_ble]
[Kifconfig
eth0	Link encap:Ethernet HWaddr 10:bd:a3:89:58:74 at UP mtu 1500
	inet addr:0.0.0.0 DRaddr:0.0.0.0 Mask:0.0.0.0

bnep0	Link encap:UNSPEC at RUNNING mtu -9
	inet addr:0.0.0.0 DRaddr:0.0.0.0 Mask:0.0.0.0

nsh> [K
[CASE start_scan]
desktop ui ble-scan
desktop: ui ble-scan ready
nsh> 
[CASE scan_wait]
[Ksleep 11
nsh> 
[CASE scan_layout]
[Kdesktop ui audit
UI_LAYOUT_BEGIN
[{"id":1,"parent":0,"type":"container","x":40,"y":44,"w":944,"h":512,"scroll":false,"text":""},
{"id":2,"parent":1,"type":"label","x":65,"y":63,"w":824,"h":39,"scroll":true,"text":"蓝牙"},
{"id":3,"parent":1,"type":"button","x":909,"y":59,"w":54,"h":42,"scroll":false,"text":""},
{"id":4,"parent":3,"type":"label","x":928,"y":67,"w":17,"h":27,"scroll":true,"text":""},
{"id":5,"parent":1,"type":"label","x":65,"y":121,"w":450,"h":28,"scroll":true,"text":"扫描中 · 12 个设备"},
{"id":6,"parent":1,"type":"button","x":521,"y":105,"w":110,"h":48,"scroll":false,"text":""},
{"id":7,"parent":6,"type":"label","x":533,"y":118,"w":86,"h":22,"scroll":true,"text":"扫描"},
{"id":8,"parent":1,"type":"button","x":651,"y":105,"w":110,"h":48,"scroll":false,"text":""},
{"id":9,"parent":8,"type":"label","x":663,"y":118,"w":86,"h":22,"scroll":true,"text":"停止"},
{"id":10,"parent":1,"type":"button","x":781,"y":105,"w":110,"h":48,"scroll":false,"text":""},
{"id":11,"parent":10,"type":"label","x":793,"y":118,"w":86,"h":22,"scroll":true,"text":"断开"},
{"id":12,"parent":1,"type":"container","x":61,"y":165,"w":850,"h":330,"scroll":true,"text":""},
{"id":13,"parent":12,"type":"button","x":65,"y":165,"w":800,"h":48,"scroll":false,"text":""},
{"id":14,"parent":13,"type":"label","x":77,"y":178,"w":776,"h":22,"scroll":true,"text":"3A:73:16:18:04:3C  -75 dBm"},
{"id":15,"parent":12,"type":"button","x":65,"y":217,"w":800,"h":48,"scroll":false,"text":""},
{"id":16,"parent":15,"type":"label","x":77,"y":230,"w":776,"h":22,"scroll":true,"text":"09:A0:52:A7:9E:8D  -82 dBm"},
{"id":17,"parent":12,"type":"button","x":65,"y":269,"w":800,"h":48,"scroll":false,"text":""},
{"id":18,"parent":17,"type":"label","x":77,"y":282,"w":776,"h":22,"scroll":true,"text":"4F:84:95:60:A8:86  -88 dBm"},
{"id":19,"parent":12,"type":"button","x":65,"y":321,"w":800,"h":48,"scroll":false,"text":""},
{"id":20,"parent":19,"type":"label","x":77,"y":334,"w":776,"h":22,"scroll":true,"text":"16:5F:D0:F1:CD:F3  -66 dBm"},
{"id":21,"parent":12,"type":"button","x":65,"y":373,"w":800,"h":48,"scroll":false,"text":""},
{"id":22,"parent":21,"type":"label","x":77,"y":386,"w":776,"h":22,"scroll":true,"text":"1E:C0:8F:51:49:C7  -82 dBm"},
{"id":23,"parent":12,"type":"button","x":65,"y":425,"w":800,"h":48,"scroll":false,"text":""},
{"id":24,"parent":23,"type":"label","x":77,"y":438,"w":776,"h":22,"scroll":true,"text":"67:D1:83:30:DB:0B  -90 dBm"},
{"id":25,"parent":12,"type":"button","x":65,"y":477,"w":800,"h":48,"scroll":false,"text":""},
{id":26,"parent":25,"type":"label","x":77,"y":490,"w":776,"h":22,"scroll":true,"text":"B4:E7:B0:D2:65:FE  -91 dBm"}
]
UI_LAYOUT_END
nsh> 
[CASE network_after_scan]
[Kifconfig
eth0	Link encap:Ethernet HWaddr 10:bd:a3:89:58:74 at UP mtu 1500
	inet addr:0.0.0.0 DRaddr:0.0.0.0 Mask:0.0.0.0

bnep0	Link encap:UNSPEC at RUNNING mtu -9
	inet addr:0.0.0.0 DRaddr:0.0.0.0 Mask:0.0.0.0

nsh> [K
[CASE tasks]
ps
  PID GROUP CPU(AFFINITY)   PRI POLICY   TYPE    NPX STATE    EVENT     SIGMASK            STACK    CPU COMMAND
    0     0 000(0x00000003)   0 FIFO     Kthread   - Assigned           0000000000000000 0002016 11.2% CPU0 IDLE
    1     0 001(0x00000003)   0 FIFO     Kthread   - Running            0000000000000000 0002016 49.0% CPU1 IDLE
    2     0 ---(0x00000003) 224 RR       Kthread   - Waiting  Semaphore 0000000000000000 0001968  0.0% hpwork 0x4ff4b240 0x4ff4b28c
    3     0 ---(0x00000003) 100 RR       Kthread   - Waiting  Semaphore 0000000000000000 0001968  0.0% lpwork 0x4ff4b1c0 0x4ff4b20c
    5     5 ---(0x00000003) 100 RR       Task      - Waiting  Signal    0000000000000000 0032712 25.6% desktop
    6     6 000(0x00000003) 100 RR       Task      - Running            0000000000000000 0004048  0.4% nsh
    9     5 ---(0x00000003) 100 RR       pthread   - Waiting  MQ empty  0000000000000000 0032736  0.0% desktop 0x4003e2a2 0
   10    10 ---(0x00000003) 100 RR       Task      - Waiting  Signal    0000000000000000 0004048  9.0% c6net
   11     0 ---(0x00000003) 100 RR       Kthread   - Waiting  MQ empty  0000000000000000 0001984  0.0% BT_HCI_Tx
   12     5 ---(0x00000003) 100 RR       pthread   - Waiting  Signal    0000000000000000 0008160  4.4% desktop 0x400c5592 0x4839f618
   13     5 ---(0x00000003) 100 RR       pthread   - Waiting  Semaphore 0000000000000000 0008152  0.0% ble_npl_callout 0x400b3774 0
   14     5 ---(0x00000003) 100 RR       pthread   - Waiting  Semaphore 0000000000000000 0032728  0.0% desktop 0x4003df88 0
nsh> 