
[CASE console]

nsh> [K
[CASE transport]
c6probe
c6: reset C6 on GPIO54
c6: SDIO enumerated, Function 1 ready, 4-bit/20MHz
c6: ESP-Hosted data path open
c6probe: C6 chip_id=13 capability=0d rx_q=20 tx_q=0
c6probe: C6 supports WLAN over SDIO
c6probe: C6 supports BT (HCI) over SDIO
c6probe: C6 is BLE-only (no BR/EDR)
c6probe: OK ESP-Hosted transport is up
nsh> 
[CASE open_ble]
[Kdesktop ui bluetooth
rpc: WifiInit tx pb=50 tlv=62
rpc: WifiInit pb bytes: 08 01 10 96 02 18 01 b2 11 28 0a 26 08 0a 10 20 18 01 28 20 40 01 48 01 58 01 68 06 78 f0 05 80 01 20 98desktop: ui bluetooth ready
 01 07 a0 01 cf fe bc f9 01 a8 01 01 b0 01 05
nsh> 
[CASE startup_wait]
[Ksleep 3
rpc: WifiInit resp=0
rpc: SetMode tx pb=12 tlv=24
rpc: SetMode pb bytes: 08 01 10 84 02 18 02 a2 10 02 08 01
rpc: SetMode(1) resp=0
rpc: WifiStart tx pb=10 tlv=22
rpc: WifiStart pb bytes: 08 01 10 98 02 18 03 c2 11 00
rpc: WifiStart resp=0
rpc: GetMacAddress tx pb=10 tlv=22
rpc: GetMacAddress pb bytes: 08 01 10 81 02 18 04 8a 10 00
rpc: EVENT msg_id=773
rpc: EVENT msg_id=773
nsh> 
[CASE ble_ready_layout]
[Kdesktop ui audit
UI_LAYOUT_BEGIN
[{"id":1,"parent":0,"type":"container","x":40,"y":44,"w":944,"h":512,"scroll":false,"text":""},
{"id":2,"parent":1,"type":"label","x":65,"y":63,"w":824,"h":39,"scroll":true,"text":"蓝牙"},
{"id":3,"parent":1,"type":"button","x":909,"y":59,"w":54,"h":42,"scroll":false,"text":""},
{"id":4,"parent":3,"type":"label","x":928,"y":67,"w":17,"h":27,"scroll":true,"text":""},
{"id":5,"parent":1,"type":"label","x":65,"y":121,"w":450,"h":28,"scroll":true,"text":"蓝牙错误 (19)"},
{"id":6,"parent":1,"type":"button","x":521,"y":105,"w":110,"h":48,"scroll":false,"text":""},
{"id":7,"parent":6,"type":"label","x":533,"y":118,"w":86,"h":22,"scroll":true,"text":"扫描"},
{"id":8,"parent":1,"type":"button","x":651,"y":105,"w":110,"h":48,"scroll":false,"text":""},
{"id":9,"parent":8,"type":"label","x":663,"y":118,"w":86,"h":22,"scroll":true,"text":"停止"},
{"id":10,"parent":1,"type":"button","x":781,"y":105,"w":110,"h":48,"scroll":false,"text":""},
{"id":11,"parent":10,"type":"label","x":793,"y":118,"w":86,"h":22,"scroll":true,"text":"断开"},
{"id":12,"parent":1,"type":"container","x":61,"y":165,"w":850,"h":330,"scroll":true,"text":""}
]
UI_LAYOUT_END
nsh> 
[CASE interfaces_after_ble]
[Kifconfig
nsh: ifconfig: Could not open /proc/net/eth0 (is procfs mounted?)
nsh: ifconfig: open failed: Out of memory
nsh: ifconfig: Could not open /proc/net/bnep0 (is procfs mounted?)
nsh: ifconfig: open failed: Out of memory
nsh> [K
[CASE start_scan]
desktop ui ble-scan
desktop: ui ble-scan ready
nsh> 
[CASE scan_wait]
[Ksleep 11
nsh> 
[CASE scan_layout]
[Kdesktop ui audit
UI_LAYOUT_BEGIN
[{"id":1,"parent":0,"type":"container","x":40,"y":44,"w":944,"h":512,"scroll":false,"text":""},
{"id":2,"parent":1,"type":"label","x":65,"y":63,"w":824,"h":39,"scroll":true,"text":"蓝牙"},
{"id":3,"parent":1,"type":"button","x":909,"y":59,"w":54,"h":42,"scroll":false,"text":""},
{"id":4,"parent":3,"type":"label","x":928,"y":67,"w":17,"h":27,"scroll":true,"text":""},
{"id":5,"parent":1,"type":"label","x":65,"y":121,"w":450,"h":28,"scroll":true,"text":"蓝牙错误 (19)"},
{"id":6,"parent":1,"type":"button","x":521,"y":105,"w":110,"h":48,"scroll":false,"text":""},
{"id":7,"parent":6,"type":"label","x":533,"y":118,"w":86,"h":22,"scroll":true,"text":"扫描"},
{"id":8,"parent":1,"type":"button","x":651,"y":105,"w":110,"h":48,"scroll":false,"text":""},
{"id":9,"parent":8,"type":"label","x":663,"y":118,"w":86,"h":22,"scroll":true,"text":"停止"},
{"id":10,"parent":1,"type":"button","x":781,"y":105,"w":110,"h":48,"scroll":false,"text":""},
{"id":11,"parent":10,"type":"label","x":793,"y":118,"w":86,"h":22,"scroll":true,"text":"断开"},
{"id":12,"parent":1,"type":"container","x":61,"y":165,"w":850,"h":330,"scroll":true,"text":""}
]
UI_LAYOUT_END
nsh> 
[CASE network_after_scan]
[Kifconfig
nsh: ifconfig: Could not open /proc/net/eth0 (is procfs mounted?)
nsh: ifconfig: open failed: Out of memory
nsh: ifconfig: Could not open /proc/net/bnep0 (is procfs mounted?)
nsh: ifconfig: open failed: Out of memory
nsh> [K
[CASE tasks]
ps
  PID GROUP CPU(AFFINITY)   PRI POLICY   TYPE    NPX STATE    EVENT     SIGMASK            STACK    CPU COMMAND
    0     0 000(0x00000003)   0 FIFO     Kthread   - Assigned           0000000000000000 0002016 19.3% CPU0 IDLE
    1     0 001(0x00000003)   0 FIFO     Kthread   - Running            0000000000000000 0002016 50.3% CPU1 IDLE
    2     0 ---(0x00000003) 224 RR       Kthread   - Waiting  Semaphore 0000000000000000 0001968  0.0% hpwork 0x4ff4b240 0x4ff4b28c
    3     0 ---(0x00000003) 100 RR       Kthread   - Waiting  Semaphore 0000000000000000 0001968  0.0% lpwork 0x4ff4b1c0 0x4ff4b20c
    5     5 ---(0x00000003) 100 RR       Task      - Waiting  Signal    0000000000000000 0032712 10.5% desktop
    6     6 000(0x00000003) 100 RR       Task      - Running            0000000000000000 0004048  0.2% nsh
    9     5 ---(0x00000003) 100 RR       pthread   - Waiting  Semaphore 0000000000000000 0032736  0.0% desktop 0x4003e2a2 0
   10    10 ---(0x00000003) 100 RR       Task      - Waiting  Signal    0000000000000000 0004048 14.5% c6net
   11     0 ---(0x00000003) 100 RR       Kthread   - Waiting  MQ empty  0000000000000000 0001976  0.0% BT_HCI_Tx
   12     5 ---(0x00000003) 100 RR       pthread   - Waiting  Signal    0000000000000000 0008160  4.9% desktop 0x400c559a 0x4839f610
   13     5 ---(0x00000003) 100 RR       pthread   - Waiting  Semaphore 0000000000000000 0008152  0.0% ble_npl_callout 0x400b3774 0
   14     5 ---(0x00000003) 100 RR       pthread   - Waiting  Semaphore 0000000000000000 0032728  0.0% desktop 0x4003df88 0
nsh> 