
[CASE console]

nsh> [K
[CASE enter_test_root]
cd /data/qpk/.storage-check-39
nsh> [K
[CASE remove_hello_leaf]
rmdir @2pcom.example.hello/klaunches
nsh> [K
[CASE remove_hello]
rmdir @2pcom.example.hello
nsh> [K
[CASE remove_game_leaf]
rmdir @2pcom.example.game2048/kbest
nsh> [K
[CASE remove_game]
rmdir @2pcom.example.game2048
nsh> [K
[CASE enter_long_package]
cd @2ppppppppppppppppppppppppppppp
nsh> [K
[CASE enter_package_tail]
cd pppppppppppppppppppp
nsh> [K
[CASE enter_key_first]
cd kkkkkkkkkkkkkkkkkkkkkkkkkkkkkkk
nsh> [K
[CASE enter_key_second]
cd kkkkkkkkkkkkkkkkkkkkkkkkkkkkkkk
nsh> [K
[CASE enter_key_tail]
cd kkkkk
nsh> [K
[CASE remove_test_tmp]
rm value.tmp
nsh> [K
[CASE remove_test_value]
rm value
nsh> [K
[CASE leave_key_tail]
cd ..
nsh> [K
[CASE remove_key_tail]
rmdir kkkkk
nsh> [K
[CASE leave_key_second]
cd ..
nsh> [K
[CASE remove_key_second]
rmdir kkkkkkkkkkkkkkkkkkkkkkkkkkkkkkk
nsh> [K
[CASE leave_key_first]
cd ..
nsh> [K
[CASE remove_key_first]
rmdir kkkkkkkkkkkkkkkkkkkkkkkkkkkkkkk
nsh> [K
[CASE leave_package_tail]
cd ..
nsh> [K
[CASE remove_package_tail]
rmdir pppppppppppppppppppp
nsh> [K
[CASE leave_long_package]
cd ..
nsh> [K
[CASE remove_long_package]
rmdir @2ppppppppppppppppppppppppppppp
nsh> [K
[CASE leave_test_root]
cd /
nsh> [K
[CASE remove_test_root]
rmdir /data/qpk/.storage-check-39
nsh> [K
[CASE cleanup_check]
ls -l /data/qpk
/data/qpk:
 drwsrwsrwx           0 .data/
nsh> [K