
[CASE console]

nsh> [K
[CASE restore_light]
desktop ui light
desktop: ui light ready
nsh> 
[CASE show_bluetooth]
[Kdesktop ui bluetooth
desktop: ui bluetooth ready
nsh> 
[CASE ready_state]
[Kdesktop ui audit
UI_LAYOUT_BEGIN
[{"id":1,"parent":0,"type":"container","x":40,"y":44,"w":944,"h":512,"scroll":false,"text":""},
{"id":2,"parent":1,"type":"label","x":65,"y":63,"w":824,"h":39,"scroll":true,"text":"蓝牙"},
{"id":3,"parent":1,"type":"button","x":909,"y":59,"w":54,"h":42,"scroll":false,"text":""},
{"id":4,"parent":3,"type":"label","x":928,"y":67,"w":17,"h":27,"scroll":true,"text":""},
{"id":5,"parent":1,"type":"label","x":65,"y":121,"w":450,"h":28,"scroll":true,"text":"就绪 · 6 个设备"},
{"id":6,"parent":1,"type":"button","x":521,"y":105,"w":110,"h":48,"scroll":false,"text":""},
{"id":7,"parent":6,"type":"label","x":533,"y":118,"w":86,"h":22,"scroll":true,"text":"扫描"},
{"id":8,"parent":1,"type":"button","x":651,"y":105,"w":110,"h":48,"scroll":false,"text":""},
{"id":9,"parent":8,"type":"label","x":663,"y":118,"w":86,"h":22,"scroll":true,"text":"停止"},
{"id":10,"parent":1,"type":"button","x":781,"y":105,"w":110,"h":48,"scroll":false,"text":""},
{"id":11,"parent":10,"type":"label","x":793,"y":118,"w":86,"h":22,"scroll":true,"text":"断开"},
{"id":12,"parent":1,"type":"container","x":61,"y":165,"w":850,"h":330,"scroll":true,"text":""},
{"id":13,"parent":12,"type":"button","x":65,"y":165,"w":800,"h":48,"scroll":false,"text":""},
{"id":14,"parent":13,"type":"label","x":77,"y":178,"w":776,"h":22,"scroll":true,"text":"2E:87:B9:6A:87:1A  -86 dBm"},
{"id":15,"parent":12,"type":"button","x":65,"y":217,"w":800,"h":48,"scroll":false,"text":""},
{"id":16,"parent":15,"type":"label","x":77,"y":230,"w":776,"h":22,"scroll":true,"text":"25:34:7B:D7:EC:19  -42 dBm"},
{"id":17,"parent":12,"type":"button","x":65,"y":269,"w":800,"h":48,"scroll":false,"text":""},
{"id":18,"parent":17,"type":"label","x":77,"y":282,"w":776,"h":22,"scroll":true,"text":"3E:43:8C:96:73:13  -88 dBm"},
{"id":19,"parent":12,"type":"button","x":65,"y":321,"w":800,"h":48,"scroll":false,"text":""},
{"id":20,"parent":19,"type":"label","x":77,"y":334,"w":776,"h":22,"scroll":true,"text":"DA:51:68:4C:21:02  -87 dBm"},
{"id":21,"parent":12,"type":"button","x":65,"y":373,"w":800,"h":48,"scroll":false,"text":""},
{"id":22,"parent":21,"type":"label","x":77,"y":386,"w":776,"h":22,"scroll":true,"text":"44:FB:76:37:62:35  -73 dBm"},
{"id":23,"parent":12,"type":"button","x":65,"y":425,"w":800,"h":48,"scroll":false,"text":""},
{"id":24,"parent":23,"type":"label","x":77,"y":438,"w":776,"h":22,"scroll":true,"text":"C8:24:70:8D:A2:CC  -93 dBm"}
]
UI_LAYOUT_END
nsh> 
[CASE storage_mounted]
[Kmount
  /data type smartfs
  /proc type procfs
  /tmp type tmpfs
nsh> [K
[CASE storage_cleanup]
ls -l /data/qpk
/data/qpk:
 drwsrwsrwx           0 .data/
 drws--S---           0 .storage-check-39/
nsh> [K
[CASE network]
ifconfig
eth0	Link encap:Ethernet HWaddr 10:bd:a3:89:58:74 at UP mtu 1500
	inet addr:0.0.0.0 DRaddr:0.0.0.0 Mask:0.0.0.0

bnep0	Link encap:UNSPEC at RUNNING mtu -9
	inet addr:0.0.0.0 DRaddr:0.0.0.0 Mask:0.0.0.0

nsh> [K
[CASE tasks]
ps
  PID GROUP CPU(AFFINITY)   PRI POLICY   TYPE    NPX STATE    EVENT     SIGMASK            STACK    CPU COMMAND
    0     0 000(0x00000003)   0 FIFO     Kthread   - Assigned           0000000000000000 0002016  0.0% CPU0 IDLE
    1     0 001(0x00000003)   0 FIFO     Kthread   - Running            0000000000000000 0002016 50.5% CPU1 IDLE
    2     0 ---(0x00000003) 224 RR       Kthread   - Waiting  Semaphore 0000000000000000 0001968  0.0% hpwork 0x4ff4b240 0x4ff4b28c
    3     0 ---(0x00000003) 100 RR       Kthread   - Waiting  Semaphore 0000000000000000 0001968  0.0% lpwork 0x4ff4b1c0 0x4ff4b20c
    5     5 ---(0x00000003) 100 RR       Task      - Waiting  Signal    0000000000000000 0032712 23.3% desktop
    6     6 000(0x00000003) 100 RR       Task      - Running            0000000000000000 0004048  0.7% nsh
    9     9 ---(0x00000003) 100 RR       Task      - Waiting  Signal    0000000000000000 0004048 12.3% c6net
   12     5 ---(0x00000003) 100 RR       pthread   - Waiting  MQ empty  0000000000000000 0032728  0.0% desktop 0x4003e2a2 0
   13     0 ---(0x00000003) 100 RR       Kthread   - Waiting  MQ empty  0000000000000000 0001984  0.0% BT_HCI_Tx
   14     5 ---(0x00000003) 100 RR       pthread   - Waiting  Signal    0000000000000000 0008160 12.9% desktop 0x400c55b4 0x4839f420
   15     5 ---(0x00000003) 100 RR       pthread   - Waiting  Semaphore 0000000000000000 0008152  0.0% ble_npl_callout 0x400b3774 0
   20     5 ---(0x00000003) 100 RR       pthread   - Waiting  Semaphore 0000000000000000 0032736  0.0% desktop 0x4003df88 0
   87     5 ---(0x00000003) 100 RR       pthread   - Waiting  Semaphore 0000000000000000 0008160  0.0% desktop 0x400a1bc0 0x4ff5cfdc
nsh> 
[CASE memory]
[Kfree
      total       used       free    maxused    maxfree  nused  nfree name
   33554432    3921616   29632816    6429472   29592816   1839     25 Umem
     326600      25048     301552      25440     301112    120      3 Kmem
nsh> [K
[CASE uptime]
cat /proc/uptime
    672.11
nsh> [K