
[CASE console]

nsh> [K
[CASE memory]
free
      total       used       free    maxused    maxfree  nused  nfree name
   33554432    3933192   29621240    3967304   29620400   1603      4 Umem
     326600      24680     301920      25136     301920    116      1 Kmem
nsh> [K
[CASE uptime]
cat /proc/uptime
     96.30
nsh> [K
[CASE transport_status]
c6probe status
c6probe: C6 chip_id=13 capability=0d rx_q=20 tx_q=0
c6probe: C6 supports WLAN over SDIO
c6probe: C6 supports BT (HCI) over SDIO
c6probe: C6 is BLE-only (no BR/EDR)
c6probe: OK ESP-Hosted transport is up
nsh> [K