
[CASE console]

nsh> [K
[CASE scan_again]
desktop ui ble-scan
desktop: ui ble-scan ready
nsh> 
[CASE wait_active]
[Ksleep 2
nsh> [K
[CASE active_scan]
desktop ui audit
UI_LAYOUT_BEGIN
[{"id":1,"parent":0,"type":"container","x":40,"y":44,"w":944,"h":512,"scroll":false,"text":""},
{"id":2,"parent":1,"type":"label","x":65,"y":63,"w":824,"h":39,"scroll":true,"text":"蓝牙"},
{"id":3,"parent":1,"type":"button","x":909,"y":59,"w":54,"h":42,"scroll":false,"text":""},
{"id":4,"parent":3,"type":"label","x":928,"y":67,"w":17,"h":27,"scroll":true,"text":""},
{"id":5,"parent":1,"type":"label","x":65,"y":121,"w":450,"h":28,"scroll":true,"text":"扫描中 · 12 个设备"},
{"id":6,"parent":1,"type":"button","x":521,"y":105,"w":110,"h":48,"scroll":false,"text":""},
{"id":7,"parent":6,"type":"label","x":533,"y":118,"w":86,"h":22,"scroll":true,"text":"扫描"},
{"id":8,"parent":1,"type":"button","x":651,"y":105,"w":110,"h":48,"scroll":false,"text":""},
{"id":9,"parent":8,"type":"label","x":663,"y":118,"w":86,"h":22,"scroll":true,"text":"停止"},
{"id":10,"parent":1,"type":"button","x":781,"y":105,"w":110,"h":48,"scroll":false,"text":""},
{"id":11,"parent":10,"type":"label","x":793,"y":118,"w":86,"h":22,"scroll":true,"text":"断开"},
{"id":12,"parent":1,"type":"container","x":61,"y":165,"w":850,"h":330,"scroll":true,"text":""},
{"id":13,"parent":12,"type":"button","x":65,"y":165,"w":800,"h":48,"scroll":false,"text":""},
{"id":14,"parent":13,"type":"label","x":77,"y":178,"w":776,"h":22,"scroll":true,"text":"4F:84:95:60:A8:86  -86 dBm"},
{"id":15,"parent":12,"type":"button","x":65,"y":217,"w":800,"h":48,"scroll":false,"text":""},
{"id":16,"parent":15,"type":"label","x":77,"y":230,"w":776,"h":22,"scroll":true,"text":"64:31:BF:71:2B:D2  -87 dBm"},
{"id":17,"parent":12,"type":"button","x":65,"y":269,"w":800,"h":48,"scroll":false,"text":""},
{"id":18,"parent":17,"type":"label","x":77,"y":282,"w":776,"h":22,"scroll":true,"text":"31:D6:84:09:DB:19  -60 dBm"},
{"id":19,"parent":12,"type":"button","x":65,"y":321,"w":800,"h":48,"scroll":false,"text":""},
{"id":20,"parent":19,"type":"label","x":77,"y":334,"w":776,"h":22,"scroll":true,"text":"43:7F:84:98:22:6D  -87 dBm"},
{"id":21,"parent":12,"type":"button","x":65,"y":373,"w":800,"h":48,"scroll":false,"text":""},
{"id":22,"parent":21,"type":"label","x":77,"y":386,"w":776,"h":22,"scroll":true,"text":"52:55:B9:3A:18:3C  -87 dBm"},
{"id":23,"parent":12,"type":"button","x":65,"y":425,"w":800,"h":48,"scroll":false,"text":""},
{"id":24,"parent":23,"type":"label","x":77,"y":438,"w":776,"h":22,"scroll":true,"text":"1E:C0:8F:51:49:C7  -82 dBm"},
{"id":25,"parent":12,"type":"button","x":65,"y":477,"w":800,"h":48,"scroll":false,"text":""},
{"id":26,"parent":25,"type":"label","x":77,"y":490,"w":776,"h":22,"scroll":true,"text":"23:F4:62:05:87:16  -78 dBm"}
]
UI_LAYOUT_END
nsh> 
[CASE network_during_scan]
[Kifconfig
eth0	Link encap:Ethernet HWaddr 10:bd:a3:89:58:74 at RUNNING mtu 1500
	inet addr:192.168.0.105 DRaddr:192.168.0.1 Mask:255.255.255.0

bnep0	Link encap:UNSPEC at RUNNING mtu -9
	inet addr:0.0.0.0 DRaddr:0.0.0.0 Mask:0.0.0.0

nsh> [K
[CASE storage_during_scan]
dsktop storage-test
desktop: storage selftest PASS (ret=0, 3 namespaces, overwrite/read/delete)
nsh> 
[CASE close_scan_page]
[Kdesktop ui home
desktop: ui home ready
nsh> 
[CASE cancel_wait]
[Ksleep 1
nsh> 
[CASE reopen_page]
[Kdesktop ui bluetooth
destop: ui bluetooth ready
nsh> 
[CASE cancelled_state]
[Kdesktop ui audit
UI_LAYOUT_BEGIN
[{"id":1,"parent":0,"type":"container","x":40,"y":44,"w":944,"h":512,"scroll":false,"text":""},
{"id":2,"parent":1,"type":"label","x":65,"y":63,"w":824,"h":39,"scroll":true,"text":"蓝牙"},
{"id":3,"parent":1,"type":"button","x":909,"y":59,"w":54,"h":42,"scroll":false,"text":""},
{"id":4,"parent":3,"type":"label","x":928,"y":67,"w":17,"h":27,"scroll":true,"text":""},
{"id":5,"parent":1,"type":"label","x":65,"y":121,"w":450,"h":28,"scroll":true,"text":"就绪 · 12 个设备"},
{"id":6,"parent":1,"type":"button","x":521,"y":105,"w":110,"h":48,"scroll":false,"text":""},
{"id":7,"parent":6,"type":"label","x":533,"y":118,"w":86,"h":22,"scroll":true,"text":"扫描"},
{"id":8,"parent":1,"type":"button","x":651,"y":105,"w":110,"h":48,"scroll":false,"text":""},
{"id":9,"parent":8,"type":"label","x":663,"y":118,"w":86,"h":22,"scroll":true,"text":"停止"},
{"id":10,"parent":1,"type":"button","x":781,"y":105,"w":110,"h":48,"scroll":false,"text":""},
{"id":11,"parent":10,"type":"label","x":793,"y":118,"w":86,"h":22,"scroll":true,"text":"断开"},
{"id":12,"parent":1,"type":"container","x":61,"y":165,"w":850,"h":330,"scroll":true,"text":""},
{"id":13,"parent":12,"type":"button","x":65,"y":165,"w":800,"h":48,"scroll":false,"text":""},
{"id":14,"parent":13,"type":"label","x":77,"y":178,"w":776,"h":22,"scroll":true,"text":"4F:84:95:60:A8:86  -86 dBm"},
{"id":15,"parent":12,"type":"button","x":65,"y":217,"w":800,"h":48,"scroll":false,"text":""},
{"id":16,"parent":15,"type":"label","x":77,"y":230,"w":776,"h":22,"scroll":true,"text":"64:31:BF:71:2B:D2  -87 dBm"},
{"id":17,"parent":12,"type":"button","x":65,"y":269,"w":800,"h":48,"scroll":false,"text":""},
{"id":18,"parent":17,"type":"label","x":77,"y":282,"w":776,"h":22,"scroll":true,"text":"31:D6:84:09:DB:19  -60 dBm"},
{"id":19,"parent":12,"type":"button","x":65,"y":321,"w":800,"h":48,"scroll":false,"text":""},
{"id":20,"parent":19,"type":"label","x":77,"y":334,"w":776,"h":22,"scroll":true,"text":"43:7F:84:98:22:6D  -87 dBm"},
{"id":21,"parent":12,"type":"button","x":65,"y":373,"w":800,"h":48,"scroll":false,"text":""},
{"id":22,"parent":21,"type":"label","x":77,"y":386,"w":776,"h":22,"scroll":true,"text":"52:55:B9:3A:18:3C  -94 dBm"},
{"id":23,"parent":12,"type":"button","x":65,"y":425,"w":800,"h":48,"scroll":false,"text":""},
{"id":24,"parent":23,"type":"label","x":77,"y":438,"w":776,"h":22,"scroll":true,"text":"1E:C0:8F:51:49:C7  -82 dBm"},
{"id":25,"parent":12,"type":"button","x":65,"y":477,"w":800,"h":48,"scroll":false,"text":""},
{"id":26,"parent":25,"type":"label","x":77,"y":490,"w":776,"h":22,"scroll":true,"text":"23:F4:62:05:87:16  -78 dBm"}
]
UI_LAYOUT_END
nsh> 
[CASE scan_after_cancel]
[Kdesktop ui ble-scan
desktop: ui ble-scan ready
nsh> 
[CASE deadline_wait]
[Ksleep 11
nsh> 
[CASE repeat_scan_finished]
[Kdesktop ui audit
UI_LAYOUT_BEGIN
[{"id":1,"parent":0,"type":"container","x":40,"y":44,"w":944,"h":512,"scroll":false,"text":""},
{"id":2,"parent":1,"type":"label","x":65,"y":63,"w":824,"h":39,"scroll":true,"text":"蓝牙"},
{"id":3,"parent":1,"type":"button","x":909,"y":59,"w":54,"h":42,"scroll":false,"text":""},
{"id":4,"parent":3,"type":"label","x":928,"y":67,"w":17,"h":27,"scroll":true,"text":""},
{"id":5,"parent":1,"type":"label","x":65,"y":121,"w":450,"h":28,"scroll":true,"text":"就绪 · 12 个设备"},
{"id":6,"parent":1,"type":"button","x":521,"y":105,"w":110,"h":48,"scroll":false,"text":""},
{"id":7,"parent":6,"type":"label","x":533,"y":118,"w":86,"h":22,"scroll":true,"text":"扫描"},
{"id":8,"parent":1,"type":"button","x":651,"y":105,"w":110,"h":48,"scroll":false,"text":""},
{"id":9,"parent":8,"type":"label","x":663,"y":118,"w":86,"h":22,"scroll":true,"text":"停止"},
{"id":10,"parent":1,"type":"button","x":781,"y":105,"w":110,"h":48,"scroll":false,"text":""},
{"id":11,"parent":10,"type":"label","x":793,"y":118,"w":86,"h":22,"scroll":true,"text":"断开"},
{"id":12,"parent":1,"type":"container","x":61,"y":165,"w":850,"h":330,"scroll":true,"text":""},
{"id":13,"parent":12,"type":"button","x":65,"y":165,"w":800,"h":48,"scroll":false,"text":""},
{"id":14,"parent":13,"type":"label","x":77,"y":178,"w":776,"h":22,"scroll":true,"text":"3A:E7:52:8C:79:8D  -90 dBm"},
{"id":15,"parent":12,"type":"button","x":65,"y":217,"w":800,"h":48,"scroll":false,"text":""},
{"id":16,"parent":15,"type":"label","x":77,"y":230,"w":776,"h":22,"scroll":true,"text":"4F:84:95:60:A8:86  -90 dBm"},
{id":17,"parent":12,"type":"button","x":65,"y":269,"w":800,"h":48,"scroll":false,"text":""},
{"id":18,"parent":17,"type":"label","x":77,"y":282,"w":776,"h":22,"scroll":true,"text":"36:C2:75:56:CF:C9  -47 dBm"},
{"id":19,"parent":12,"type":"button","x":65,"y":321,"w":800,"h":48,"scroll":false,"text":""},
{"id":20,"parent":19,"type":"label","x":77,"y":334,"w":776,"h":22,"scroll":true,"text":"1E:C0:8F:51:49:C7  -89 dBm"},
{"id":21,"parent":12,"type":"button","x":65,"y":373,"w":800,"h":48,"scroll":false,"text":""},
{"id":22,"parent":21,"type":"label","x":77,"y":386,"w":776,"h":22,"scroll":true,"text":"03:49:13:AA:6E:61  -78 dBm"},
{"id":23,"parent":12,"type":"button","x":65,"y":425,"w":800,"h":48,"scroll":false,"text":""},
{"id":24,"parent":23,"type":"label","x":77,"y":438,"w":776,"h":22,"scroll":true,"text":"23:F4:62:05:87:16  -79 dBm"},
{"id":25,"parent":12,"type":"button","x":65,"y":477,"w":800,"h":48,"scroll":false,"text":""},
{"id":26,"parent":25,"type":"label","x":77,"y":490,"w":776,"h":22,"scroll":true,"text":"6B:CC:63:4D:7A:F9  -84 dBm"}
]
UI_LAYOUT_END
nsh> 
[CASE network_after_repeat]
[Kifconfig
eth0	Link encap:Ethernet HWaddr 10:bd:a3:89:58:74 at RUNNING mtu 1500
	inet addr:192.168.0.105 DRaddr:192.168.0.1 Mask:255.255.255.0

bnep0	Link encap:UNSPEC at RUNNING mtu -9
	inet addr:0.0.0.0 DRaddr:0.0.0.0 Mask:0.0.0.0

nsh> [K
[CASE free_after_repeat]
free
      total       used       free    maxused    maxfree  nused  nfree name
   33554432    3909232   29645200    3963392   29610288   1841      8 Umem
     326600      24680     301920      25264     301920    116      1 Kmem
nsh> [K