
[CASE console]

nsh> [K
[CASE mount]
mount
  /data type smartfs
  /proc type procfs
  /tmp type tmpfs
nsh> [K
[CASE storage]
desktop storage-test
desktop: storage selftest PASS (ret=0, 3 namespaces, overwrite/read/delete)
nsh> 
[CASE tasks]
[Kps
  PID GROUP CPU(AFFINITY)   PRI POLICY   TYPE    NPX STATE    EVENT     SIGMASK            STACK    CPU COMMAND
    0     0 000(0x00000003)   0 FIFO     Kthread   - Assigned           0000000000000000 0002016 37.6% CPU0 IDLE
    1     0 001(0x00000003)   0 FIFO     Kthread   - Running            0000000000000000 0002016 52.5% CPU1 IDLE
    2     0 ---(0x00000003) 224 RR       Kthread   - Waiting  Semaphore 0000000000000000 0001968  0.0% hpwork 0x4ff4b240 0x4ff4b28c
    3     0 ---(0x00000003) 100 RR       Kthread   - Waiting  Semaphore 0000000000000000 0001968  0.0% lpwork 0x4ff4b1c0 0x4ff4b20c
    5     5 ---(0x00000003) 100 RR       Task      - Waiting  Signal    0000000000000000 0032712  9.6% desktop
    6     6 000(0x00000003) 100 RR       Task      - Running            0000000000000000 0004048  0.2% nsh
nsh> 