desktop ui ha-advanced
[qpk] started Home Assistant (com.openvela.homeassistant 1.0.0) with QuickJS
desktop: ui ha-advanced ready
nsh> 
desktop ui audit
UI_LAYOUT_BEGIN
[{"id":1,"parent":0,"type":"container","x":0,"y":0,"w":1024,"h":600,"scroll":false,"text":""},
{"id":2,"parent":1,"type":"button","x":13,"y":11,"w":52,"h":42,"scroll":false,"text":""},
{"id":3,"parent":2,"type":"label","x":32,"y":19,"w":15,"h":27,"scroll":true,"text":""},
{"id":4,"parent":1,"type":"label","x":79,"y":16,"w":204,"h":39,"scroll":true,"text":"Home Assistant"},
{"id":5,"parent":1,"type":"container","x":1,"y":63,"w":1022,"h":536,"scroll":false,"text":""},
{"id":6,"parent":5,"type":"label","x":25,"y":79,"w":20,"h":28,"scroll":true,"text":"家"},
{"id":7,"parent":5,"type":"label","x":25,"y":109,"w":115,"h":22,"scroll":true,"text":"星期四  1  00:00"},
{"id":8,"parent":5,"type":"label","x":823,"y":83,"w":63,"h":22,"scroll":true,"text":"-- C  --%"},
{"id":9,"parent":5,"type":"label","x":25,"y":139,"w":814,"h":24,"scroll":true,"text":"配置地址和访问令牌"},
{"id":10,"parent":5,"type":"label","x":863,"y":139,"w":0,"h":22,"scroll":true,"text":""},
{"id":11,"parent":5,"type":"button","x":25,"y":171,"w":108,"h":44,"scroll":false,"text":""},
{"id":12,"parent":11,"type":"label","x":45,"y":179,"w":68,"h":28,"scroll":true,"text":"全部"},
{"id":13,"parent":5,"type":"button","x":25,"y":226,"w":108,"h":44,"scroll":false,"text":""},
{"id":14,"parent":13,"type":"label","x":45,"y":234,"w":68,"h":28,"scroll":true,"text":"摄像头"},
{"id":15,"parent":5,"type":"button","x":25,"y":281,"w":108,"h":44,"scroll":false,"text":""},
{"id":16,"parent":15,"type":"label","x":45,"y":289,"w":68,"h":28,"scroll":true,"text":"灯光"},
{"id":17,"parent":5,"type":"button","x":25,"y":336,"w":108,"h":44,"scroll":false,"text":""},
{"id":18,"parent":17,"type":"label","x":45,"y":344,"w":68,"h":28,"scroll":true,"text":"空调"},
{"id":19,"parent":5,"type":"button","x":25,"y":391,"w":108,"h":44,"scroll":false,"text":""},
{"id":20,"parent":19,"type":"label","x":45,"y":399,"w":68,"h":28,"scroll":true,"text":"传感器"},
{"id":21,"parent":5,"type":"button","x":127,"y":499,"w":120,"h":36,"scroll":false,"text":""},
{"id":22,"parent":21,"type":"label","x":147,"y":503,"w":80,"h":28,"scroll":true,"text":"同步"},
{"id":23,"parent":5,"type":"button","x":257,"y":499,"w":120,"h":36,"scroll":false,"text":""},
{"id":24,"parent":23,"type":"label","x":277,"y":503,"w":80,"h":28,"scroll":true,"text":"上页"},
{"id":25,"parent":5,"type":"button","x":387,"y":499,"w":120,"h":36,"scroll":false,"text":""},
{"id":26,"parent":25,"type":"label","x":407,"y":503,"w":80,"h":28,"scroll":true,"text":"下页"},
{"id":27,"parent":5,"type":"button","x":647,"y":547,"w":120,"h":36,"scroll":false,"text":""},
{"id":28,"parent":27,"type":"label","x":667,"y":551,"w":80,"h":28,"scroll":true,"text":"返回设备"},
{"id":29,"parent":5,"type":"button","x":257,"y":547,"w":120,"h":36,"scroll":false,"text":""},
{"id":30,"parent":29,"type":"label","x":277,"y":551,"w":80,"h":28,"scroll":true,"text":"服务名"},
{"id":31,"parent":5,"type":"button","x":387,"y":547,"w":120,"h":36,"scroll":false,"text":""},
{"id":32,"parent":31,"type":"label","x":407,"y":551,"w":80,"h":28,"scroll":true,"text":"JSON"},
{"id":33,"parent":5,"type":"button","x":517,"y":547,"w":120,"h":36,"scroll":false,"text":""},
{"id":34,"parent":33,"type":"label","x":537,"y":551,"w":80,"h":28,"scroll":true,"text":"执行"}
]
UI_LAYOUT_END
nsh> 