desktop ui wifi
desktop: ui wifi ready
nsh> 
desktop ui audit
UI_LAYOUT_BEGIN
[{"id":1,"parent":0,"type":"container","x":40,"y":44,"w":944,"h":512,"scroll":false,"text":""},
{"id":2,"parent":1,"type":"label","x":65,"y":63,"w":824,"h":39,"scroll":true,"text":"Wi-Fi"},
{"id":3,"parent":1,"type":"button","x":909,"y":59,"w":54,"h":42,"scroll":false,"text":""},
{"id":4,"parent":3,"type":"label","x":928,"y":67,"w":17,"h":27,"scroll":true,"text":""},
{"id":5,"parent":1,"type":"label","x":65,"y":113,"w":440,"h":28,"scroll":true,"text":"尚未扫描"},
{"id":6,"parent":1,"type":"button","x":781,"y":105,"w":110,"h":48,"scroll":false,"text":""},
{"id":7,"parent":6,"type":"label","x":793,"y":118,"w":86,"h":22,"scroll":true,"text":"扫描"},
{"id":8,"parent":1,"type":"button","x":521,"y":105,"w":110,"h":48,"scroll":false,"text":""},
{"id":9,"parent":8,"type":"label","x":533,"y":118,"w":86,"h":22,"scroll":true,"text":"断开"},
{"id":10,"parent":1,"type":"button","x":651,"y":105,"w":110,"h":48,"scroll":false,"text":""},
{"id":11,"parent":10,"type":"label","x":663,"y":118,"w":86,"h":22,"scroll":true,"text":"状态"},
{"id":12,"parent":1,"type":"container","x":65,"y":165,"w":344,"h":356,"scroll":true,"text":""},
{"id":13,"parent":12,"type":"label","x":81,"y":185,"w":310,"h":22,"scroll":true,"text":"点击扫描查找附近网络"},
{"id":14,"parent":1,"type":"input","x":431,"y":165,"w":488,"h":50,"scroll":true,"text":"网络名称（SSID）"},
{"id":15,"parent":1,"type":"input","x":431,"y":227,"w":344,"h":50,"scroll":true,"text":"密码"},
{"id":16,"parent":1,"type":"button","x":791,"y":227,"w":128,"h":48,"scroll":false,"text":""},
{"id":17,"parent":16,"type":"label","x":803,"y":240,"w":104,"h":22,"scroll":true,"text":"连接"},
{"id":18,"parent":1,"type":"keyboard","x":431,"y":293,"w":488,"h":228,"scroll":true,"text":""}
]
UI_LAYOUT_END
nsh> 