Open On-Chip Debugger v0.12.0-esp32-20250707 (2025-07-06-17:44)
Licensed under GNU GPL v2
For bug reports, read
	http://openocd.org/doc/doxygen/bugs.html
Info : esp_usb_jtag: VID set to 0x303a and PID to 0x1001
Info : esp_usb_jtag: capabilities descriptor set to 0x2000
DEPRECATED! use 'gdb memory_map', not 'gdb_memory_map'
DEPRECATED! use 'gdb flash_program', not 'gdb_flash_program'
Info : esp_usb_jtag: serial (E8:F6:0A:E3:A9:5F)
Info : esp_usb_jtag: Device found. Base speed 24000KHz, div range 1 to 255
Info : clock speed 6000 kHz
Info : JTAG tap: esp32p4.tap0 tap/device found: 0x00012c25 (mfg: 0x612 (Espressif Systems), part: 0x0012, ver: 0x0)
Info : JTAG tap: esp32p4.tap1 tap/device found: 0x00012c25 (mfg: 0x612 (Espressif Systems), part: 0x0012, ver: 0x0)
Info : [esp32p4.hp.cpu0] datacount=1 progbufsize=2
Info : [esp32p4.hp.cpu0] Core 0 made part of halt group 1.
Info : [esp32p4.hp.cpu0] Examined RISC-V core; found 2 harts
Info : [esp32p4.hp.cpu0]  XLEN=32, misa=0x40903127
Info : [esp32p4.hp.cpu0] Examination succeed
Info : [esp32p4.hp.cpu1] datacount=1 progbufsize=2
Info : [esp32p4.hp.cpu1] Core 1 made part of halt group 1.
Info : [esp32p4.hp.cpu1] Examined RISC-V core; found 2 harts
Info : [esp32p4.hp.cpu1]  XLEN=32, misa=0x40903127
Info : [esp32p4.hp.cpu1] Examination succeed
Info : [esp32p4.hp.cpu0] starting gdb server on 3333
Info : Listening on port 3333 for gdb connections
Info : Listening on port 6666 for tcl connections
Info : telnet server disabled
Info : accepting 'gdb' connection on tcp/3333
Info : [esp32p4.hp.cpu0] Target halted, PC=0x400CD6FA, debug_reason=00000000
Info : [esp32p4.hp.cpu1] Target halted, PC=0x4FF42318, debug_reason=00000000
Info : [esp32p4.hp.cpu1] Halt cause (11) - (ECALL from M mode)
Warn : No symbols for FreeRTOS!
Info : New GDB Connection: 1, Target esp32p4.hp.cpu0, state: halted
Error: get register list failed
Info : Failed detecting Target Description Support, disabling
Warn : Prefer GDB command "target extended-remote :3333" instead of "target remote :3333"
Warn : RTOS FreeRTOS not detected. (GDB could not find symbol 'pxReadyTasksLists')
Info : [esp32p4.hp.cpu0] Target halted, PC=0x400CD6FA, debug_reason=00000000
Info : [esp32p4.hp.cpu1] Target halted, PC=0x4FF42318, debug_reason=00000000
Info : [esp32p4.hp.cpu1] Halt cause (11) - (ECALL from M mode)
Error: libusb_bulk_read error: LIBUSB_ERROR_PIPE
Error: esp_usb_jtag: device not found!
Error: esp_usb_jtag: failed to revive USB device!
Error: libusb_bulk_read error: LIBUSB_ERROR_IO
Error: esp_usb_jtag: device not found!
Error: esp_usb_jtag: failed to revive USB device!
Error: libusb_bulk_read error: LIBUSB_ERROR_IO
Info : esp_usb_jtag: serial (E8:F6:0A:E3:A9:5F)
Info : esp_usb_jtag: Device found. Base speed 24000KHz, div range 1 to 255
Error: missing data from bitq interface
Error: dmi_scan failed jtag scan
Warn : [esp32p4.hp.cpu0] Failed to read memory via system bus.
Error: [esp32p4.hp.cpu0] Failed DMI write at 0x10; status=1
Warn : [esp32p4.hp.cpu0] Failed to read memory via program buffer.
Warn : [esp32p4.hp.cpu0] Buggy aampostincrement! Address not incremented correctly.
Info : [esp32p4.hp.cpu0] Hart unexpectedly reset!
Info : [esp32p4.hp.cpu1] Hart unexpectedly reset!
Info : [esp32p4.hp.cpu1] Reset cause (1) - (Power on reset)
Info : [esp32p4.hp.cpu0] Reset cause (1) - (Power on reset)
Error: [esp32p4.hp.cpu0] Not halted.
Info : dropped 'gdb' connection
Info : accepting 'tcl' connection on tcp/6666
shutdown command invoked
